******************************************************************************
                  TI ARM Linker PC v16.9.1                     
******************************************************************************
>> Linked Fri Jun 09 16:46:33 2017

OUTPUT FILE NAME:   <tcpEcho_RK_TEST.out>
ENTRY POINT SYMBOL: "_c_int00"  address: 0000d2e5


MEMORY CONFIGURATION

         name            origin    length      used     unused   attr    fill
----------------------  --------  ---------  --------  --------  ----  --------
  FLASH                 00000000   00100000  00013de6  000ec21a  R  X
  SRAM                  20000000   00040000  0000ffbc  00030044  RW X


SEGMENT ALLOCATION MAP

run origin  load origin   length   init length attrs members
----------  ----------- ---------- ----------- ----- -------
00000000    00000000    00013df0   00013df0    r-x
  00000000    00000000    0000003c   0000003c    r-- .resetVecs
  00000040    00000040    000114a2   000114a2    r-x .text
  000114e4    000114e4    00002570   00002570    r-- .const
  00013a58    00013a58    00000398   00000398    r-- .cinit
20000000    20000000    00000360   00000000    rw-
  20000000    20000000    00000360   00000000    rw- .vecs
20000380    20000380    0000fc5c   00000000    rw-
  20000380    20000380    0000ec2c   00000000    rw- .bss
  2000efac    2000efac    00000830   00000000    rw- .data
  2000f7dc    2000f7dc    00000800   00000000    rw- .stack


SECTION ALLOCATION MAP

 output                                  attributes/
section   page    origin      length       input sections
--------  ----  ----------  ----------   ----------------
.text      0    00000040    000114a2     
                  00000040    00000c68     stk.aem4f : tcpin.oem4f (.text:TcpInput)
                  00000ca8    000008b8               : tcpout.oem4f (.text:TcpOutput)
                  00001560    00000430     sysbios.aem4f : BIOS.obj (.text:ti_sysbios_family_arm_m3_Hwi_excDumpRegs__I)
                  00001990    00000408     stk.aem4f : ipout.oem4f (.text:IPTxPacket)
                  00001d98    00000384               : ipin.oem4f (.text:IPRxPacket)
                  0000211c    0000034c     ti.targets.arm.rtsarm.aem4f : System.oem4f (.text:xdc_runtime_System_doPrint__I)
                  00002468    00000324     rtsv7M4_T_le_v4SPD16_eabi.lib : trgdrv.obj (.text)
                  0000278c    00000284     stk.aem4f : sock.oem4f (.text:SockSet)
                  00002a10    0000024c               : ipfrag.oem4f (.text:IPReasm)
                  00002c5c    0000023c               : icmpin.oem4f (.text:ICMPInput)
                  00002e98    00000238               : udp.oem4f (.text:UdpInput)
                  000030d0    00000204     driverlib.lib : sysctl.obj (.text:SysCtlClockFreqSet)
                  000032d4    00000204     Boot.aem4f : Boot_sysctl.oem4f (.text:ti_catalog_arm_cortexm4_tiva_ce_Boot_sysCtlClockFreqSetI__I)
                  000034d8    000001fc     sysbios.aem4f : BIOS.obj (.text:ti_sysbios_family_arm_m3_Hwi_excHandlerMax__I)
                  000036d4    000001f4     stk.aem4f : sock.oem4f (.text:SockRecv)
                  000038c8    000001b8     drivers_tivaware.aem4f : EMACSnow.oem4f (.text:EMACSnow_NIMUInit)
                  00003a80    000001b0     stk.aem4f : lliout.oem4f (.text:LLITxIpPacket)
                  00003c30    000001ac               : lliin.oem4f (.text:LLIRxPacket)
                  00003ddc    0000019c     os.aem4f : mem.oem4f (.text:mmAlloc)
                  00003f78    00000198     stk.aem4f : igmp.oem4f (.text:IGMPInput)
                  00004110    00000190               : sock.oem4f (.text:SockNew)
                  000042a0    00000174     netctrl_min_ipv4.aem4f : netctrl.oem4f (.text:NC_NetStart)
                  00004414    00000004     stk.aem4f : bind.oem4f (.text:BindGetIF)
                  00004418    00000174     sysbios.aem4f : BIOS.obj (.text:ti_sysbios_family_arm_m3_Hwi_excBusFault__I)
                  0000458c    00000170     stk.aem4f : rtc.oem4f (.text:RTCReport)
                  000046fc    0000016a               : sb.oem4f (.text:SBRead)
                  00004866    00000002     hal_userled_stub.aem4f : llled.oem4f (.text:LED_TOGGLE)
                  00004868    00000164     sysbios.aem4f : BIOS.obj (.text:ti_sysbios_family_arm_m3_Hwi_excUsageFault__I)
                  000049cc    00000160     stk.aem4f : sock.oem4f (.text:SockConnect)
                  00004b2c    00000158     nettool_ipv4.aem4f : dhcpmain.oem4f (.text:DHCPOpen)
                  00004c84    00000150     drivers_tivaware.aem4f : GPIOTiva.oem4f (.text:GPIO_setConfig)
                  00004dd4    00000004     stk.aem4f : bind.oem4f (.text:BindGetNext)
                  00004dd8    00000150     sysbios.aem4f : BIOS.obj (.text:ti_sysbios_knl_Task_Instance_finalize__E)
                  00004f28    00000148                   : BIOS.obj (.text:ti_sysbios_family_arm_m3_Hwi_excMemFault__I)
                  00005070    00000144     stk.aem4f : bind.oem4f (.text:BindNew)
                  000051b4    00000140               : tcp.oem4f (.text:TcpTimeoutCheck)
                  000052f4    0000013c     nettool_ipv4.aem4f : config.oem4f (.text:CfgAddEntry)
                  00005430    0000013c     stk.aem4f : sockint.oem4f (.text:SockNotify)
                  0000556c    0000013c               : sock.oem4f (.text:SockSend)
                  000056a8    00000138     tcpEcho.obj (.text:tcpWorker)
                  000057e0    00000138     sysbios.aem4f : BIOS.obj (.text:ti_sysbios_knl_Semaphore_pend__E)
                  00005918    00000134     stk.aem4f : icmp.oem4f (.text:ICMPGenPacket)
                  00005a4c    00000130     driverlib.lib : gpio.obj (.text:GPIOPadConfigSet)
                  00005b7c    0000012c     EK_TM4C1294XL.obj (.text:EK_TM4C1294XL_initEMAC)
                  00005ca8    00000124     stk.aem4f : sockpcb.oem4f (.text:SockPcbResolve)
                  00005dcc    00000124               : udp.oem4f (.text:UdpOutput)
                  00005ef0    00000124     tcpEcho_pem4f.oem4f (.text:ti_ndk_config_Global_stackThread)
                  00006014    00000118     stk.aem4f : tcpout.oem4f (.text:TcpGenPacket)
                  0000612c    00000118     tcpEcho.obj (.text:main)
                  00006244    00000118     ti.targets.arm.rtsarm.aem4f : Error.oem4f (.text:xdc_runtime_Error_policyDefault__E)
                  0000635c    00000114     stk.aem4f : nimu.oem4f (.text:NIMUIoctl)
                  00006470    00000110               : node.oem4f (.text:NodeTreeFree)
                  00006580    00000110               : raw.oem4f (.text:RawInput)
                  00006690    0000010c               : rtable.oem4f (.text:RtFind)
                  0000679c    0000010a               : route.oem4f (.text:RtCreate)
                  000068a6    00000002               : nat.oem4f (.text:NatMsg)
                  000068a8    00000108     drivers_tivaware.aem4f : EMACSnow.oem4f (.text:EMACSnow_emacStart)
                  000069b0    00000108     tcpEcho.obj (.text:tcpHandler)
                  00006ab8    00000108     sysbios.aem4f : BIOS.obj (.text:ti_sysbios_family_arm_lm4_Timer_start__E)
                  00006bc0    00000104     os.aem4f : task.oem4f (.text:llEnter)
                  00006cc4    00000102     nettool_ipv4.aem4f : dhcppkt.oem4f (.text:dhcpPacketProcess)
                  00006dc6    00000102                        : inetaddr.oem4f (.text:inet_aton)
                  00006ec8    00000100     stk.aem4f : igmp.oem4f (.text:IGMPSendReply)
                  00006fc8    00000100     ti.targets.arm.rtsarm.aem4f : Core-mem.oem4f (.text:xdc_runtime_Core_createObject__I)
                  000070c8    000000fc     netctrl_min_ipv4.aem4f : netctrl.oem4f (.text:NetScheduler)
                  000071c4    000000f8     stk.aem4f : pipe.oem4f (.text:PipeRecv)
                  000072bc    000000f8     ti.targets.arm.rtsarm.aem4f : Startup.oem4f (.text:xdc_runtime_Startup_startMods__I)
                  000073b4    000000f8     tcpEcho_pem4f.oem4f (.text:xdc_runtime_System_printfExtend__I)
                  000074ac    000000f4     os.aem4f : task.oem4f (.text:TaskGetEnv)
                  000075a0    000000f4     sysbios.aem4f : m3_Hwi_asm.obj (.text:ti_sysbios_family_arm_m3_Hwi_dispatch__I)
                  00007694    00000004     os.aem4f : ossys.oem4f (.text:NDK_vsprintf)
                  00007698    000000f4     sysbios.aem4f : BIOS.obj (.text:ti_sysbios_knl_Task_Instance_init__E)
                  0000778c    000000f0     stk.aem4f : lliout.oem4f (.text:LLIGenArpPacket)
                  0000787c    000000f0               : sock.oem4f (.text:SockClose)
                  0000796c    00000004               : node.oem4f (.text:NodeSetRt)
                  00007970    000000ec     sysbios.aem4f : BIOS.obj (.text:ti_sysbios_knl_Task_postInit__I)
                  00007a5c    000000e8     os.aem4f : task.oem4f (.text:TaskSetEnv)
                  00007b44    000000e0     stk.aem4f : tcptime.oem4f (.text:TcpTimeoutRexmt)
                  00007c24    000000dc               : sb.oem4f (.text:SBWrite)
                  00007d00    000000dc     nettool_ipv4.aem4f : dhcpsock.oem4f (.text:dhcpSocketOpen)
                  00007ddc    000000dc                        : dhcpsm.oem4f (.text:dhcpState)
                  00007eb8    000000d8     stk.aem4f : node.oem4f (.text:NodeAdd)
                  00007f90    000000d8               : tcpprot.oem4f (.text:TcpPrSetOption)
                  00008068    000000d4     drivers_tivaware.aem4f : EMACSnow.oem4f (.text:EMACSnow_handleRx)
                  0000813c    000000d4     stk.aem4f : sockpcb.oem4f (.text:SockPcbBind)
                  00008210    000000d1               : nimu.oem4f (.text:NIMUReceivePacket)
                  000082e1    00000001     --HOLE-- [fill = 0]
                  000082e2    00000002     os.aem4f : task.oem4f (.text:_TaskInit)
                  000082e4    000000cc     stk.aem4f : icmp.oem4f (.text:ICMPSendRtAdv)
                  000083b0    000000cc     nettool_ipv4.aem4f : dhcpbild.oem4f (.text:dhcpBuildHeader)
                  0000847c    000000cc                        : dhcpsm.oem4f (.text:dhcpIPAdd)
                  00008548    000000cc                        : dhcppkt.oem4f (.text:dhcpVerifyMessage)
                  00008614    00000004     stk.aem4f : rawethsock_prot.oem4f (.text:RawEthSockPrAttach)
                  00008618    000000cc     sysbios.aem4f : BIOS.obj (.text:ti_sysbios_heaps_HeapMem_alloc__E)
                  000086e4    000000cc     ti.targets.arm.rtsarm.aem4f : Core-smem.oem4f (.text:xdc_runtime_Core_constructObject__I)
                  000087b0    000000c8     stk.aem4f : rawethsock.oem4f (.text:RawEthSockNew)
                  00008878    000000c8     netctrl_min_ipv4.aem4f : netsrv.oem4f (.text:SPIpNet)
                  00008940    000000c8     sysbios.aem4f : BIOS.obj (.text:ti_sysbios_knl_Task_sleep__E)
                  00008a08    000000c4     drivers_tivaware.aem4f : EMACSnow.oem4f (.text:EMACSnow_InitDMADescriptors)
                  00008acc    000000c4     stk.aem4f : igmp.oem4f (.text:IGMPJoinHostGroup)
                  00008b90    000000c4     nettool_ipv4.aem4f : dhcpsm.oem4f (.text:StateBound)
                  00008c54    000000bc     stk.aem4f : sockpcb.oem4f (.text:SockPcbFind)
                  00008d10    000000bc               : vlan.oem4f (.text:VLANDeinit)
                  00008dcc    00000004               : rawethsock_prot.oem4f (.text:RawEthSockPrDetach)
                  00008dd0    000000bc     sysbios.aem4f : BIOS.obj (.text:ti_sysbios_family_arm_m3_Hwi_excDebugMon__I)
                  00008e8c    00000004     os.aem4f : semaphore.oem4f (.text:SemPend)
                  00008e90    000000bc     sysbios.aem4f : BIOS.obj (.text:ti_sysbios_family_arm_m3_Hwi_excHardFault__I)
                  00008f4c    000000b8     EK_TM4C1294XL.obj (.text:EK_TM4C1294XL_initGeneral)
                  00009004    000000b8     stk.aem4f : icmpin.oem4f (.text:ICMPRevSrcRoute)
                  000090bc    000000b8               : lli.oem4f (.text:_LLITimeoutCheck)
                  00009174    00000004     os.aem4f : semaphore.oem4f (.text:SemPost)
                  00009178    000000b8     sysbios.aem4f : BIOS.obj (.text:ti_sysbios_knl_Task_exit__E)
                  00009230    000000b4     stk.aem4f : tcptime.oem4f (.text:TcpTimeoutKeep)
                  000092e4    00000004     os.aem4f : semaphore.oem4f (.text:SemReset)
                  000092e8    000000b4     sysbios.aem4f : BIOS.obj (.text:ti_sysbios_knl_Task_checkStacks__E)
                  0000939c    000000b0     stk.aem4f : rawethsock.oem4f (.text:RawEthSockSet)
                  0000944c    000000ac               : rtable.oem4f (.text:RtTimeoutCheck)
                  000094f8    000000ac     tcpEcho_pem4f.oem4f (.text:ti_ndk_config_ip_init)
                  000095a4    00000004     os.aem4f : task.oem4f (.text:TaskSelf)
                  000095a8    000000ac     sysbios.aem4f : BIOS.obj (.text:ti_sysbios_family_arm_lm4_Timer_enableTiva__I)
                  00009654    000000a8     stk.aem4f : sockint.oem4f (.text:SockCreatePacket)
                  000096fc    00000004     os.aem4f : task.oem4f (.text:TaskSetPri)
                  00009700    000000a4     sysbios.aem4f : BIOS.obj (.text:ti_sysbios_knl_Task_setPri__E)
                  000097a4    000000a0     stk.aem4f : ip.oem4f (.text:IPGetRoute)
                  00009844    000000a0     auto_init.aem4f : auto_init.oem4f (.text)
                  000098e4    000000a0     ti.targets.arm.rtsarm.aem4f : Text.oem4f (.text:xdc_runtime_Text_putMod__E)
                  00009984    0000009e     stk.aem4f : nimu.oem4f (.text:NIMUAddEthernetHeader)
                  00009a22    0000009e     nettool_ipv4.aem4f : dhcpbild.oem4f (.text:dhcpBuildRequest)
                  00009ac0    0000009c     stk.aem4f : exec.oem4f (.text:ExecOpen)
                  00009b5c    0000009c     rtsv7M4_T_le_v4SPD16_eabi.lib : memcpy_t2.obj (.text)
                  00009bf8    0000009c     sysbios.aem4f : BIOS.obj (.text:ti_sysbios_knl_Task_schedule__I)
                  00009c94    0000009a     ti.targets.arm.rtsarm.aem4f : Text.oem4f (.text:xdc_runtime_Text_putSite__E)
                  00009d2e    00000002     os.aem4f : task.oem4f (.text:_TaskShutdown)
                  00009d30    00000098     netctrl_min_ipv4.aem4f : netctrl.oem4f (.text:NC_SystemOpen)
                  00009dc8    00000098                            : netsrv.oem4f (.text:ServiceScan)
                  00009e60    00000098     Boot.aem4f : Boot.oem4f (.text:ti_catalog_arm_cortexm4_tiva_ce_Boot_sysCtlClockFreqSet__E)
                  00009ef8    00000094     nettool_ipv4.aem4f : config.oem4f (.text:CfgRemoveEntry)
                  00009f8c    00000004     hal_ser_stub.aem4f : llserstb.oem4f (.text:_llSerialInit)
                  00009f90    00000094     sysbios.aem4f : BIOS.obj (.text:ti_sysbios_family_arm_m3_Hwi_Instance_init__E)
                  0000a024    00000004     stk.aem4f : listlib.oem4f (.text:list_get_head)
                  0000a028    00000094     sysbios.aem4f : BIOS.obj (.text:ti_sysbios_family_arm_m3_Hwi_initNVIC__E)
                  0000a0bc    00000090     nettool_ipv4.aem4f : config.oem4f (.text:CfgExecute)
                  0000a14c    00000090     stk.aem4f : igmp.oem4f (.text:IGMPMsg)
                  0000a1dc    00000090     os.aem4f : mem.oem4f (.text:mmBulkAlloc)
                  0000a26c    00000004     stk.aem4f : listlib.oem4f (.text:list_get_next)
                  0000a270    00000090     sysbios.aem4f : BIOS.obj (.text:ti_sysbios_knl_Task_Module_startup__E)
                  0000a300    00000090                   : BIOS.obj (.text:ti_sysbios_knl_Task_startCore__E)
                  0000a390    0000008c     drivers_tivaware.aem4f : GPIOTiva.oem4f (.text:GPIO_init)
                  0000a41c    0000008c     stk.aem4f : ip.oem4f (.text:IPMsg)
                  0000a4a8    0000008c     os.aem4f : mem.oem4f (.text:_mmInit)
                  0000a534    0000008c              : mem.oem4f (.text:mmInitPage)
                  0000a5c0    0000008c     sysbios.aem4f : m3_TaskSupport_asm.obj (.text:ti_sysbios_family_arm_m3_TaskSupport_buildTaskStack)
                  0000a64c    0000008a     netctrl_min_ipv4.aem4f : netsrv.oem4f (.text:SPRoute)
                  0000a6d6    00000002     hal_ser_stub.aem4f : llserstb.oem4f (.text:_llSerialServiceCheck)
                  0000a6d8    00000088     netctrl_min_ipv4.aem4f : netsrv.oem4f (.text:ServiceSpawn)
                  0000a760    00000088     stk.aem4f : sockpcb.oem4f (.text:SockPcbCtlError)
                  0000a7e8    00000086     nettool_ipv4.aem4f : dhcpsm.oem4f (.text:StateRequesting)
                  0000a86e    00000002     hal_ser_stub.aem4f : llserstb.oem4f (.text:_llSerialShutdown)
                  0000a870    00000084     nettool_ipv4.aem4f : config.oem4f (.text:CfgGetEntry)
                  0000a8f4    00000084     drivers_tivaware.aem4f : EMACSnow.oem4f (.text:EMACSnow_processPhyInterrupt)
                  0000a978    00000084     stk.aem4f : tcpprot.oem4f (.text:TcpPrAttach)
                  0000a9fc    00000084     os.aem4f : mem.oem4f (.text:mmBulkFree)
                  0000aa80    00000084              : mem.oem4f (.text:mmFree)
                  0000ab04    00000004     tcpEcho_pem4f.oem4f (.text:ti_ndk_config_Global_NetworkOpen)
                  0000ab08    00000084     sysbios.aem4f : BIOS.obj (.text:ti_sysbios_family_arm_m3_Hwi_postInit__I)
                  0000ab8c    00000082     nettool_ipv4.aem4f : dhcpsm.oem4f (.text:StateRenewRebind)
                  0000ac0e    00000002     hal_userled_stub.aem4f : llled.oem4f (.text:_llUserLedInit)
                  0000ac10    00000080     drivers_tivaware.aem4f : EMACSnow.oem4f (.text:EMACSnow_emacStop)
                  0000ac90    00000080                            : EMACSnow.oem4f (.text:EMACSnow_processPendingTx)
                  0000ad10    00000080     stk.aem4f : lli.oem4f (.text:LLINew)
                  0000ad90    00000080     netctrl_min_ipv4.aem4f : netsrv.oem4f (.text:NS_BootTask)
                  0000ae10    00000080     stk.aem4f : pbm.oem4f (.text:PBM_alloc)
                  0000ae90    00000080               : raw.oem4f (.text:RawOutput)
                  0000af10    0000007f     tcpEcho_pem4f.oem4f (.text:ti_ndk_config_Global_NetworkIPAddr)
                  0000af8f    00000001     --HOLE-- [fill = 0]
                  0000af90    0000007e     stk.aem4f : fileuser.oem4f (.text:fdClose)
                  0000b00e    00000002     hal_userled_stub.aem4f : llled.oem4f (.text:_llUserLedShutdown)
                  0000b010    0000007c     nettool_ipv4.aem4f : config.oem4f (.text:CfgGetNextEntry)
                  0000b08c    0000007c     drivers_tivaware.aem4f : EMACSnow.oem4f (.text:EMACSnow_hwiIntFxn)
                  0000b108    0000007c     stk.aem4f : igmp.oem4f (.text:IGMPDoMCast)
                  0000b184    0000007c               : igmp.oem4f (.text:IGMPJoin)
                  0000b200    0000007c               : socket.oem4f (.text:NDK_setsockopt)
                  0000b27c    0000007c               : nimu.oem4f (.text:NIMURegister)
                  0000b2f8    0000007c               : pbm.oem4f (.text:PBM_free)
                  0000b374    00000004     tcpEcho_pem4f.oem4f (.text:ti_sysbios_BIOS_RtsGateProxy_enter__E)
                  0000b378    0000007c     sysbios.aem4f : BIOS.obj (.text:ti_sysbios_heaps_HeapMem_free__E)
                  0000b3f4    0000007a     rtsv7M4_T_le_v4SPD16_eabi.lib : memset_t2.obj (.text)
                  0000b46e    00000002     hal_ser_stub.aem4f : llserstb.oem4f (.text:llSerialService)
                  0000b470    00000078     driverlib.lib : emac.obj (.text:EMACInit)
                  0000b4e8    00000078     stk.aem4f : socket.oem4f (.text:NDK_sendto)
                  0000b560    00000078               : tcptime.oem4f (.text:TcpXmitTimer)
                  0000b5d8    00000078               : fileuser.oem4f (.text:fdOpenSession)
                  0000b650    00000078     os.aem4f : task.oem4f (.text:llExit)
                  0000b6c8    00000076     stk.aem4f : pipe.oem4f (.text:PipeSend)
                  0000b73e    00000002     rtsv7M4_T_le_v4SPD16_eabi.lib : i_div0.obj (.text)
                  0000b740    00000075     stk.aem4f : tcptime.oem4f (.text:TcpTimeoutSackRexmt)
                  0000b7b5    00000001     --HOLE-- [fill = 0]
                  0000b7b6    00000002     tcpEcho_pem4f.oem4f (.text:ti_ndk_config_Global_NetworkClose)
                  0000b7b8    00000074     stk.aem4f : igmp.oem4f (.text:IGMPLeaveHostGroup)
                  0000b82c    00000074               : nimu.oem4f (.text:NIMUShutdown)
                  0000b8a0    00000074               : raweth.oem4f (.text:RawEthRxPacket)
                  0000b914    00000074               : sockpcb.oem4f (.text:SockPcbConnect)
                  0000b988    00000074     tcpEchoHooks.obj (.text:netOpenHook)
                  0000b9fc    00000072     os.aem4f : semaphore.oem4f (.text:SemCreateBinary)
                  0000ba6e    00000070     stk.aem4f : socket.oem4f (.text:NDK_send)
                  0000bade    00000002     tcpEcho_pem4f.oem4f (.text:ti_sysbios_BIOS_nullFunc__I)
                  0000bae0    00000070     stk.aem4f : rtable.oem4f (.text:RtFlush)
                  0000bb50    00000070     netctrl_min_ipv4.aem4f : netsrv.oem4f (.text:SPConfig)
                  0000bbc0    00000070     stk.aem4f : sock.oem4f (.text:SockShutdown)
                  0000bc30    00000070     nettool_ipv4.aem4f : dhcptags.oem4f (.text:dhcpDecodeType)
                  0000bca0    0000006e     stk.aem4f : socket.oem4f (.text:NDK_recv)
                  0000bd0e    00000002     tcpEcho_pem4f.oem4f (.text:xdc_runtime_Startup_reset__I)
                  0000bd10    0000006e     stk.aem4f : rtable.oem4f (.text:RtWalkNext)
                  0000bd7e    0000006e               : sockpcb.oem4f (.text:SockPcbFindRaw)
                  0000bdec    0000006d               : node.oem4f (.text:NodeNew)
                  0000be59    00000003     --HOLE-- [fill = 0]
                  0000be5c    0000006d     ti.targets.arm.rtsarm.aem4f : System.oem4f (.text:xdc_runtime_System_formatNum__I)
                  0000bec9    00000003     --HOLE-- [fill = 0]
                  0000becc    0000006c     os.aem4f : ossys.oem4f (.text:DbgPrintf)
                  0000bf38    0000006c     stk.aem4f : node.oem4f (.text:NodeTreeNew)
                  0000bfa4    0000006c               : raweth.oem4f (.text:RawEthTxPacket)
                  0000c010    0000006c               : udp.oem4f (.text:UdpChecksum)
                  0000c07c    00000004     tcpEcho_pem4f.oem4f (.text:ti_sysbios_BIOS_RtsGateProxy_leave__E)
                  0000c080    0000006c     sysbios.aem4f : BIOS.obj (.text:ti_sysbios_knl_Clock_workFunc__E)
                  0000c0ec    00000004                   : BIOS.obj (.text:ti_sysbios_family_arm_lm4_Timer_masterEnable__I)
                  0000c0f0    0000006c                   : BIOS.obj (.text:ti_sysbios_knl_Swi_restoreHwi__E)
                  0000c15c    0000006c     ti.targets.arm.rtsarm.aem4f : Error.oem4f (.text:xdc_runtime_Error_print__E)
                  0000c1c8    0000006c                                 : Memory.oem4f (.text:xdc_runtime_Memory_alloc__E)
                  0000c234    0000006a     stk.aem4f : tcpprot.oem4f (.text:TcpPrInherit)
                  0000c29e    00000068               : socket.oem4f (.text:NDK_socket)
                  0000c306    00000002     --HOLE-- [fill = 0]
                  0000c308    00000068               : pbm.oem4f (.text:PBM_open)
                  0000c370    00000068               : rtable.oem4f (.text:_RtNodeInsert)
                  0000c3d8    00000068     rtsv7M4_T_le_v4SPD16_eabi.lib : copy_decompress_lzss.obj (.text:decompress:lzss)
                  0000c440    00000068                                   : trgmsg.obj (.text)
                  0000c4a8    00000066     ti.targets.arm.rtsarm.aem4f : Core-mem.oem4f (.text:xdc_runtime_Core_deleteObject__I)
                  0000c50e    00000002     --HOLE-- [fill = 0]
                  0000c510    00000064     nettool_ipv4.aem4f : config.oem4f (.text:CfgFree)
                  0000c574    00000064     drivers_tivaware.aem4f : GPIOTiva.oem4f (.text:GPIO_hwiIntFxn)
                  0000c5d8    00000064     stk.aem4f : pbm.oem4f (.text:PBMQ_enq)
                  0000c63c    00000064               : sockint.oem4f (.text:SockSpawnAbort)
                  0000c6a0    00000064     hal_timer_bios.aem4f : lltimer.oem4f (.text:llTimerTick)
                  0000c704    00000004     tcpEcho_pem4f.oem4f (.text:ti_sysbios_family_arm_m3_Hwi_delete)
                  0000c708    00000064     sysbios.aem4f : BIOS.obj (.text:ti_sysbios_family_arm_lm4_Timer_Module_startup__E)
                  0000c76c    00000064     tcpEcho_pem4f.oem4f (.text:ti_sysbios_family_arm_m3_Hwi_create)
                  0000c7d0    00000064     sysbios.aem4f : BIOS.obj (.text:ti_sysbios_family_arm_m3_Hwi_dispatchC__I)
                  0000c834    00000004     tcpEcho_pem4f.oem4f (.text:ti_sysbios_family_arm_m3_TaskSupport_Module__startupDone__S)
                  0000c838    00000064     sysbios.aem4f : BIOS.obj (.text:ti_sysbios_knl_Semaphore_post__E)
                  0000c89c    00000064     stk.aem4f : lliin.oem4f (.text:updateRtTable)
                  0000c900    00000062               : ipin.oem4f (.text:IPRouteIP)
                  0000c962    00000002     --HOLE-- [fill = 0]
                  0000c964    00000062               : sb.oem4f (.text:SBNew)
                  0000c9c6    00000002     --HOLE-- [fill = 0]
                  0000c9c8    00000060     nettool_ipv4.aem4f : config.oem4f (.text:CfgGetEntryCnt)
                  0000ca28    00000060     stk.aem4f : file.oem4f (.text:FdWaitEvent)
                  0000ca88    00000060               : nimu.oem4f (.text:NIMUUnregister)
                  0000cae8    00000060               : node.oem4f (.text:NodeFind)
                  0000cb48    00000060               : rtc.oem4f (.text:RTCMsg)
                  0000cba8    00000060               : tcp.oem4f (.text:TcpChecksum)
                  0000cc08    00000060     nettool_ipv4.aem4f : dhcptags.oem4f (.text:dhcpBuildOptions)
                  0000cc68    0000005e     stk.aem4f : route.oem4f (.text:RtRemove)
                  0000ccc6    0000005e     nettool_ipv4.aem4f : dhcpsm.oem4f (.text:StateSelecting)
                  0000cd24    0000005e     stk.aem4f : vlan.oem4f (.text:VLANReceivePacket)
                  0000cd82    00000002     --HOLE-- [fill = 0]
                  0000cd84    0000005c     nettool_ipv4.aem4f : config.oem4f (.text:CfgSetExecuteOrder)
                  0000cde0    0000005c     stk.aem4f : nimu.oem4f (.text:NIMUIoctlSpecialCmd)
                  0000ce3c    0000005c     netctrl_min_ipv4.aem4f : netsrv.oem4f (.text:SPService)
                  0000ce98    0000005c     tcpEcho_pem4f.oem4f (.text:ti_sysbios_knl_Swi_create)
                  0000cef4    00000004     tcpEcho_pem4f.oem4f (.text:ti_sysbios_heaps_HeapMem_Module_GateProxy_enter__E)
                  0000cef8    0000005c     sysbios.aem4f : BIOS.obj (.text:ti_sysbios_knl_Swi_run__I)
                  0000cf54    00000004     tcpEcho_pem4f.oem4f (.text:ti_sysbios_heaps_HeapMem_Module_GateProxy_leave__E)
                  0000cf58    0000005c     sysbios.aem4f : BIOS.obj (.text:ti_sysbios_knl_Swi_schedule__I)
                  0000cfb4    0000005c     tcpEcho_pem4f.oem4f (.text:ti_sysbios_knl_Task_create)
                  0000d010    0000005c     sysbios.aem4f : BIOS.obj (.text:ti_sysbios_knl_Task_unblockI__E)
                  0000d06c    0000005b     ti.targets.arm.rtsarm.aem4f : Text.oem4f (.text:xdc_runtime_Text_putLab__E)
                  0000d0c7    00000001     --HOLE-- [fill = 0]
                  0000d0c8    0000005a     stk.aem4f : route.oem4f (.text:RtRedirect)
                  0000d122    0000005a               : tcpprot.oem4f (.text:TcpValidateMetrics)
                  0000d17c    0000005a     nettool_ipv4.aem4f : dhcpbild.oem4f (.text:dhcpBuildDecline)
                  0000d1d6    0000005a     os.aem4f : mem.oem4f (.text:mmCopy)
                  0000d230    0000005a     tcpEcho_pem4f.oem4f (.text:ti_ndk_config_tcp_init)
                  0000d28a    00000002     --HOLE-- [fill = 0]
                  0000d28c    00000058     stk.aem4f : bind.oem4f (.text:BindFree)
                  0000d2e4    00000058     boot.aem4f : boot.oem4f (.text)
                  0000d33c    00000058     driverlib.lib : emac.obj (.text:EMACPHYConfigSet)
                  0000d394    00000058     stk.aem4f : igmp.oem4f (.text:IGMPTimer)
                  0000d3ec    00000058     os.aem4f : semaphore.oem4f (.text:SemCreate)
                  0000d444    00000058     sysbios.aem4f : m3_Hwi_asm_switch.obj (.text:ti_sysbios_family_arm_m3_Hwi_initStacks__E)
                  0000d49c    00000056     driverlib.lib : gpio.obj (.text:GPIOIntTypeSet)
                  0000d4f2    00000002     --HOLE-- [fill = 0]
                  0000d4f4    00000054     nettool_ipv4.aem4f : config.oem4f (.text:CfgEntryDeRef)
                  0000d548    00000054     stk.aem4f : igmp.oem4f (.text:IGMPLeave)
                  0000d59c    00000054               : rawethsock_pcb.oem4f (.text:RawEthSockPcbAttach)
                  0000d5f0    00000054               : sockpcb.oem4f (.text:SockCleanPcb)
                  0000d644    00000054               : tcptime.oem4f (.text:TcpTimeoutPersist)
                  0000d698    00000054     rtsv7M4_T_le_v4SPD16_eabi.lib : exit.obj (.text)
                  0000d6ec    00000004     tcpEcho_pem4f.oem4f (.text:ti_sysbios_knl_Clock_TimerProxy_getMaxTicks__E)
                  0000d6f0    00000054     sysbios.aem4f : BIOS.obj (.text:ti_sysbios_family_arm_lm4_Timer_initDevice__I)
                  0000d744    00000004     tcpEcho_pem4f.oem4f (.text:ti_sysbios_knl_Queue_destruct)
                  0000d748    00000054     sysbios.aem4f : BIOS.obj (.text:ti_sysbios_knl_Swi_Instance_init__E)
                  0000d79c    00000054     ti.targets.arm.rtsarm.aem4f : Assert.oem4f (.text:xdc_runtime_Assert_raise__I)
                  0000d7f0    00000052     stk.aem4f : tcpprot.oem4f (.text:TcpPrDetach)
                  0000d842    00000002     --HOLE-- [fill = 0]
                  0000d844    00000050     drivers_tivaware.aem4f : GPIOTiva.oem4f (.text:GPIO_setCallback)
                  0000d894    00000050     stk.aem4f : socket.oem4f (.text:NDK_bind)
                  0000d8e4    00000050               : socket.oem4f (.text:NDK_connect)
                  0000d934    00000050               : route.oem4f (.text:RtNew)
                  0000d984    00000050     driverlib.lib : sysctl.obj (.text:SysCtlPeripheralReset)
                  0000d9d4    00000050     Boot.aem4f : Boot_sysctl.oem4f (.text:_SysCtlFrequencyGet)
                  0000da24    00000004     tcpEcho_pem4f.oem4f (.text:ti_sysbios_knl_Semaphore_delete)
                  0000da28    00000050     sysbios.aem4f : BIOS.obj (.text:ti_sysbios_family_arm_m3_Hwi_Module_startup__E)
                  0000da78    00000050                   : BIOS.obj (.text:ti_sysbios_knl_Clock_Instance_init__E)
                  0000dac8    00000050     ti.targets.arm.rtsarm.aem4f : Startup.oem4f (.text:xdc_runtime_Startup_exec__E)
                  0000db18    00000050                                 : Text.oem4f (.text:xdc_runtime_Text_visitRope2__I)
                  0000db68    0000004e     stk.aem4f : node.oem4f (.text:NodeDeRef)
                  0000dbb6    0000004e     nettool_ipv4.aem4f : config.oem4f (.text:_CfgEntryScan)
                  0000dc04    0000004c                        : ipaddr.oem4f (.text:NtAddNetwork)
                  0000dc50    0000004c     stk.aem4f : sockint.oem4f (.text:SockValidateRoute)
                  0000dc9c    0000004c     rtsv7M4_T_le_v4SPD16_eabi.lib : cpy_tbl.obj (.text)
                  0000dce8    0000004c     sysbios.aem4f : BIOS.obj (.text:ti_sysbios_heaps_HeapMem_getStats__E)
                  0000dd34    00000004     tcpEcho_pem4f.oem4f (.text:ti_sysbios_knl_Semaphore_destruct)
                  0000dd38    0000004c     sysbios.aem4f : BIOS.obj (.text:ti_sysbios_knl_Swi_runLoop__I)
                  0000dd84    00000004     tcpEcho_pem4f.oem4f (.text:ti_sysbios_knl_Swi_delete)
                  0000dd88    0000004c     sysbios.aem4f : BIOS.obj (.text:ti_sysbios_knl_Task_allBlockedFunction__I)
                  0000ddd4    0000004a     netctrl_min_ipv4.aem4f : netsrv.oem4f (.text:ServiceKill)
                  0000de1e    0000004a     stk.aem4f : sock.oem4f (.text:SockDisconnect)
                  0000de68    0000004a               : timer.oem4f (.text:TimerNew)
                  0000deb2    00000048     nettool_ipv4.aem4f : config.oem4f (.text:CfgNew)
                  0000defa    00000002     --HOLE-- [fill = 0]
                  0000defc    00000048     driverlib.lib : gpio.obj (.text:GPIOPinConfigure)
                  0000df44    00000048     stk.aem4f : lli.oem4f (.text:LLIMsg)
                  0000df8c    00000048               : node.oem4f (.text:NodeWalk)
                  0000dfd4    00000048               : rawethsock_pcb.oem4f (.text:RawEthSockPcbDetach)
                  0000e01c    00000048               : sockpcb.oem4f (.text:SockPcbResolveChain)
                  0000e064    00000048               : tcpprot.oem4f (.text:TcpDrop)
                  0000e0ac    00000048               : lli.oem4f (.text:_LLIExpListInsert)
                  0000e0f4    00000048               : rtable.oem4f (.text:_RtExpListInsert)
                  0000e13c    00000048     driverlib.lib : sysctl.obj (.text:_SysCtlFrequencyGet)
                  0000e184    00000048     stk.aem4f : file.oem4f (.text:fdint_lockfd)
                  0000e1cc    00000004     tcpEcho_pem4f.oem4f (.text:ti_sysbios_knl_Task_delete)
                  0000e1d0    00000048     sysbios.aem4f : BIOS.obj (.text:ti_sysbios_family_arm_lm4_Timer_enableTimers__I)
                  0000e218    00000048                   : BIOS.obj (.text:ti_sysbios_family_arm_m3_Hwi_disableInterrupt__E)
                  0000e260    00000048                   : BIOS.obj (.text:ti_sysbios_family_arm_m3_Hwi_enableInterrupt__E)
                  0000e2a8    00000048                   : BIOS.obj (.text:ti_sysbios_family_arm_m3_Hwi_excReserved__I)
                  0000e2f0    00000048                   : BIOS.obj (.text:ti_sysbios_knl_Task_deleteTerminatedTasksFunc__I)
                  0000e338    00000046     nettool_ipv4.aem4f : ipaddr.oem4f (.text:NtIfIdx2Ip)
                  0000e37e    00000046     stk.aem4f : rawethsock.oem4f (.text:RawEthSockSend)
                  0000e3c4    00000046               : tcpprot.oem4f (.text:TcpPrCtlError)
                  0000e40a    00000046     os.aem4f : mem.oem4f (.text:mmZeroInit)
                  0000e450    00000046     ti.targets.arm.rtsarm.aem4f : Core-params.oem4f (.text:xdc_runtime_Core_assignParams__I)
                  0000e496    00000002     --HOLE-- [fill = 0]
                  0000e498    00000044     drivers_tivaware.aem4f : EMACSnow.oem4f (.text:EMACSnow_processTransmitted)
                  0000e4dc    00000044     stk.aem4f : icmp.oem4f (.text:ICMPChecksum)
                  0000e520    00000044               : ipfrag.oem4f (.text:IPReasmFree)
                  0000e564    00000044               : lli.oem4f (.text:LLIGetValidTime)
                  0000e5a8    00000044               : rtable.oem4f (.text:RouteMsg)
                  0000e5ec    00000044               : rtable.oem4f (.text:RtWalkEnd)
                  0000e630    00000044               : sockpcb.oem4f (.text:SockPcbDetach)
                  0000e674    00000044               : timer.oem4f (.text:TimerListInsert)
                  0000e6b8    00000044     hal_timer_bios.aem4f : lltimer.oem4f (.text:llTimerGetTime)
                  0000e6fc    00000004     ti.targets.arm.rtsarm.aem4f : Error.oem4f (.text:xdc_runtime_Error_getMsg__E)
                  0000e700    00000044     sysbios.aem4f : BIOS.obj (.text:ti_sysbios_family_arm_lm4_Timer_isrStub__E)
                  0000e744    00000004     ti.targets.arm.rtsarm.aem4f : Error.oem4f (.text:xdc_runtime_Error_getSite__E)
                  0000e748    00000044     sysbios.aem4f : BIOS.obj (.text:ti_sysbios_family_arm_m3_Hwi_getStackInfo__E)
                  0000e78c    00000004     tcpEcho_pem4f.oem4f (.text:xdc_runtime_System_Module_GateProxy_enter__E)
                  0000e790    00000044     sysbios.aem4f : BIOS.obj (.text:ti_sysbios_knl_Swi_post__E)
                  0000e7d4    00000044     ti.targets.arm.rtsarm.aem4f : Error.oem4f (.text:xdc_runtime_Error_setX__E)
                  0000e818    00000044                                 : SysMin.oem4f (.text:xdc_runtime_SysMin_flush__E)
                  0000e85c    00000044                                 : Text.oem4f (.text:xdc_runtime_Text_xprintf__I)
                  0000e8a0    00000042     stk.aem4f : tcpprot.oem4f (.text:TcpPrSendOOB)
                  0000e8e2    00000042               : fileuser.oem4f (.text:fdCloseSession)
                  0000e924    00000040               : lliin.oem4f (.text:LLIValidateRoute)
                  0000e964    00000040               : pbm.oem4f (.text:PBM_copy)
                  0000e9a4    00000040               : sockpcb.oem4f (.text:SockPcbRtChange)
                  0000e9e4    00000040               : tcpprot.oem4f (.text:TcpPrSend)
                  0000ea24    00000040     rtsv7M4_T_le_v4SPD16_eabi.lib : u_divt2.obj (.text)
                  0000ea64    00000004     tcpEcho_pem4f.oem4f (.text:xdc_runtime_System_Module_GateProxy_leave__E)
                  0000ea68    00000040     sysbios.aem4f : BIOS.obj (.text:ti_sysbios_family_arm_lm4_Timer_startup__E)
                  0000eaa8    00000040                   : BIOS.obj (.text:ti_sysbios_heaps_HeapMem_Instance_init__E)
                  0000eae8    0000003e     nettool_ipv4.aem4f : dhcpmain.oem4f (.text:DHCPClose)
                  0000eb26    00000002     --HOLE-- [fill = 0]
                  0000eb28    0000003e     stk.aem4f : nimu.oem4f (.text:NIMUAllocateName)
                  0000eb66    0000003e     os.aem4f : task.oem4f (.text:TaskCreate)
                  0000eba4    0000003e     stk.aem4f : tcpprot.oem4f (.text:TcpPrDisconnect)
                  0000ebe2    0000003e               : file.oem4f (.text:fdint_unlockfd)
                  0000ec20    0000003c     nettool_ipv4.aem4f : config.oem4f (.text:CfgEntryGetData)
                  0000ec5c    0000003c     driverlib.lib : emac.obj (.text:EMACIntDisable)
                  0000ec98    0000003c     stk.aem4f : node.oem4f (.text:NodeUpdatePL)
                  0000ecd4    0000003c               : rtable.oem4f (.text:RtWalkBegin)
                  0000ed10    0000003c               : tcpprot.oem4f (.text:TcpPrConnect)
                  0000ed4c    0000003c               : tcptime.oem4f (.text:TcpSetPersist)
                  0000ed88    0000003c               : rtc.oem4f (.text:_RTCSendRtAdv)
                  0000edc4    0000003c               : rtable.oem4f (.text:_RtNodeRemove)
                  0000ee00    0000003c     hal_timer_bios.aem4f : lltimer.oem4f (.text:_llTimerInit)
                  0000ee3c    00000004     ti.targets.arm.rtsarm.aem4f : System.oem4f (.text:xdc_runtime_System_aprintf_va__F)
                  0000ee40    0000003c     sysbios.aem4f : BIOS.obj (.text:ti_sysbios_family_arm_m3_Hwi_excSvCall__I)
                  0000ee7c    00000004     ti.targets.arm.rtsarm.aem4f : System.oem4f (.text:xdc_runtime_System_printf_va__F)
                  0000ee80    0000003c     sysbios.aem4f : BIOS.obj (.text:ti_sysbios_heaps_HeapMem_init__I)
                  0000eebc    00000004     --HOLE-- [fill = 0]
                  0000eec0    0000003c                   : BIOS.obj (.text:ti_sysbios_knl_Swi_restore__E)
                  0000eefc    0000003a     driverlib.lib : emac.obj (.text:EMACIntEnable)
                  0000ef36    00000002     --HOLE-- [fill = 0]
                  0000ef38    00000038                   : emac.obj (.text:EMACConfigGet)
                  0000ef70    00000038     stk.aem4f : ipfrag.oem4f (.text:IPReasmTimeout)
                  0000efa8    00000038               : node.oem4f (.text:NodeGetRt)
                  0000efe0    00000038     driverlib.lib : sysctl.obj (.text:SysCtlPeripheralReady)
                  0000f018    00000038     stk.aem4f : tcpprot.oem4f (.text:TcpClose)
                  0000f050    00000038               : timer.oem4f (.text:TimerHSTick)
                  0000f088    00000038     nettool_ipv4.aem4f : dhcpbild.oem4f (.text:dhcpBuildDiscover)
                  0000f0c0    00000038                        : dhcptags.oem4f (.text:dhcpOptionsClear)
                  0000f0f8    00000038     stk.aem4f : file.oem4f (.text:fdint_waitevent)
                  0000f130    00000038     sysbios.aem4f : BIOS.obj (.text:ti_sysbios_family_arm_m3_Hwi_excNoIsr__I)
                  0000f168    00000038     tcpEcho_pem4f.oem4f (.text:ti_sysbios_knl_Clock_create)
                  0000f1a0    00000038     sysbios.aem4f : BIOS.obj (.text:ti_sysbios_knl_Task_processVitalTaskFlag__I)
                  0000f1d8    00000038     ti.targets.arm.rtsarm.aem4f : SysMin.oem4f (.text:xdc_runtime_SysMin_putch__E)
                  0000f210    00000038                                 : System.oem4f (.text:xdc_runtime_System_atexit__E)
                  0000f248    00000036     stk.aem4f : ip.oem4f (.text:IPChecksum)
                  0000f27e    00000002     --HOLE-- [fill = 0]
                  0000f280    00000034     nettool_ipv4.aem4f : config.oem4f (.text:CfgSetService)
                  0000f2b4    00000034     driverlib.lib : emac.obj (.text:EMACConfigSet)
                  0000f2e8    00000034                   : emac.obj (.text:EMACIntClear)
                  0000f31c    00000034     drivers_tivaware.aem4f : EMACSnow.oem4f (.text:EMACSnow_emacPoll)
                  0000f350    00000034                            : EMACSnow.oem4f (.text:EMACSnow_isLinkUp)
                  0000f384    00000034                            : EMAC.oem4f (.text:EMAC_init)
                  0000f3b8    00000034     stk.aem4f : exec.oem4f (.text:ExecClose)
                  0000f3ec    00000034               : nimu.oem4f (.text:NIMUFindByName)
                  0000f420    00000034               : nimu.oem4f (.text:NIMUInit)
                  0000f454    00000034               : rawethsock.oem4f (.text:RawEthSockNotify)
                  0000f488    00000034               : sockprot.oem4f (.text:SockPrCtlError)
                  0000f4bc    00000034     driverlib.lib : sysctl.obj (.text:SysCtlPeripheralEnable)
                  0000f4f0    00000034     os.aem4f : mem.oem4f (.text:mmUnInitPage)
                  0000f524    00000004     --HOLE-- [fill = 0]
                  0000f528    00000034     sysbios.aem4f : BIOS.obj (.text:ti_sysbios_family_arm_m3_Hwi_Instance_finalize__E)
                  0000f55c    00000004     --HOLE-- [fill = 0]
                  0000f560    00000034                   : BIOS.obj (.text:ti_sysbios_family_arm_m3_Hwi_excNmi__I)
                  0000f594    00000004     --HOLE-- [fill = 0]
                  0000f598    00000034                   : BIOS.obj (.text:ti_sysbios_hal_Hwi_checkStack)
                  0000f5cc    00000034     tcpEcho_pem4f.oem4f (.text:ti_sysbios_knl_Semaphore_create)
                  0000f600    00000034     ti.targets.arm.rtsarm.aem4f : Core-label.oem4f (.text:xdc_runtime_Core_assignLabel__I)
                  0000f634    00000033                                 : Text.oem4f (.text:xdc_runtime_Text_printVisFxn__I)
                  0000f667    00000001     --HOLE-- [fill = 0]
                  0000f668    00000032     nettool_ipv4.aem4f : config.oem4f (.text:CfgGetImmediate)
                  0000f69a    00000032     stk.aem4f : route.oem4f (.text:RtDeRef)
                  0000f6cc    00000032               : route.oem4f (.text:RtSetFailure)
                  0000f6fe    00000032               : sb.oem4f (.text:SBFlush)
                  0000f730    00000032               : sb.oem4f (.text:SBSetMax)
                  0000f762    00000032               : sock.oem4f (.text:SockIntAbort)
                  0000f794    00000032     nettool_ipv4.aem4f : config.oem4f (.text:_CfgAcquire)
                  0000f7c6    00000032                        : dhcpsm.oem4f (.text:dhcpIPRemove)
                  0000f7f8    00000032     sysbios.aem4f : BIOS.obj (.text:ti_sysbios_hal_Hwi_initStack)
                  0000f82a    00000006     driverlib.lib : emac.obj (.text:EMACRxDMADescriptorListSet)
                  0000f830    00000032     sysbios.aem4f : BIOS.obj (.text:ti_sysbios_knl_Semaphore_pendTimeout__I)
                  0000f862    00000030     driverlib.lib : emac.obj (.text:EMACAddrSet)
                  0000f892    00000002     --HOLE-- [fill = 0]
                  0000f894    00000030     drivers_tivaware.aem4f : EMACSnow.oem4f (.text:EMACSnow_handlePackets)
                  0000f8c4    00000030     netctrl_min_ipv4.aem4f : netsrv.oem4f (.text:NS_PreBoot)
                  0000f8f4    00000030     stk.aem4f : sock.oem4f (.text:SockBind)
                  0000f924    00000030     nettool_ipv4.aem4f : dhcpsock.oem4f (.text:dhcpPacketSend)
                  0000f954    00000030     stk.aem4f : listlib.oem4f (.text:list_remove_node)
                  0000f984    00000030     tcpEcho_pem4f.oem4f (.text:ti_sysbios_BIOS_atExitFunc__I)
                  0000f9b4    00000004     --HOLE-- [fill = 0]
                  0000f9b8    00000030     sysbios.aem4f : BIOS.obj (.text:ti_sysbios_family_arm_lm4_Timer_stop__E)
                  0000f9e8    00000030                   : BIOS.obj (.text:ti_sysbios_family_arm_m3_TaskSupport_start__E)
                  0000fa18    00000030     tcpEcho_pem4f.oem4f (.text:ti_sysbios_gates_GateHwi_Object__create__S)
                  0000fa48    00000030     tcpEcho_pem4f.oem4f (.text:ti_sysbios_gates_GateMutex_Object__create__S)
                  0000fa78    00000030     sysbios.aem4f : BIOS.obj (.text:ti_sysbios_gates_GateMutex_enter__E)
                  0000faa8    00000030     tcpEcho_pem4f.oem4f (.text:ti_sysbios_heaps_HeapMem_Object__create__S)
                  0000fad8    00000030     tcpEcho_pem4f.oem4f (.text:ti_sysbios_knl_Semaphore_construct)
                  0000fb08    00000030     ti.targets.arm.rtsarm.aem4f : SysMin.oem4f (.text:xdc_runtime_SysMin_abort__E)
                  0000fb38    00000030                                 : System.oem4f (.text:xdc_runtime_System_processAtExit__E)
                  0000fb68    0000002e     stk.aem4f : sb.oem4f (.text:SBFree)
                  0000fb96    0000002c     driverlib.lib : emac.obj (.text:EMACIntStatus)
                  0000fbc2    0000002c     stk.aem4f : file.oem4f (.text:FdSignalEvent)
                  0000fbee    00000002     --HOLE-- [fill = 0]
                  0000fbf0    0000002c               : igmp.oem4f (.text:IGMPTestGroup)
                  0000fc1c    0000002c     os.aem4f : task.oem4f (.text:NDK_hookCreate)
                  0000fc48    0000002c     stk.aem4f : nimu.oem4f (.text:NIMUAllocateIndex)
                  0000fc74    0000002c               : nimu.oem4f (.text:NIMUPacketServiceCheck)
                  0000fca0    0000002c               : pipe.oem4f (.text:PipeClose)
                  0000fccc    0000002c               : sockpcb.oem4f (.text:SockPcbAttach)
                  0000fcf8    0000002c               : lli.oem4f (.text:_LLIExpListRemove)
                  0000fd24    0000002c               : lli.oem4f (.text:_LLITimeoutFlush)
                  0000fd50    0000002c               : rtable.oem4f (.text:_RtExpListRemove)
                  0000fd7c    0000002c     tcpEcho_pem4f.oem4f (.text:ti_sysbios_knl_Clock_doTick__I)
                  0000fda8    0000002c     tcpEcho_pem4f.oem4f (.text:ti_sysbios_knl_Queue_construct)
                  0000fdd4    00000004     --HOLE-- [fill = 0]
                  0000fdd8    0000002c     sysbios.aem4f : BIOS.obj (.text:ti_sysbios_knl_Task_restore__E)
                  0000fe04    0000002c     ti.targets.arm.rtsarm.aem4f : Text.oem4f (.text:xdc_runtime_Text_cordText__E)
                  0000fe30    0000002a     driverlib.lib : gpio.obj (.text:GPIODirModeSet)
                  0000fe5a    0000002a     stk.aem4f : pbm.oem4f (.text:PBMQ_deq)
                  0000fe84    0000002a     netctrl_min_ipv4.aem4f : netsrv.oem4f (.text:ServiceCallback)
                  0000feae    0000002a     nettool_ipv4.aem4f : config.oem4f (.text:_CfgRelease)
                  0000fed8    0000002a     ti.targets.arm.rtsarm.aem4f : System.oem4f (.text:xdc_runtime_System_putchar__I)
                  0000ff02    00000002     --HOLE-- [fill = 0]
                  0000ff04    00000028     stk.aem4f : bind.oem4f (.text:BindFindByNet)
                  0000ff2c    00000028               : lli.oem4f (.text:LLIFree)
                  0000ff54    00000028     netctrl_min_ipv4.aem4f : netctrl.oem4f (.text:NC_SystemClose)
                  0000ff7c    00000028     stk.aem4f : nimu.oem4f (.text:NIMUCreatePacket)
                  0000ffa4    00000028               : nimu.oem4f (.text:NIMUPacketService)
                  0000ffcc    00000028               : tcpin.oem4f (.text:TcpEnterTimeWait)
                  0000fff4    00000028               : timer.oem4f (.text:TimerListRemove)
                  0001001c    00000028               : vlan.oem4f (.text:VLANFindSourceInterface)
                  00010044    00000028               : vlan.oem4f (.text:VLANInit)
                  0001006c    00000028     nettool_ipv4.aem4f : dhcpsock.oem4f (.text:dhcpPacketReceive)
                  00010094    00000028     drivers_tivaware.aem4f : EMACSnow.oem4f (.text:signalLinkChange)
                  000100bc    00000004     --HOLE-- [fill = 0]
                  000100c0    00000028     sysbios.aem4f : BIOS.obj (.text:ti_sysbios_knl_Clock_addI__E)
                  000100e8    00000028                   : BIOS.obj (.text:ti_sysbios_knl_Swi_Module_startup__E)
                  00010110    00000026     nettool_ipv4.aem4f : config.oem4f (.text:CfgEntryInfo)
                  00010136    00000026     driverlib.lib : emac.obj (.text:EMACPHYRead)
                  0001015c    00000026                   : emac.obj (.text:EMACPHYWrite)
                  00010182    00000026     stk.aem4f : rawethsock.oem4f (.text:RawEthSockClose)
                  000101a8    00000026     tcpEcho_pem4f.oem4f (.text:ti_ndk_config_udp_init)
                  000101ce    00000026     sysbios.aem4f : m3_Hwi_asm.obj (.text:ti_sysbios_family_arm_m3_Hwi_pendSV__I)
                  000101f4    00000026     ti.targets.arm.rtsarm.aem4f : System.oem4f (.text:xdc_runtime_System_avprintf__E)
                  0001021a    00000002     --HOLE-- [fill = 0]
                  0001021c    00000024     stk.aem4f : bind.oem4f (.text:BindFindByHost)
                  00010240    00000024               : bind.oem4f (.text:BindGetIFByDBCast)
                  00010264    00000024     drivers_tivaware.aem4f : EMACSnow.oem4f (.text:EMACSnow_pkt_service)
                  00010288    00000024                            : EMACSnow.oem4f (.text:EMACSnow_primeRx)
                  000102ac    00000024     stk.aem4f : exec.oem4f (.text:ExecTimer)
                  000102d0    00000024               : nimu.oem4f (.text:NIMUFindByIndex)
                  000102f4    00000024               : rtc.oem4f (.text:RTCAddHook)
                  00010318    00000024               : rawethsock_pcb.oem4f (.text:RawEthSockPcbFind)
                  0001033c    00000024               : route.oem4f (.text:RtFree)
                  00010360    00000024               : route.oem4f (.text:RtSetTimeout)
                  00010384    00000024               : sockpcb.oem4f (.text:SockPcbCleanup)
                  000103a8    00000024               : tcptime.oem4f (.text:TcpTimeoutWait2)
                  000103cc    00000024     nettool_ipv4.aem4f : config.oem4f (.text:_CfgEntryProcess)
                  000103f0    00000024     tcpEcho_pem4f.oem4f (.text:ti_sysbios_BIOS_errorRaiseHook__I)
                  00010414    00000024     tcpEcho_pem4f.oem4f (.text:ti_sysbios_BIOS_registerRTSLock__I)
                  00010438    00000024     tcpEcho_pem4f.oem4f (.text:ti_sysbios_BIOS_removeRTSLock__I)
                  0001045c    00000024     tcpEcho_pem4f.oem4f (.text:ti_sysbios_BIOS_startFunc__I)
                  00010480    00000024     tcpEcho_pem4f.oem4f (.text:ti_sysbios_gates_GateMutex_Object__delete__S)
                  000104a4    00000004     --HOLE-- [fill = 0]
                  000104a8    00000024     sysbios.aem4f : BIOS.obj (.text:ti_sysbios_knl_Clock_Module_startup__E)
                  000104cc    00000004     --HOLE-- [fill = 0]
                  000104d0    00000024                   : BIOS.obj (.text:ti_sysbios_knl_Semaphore_Instance_init__E)
                  000104f4    00000024     tcpEcho_pem4f.oem4f (.text:ti_sysbios_knl_Semaphore_Object__delete__S)
                  00010518    00000024     sysbios.aem4f : BIOS.obj (.text:ti_sysbios_knl_Task_restoreHwi__E)
                  0001053c    00000024     ti.targets.arm.rtsarm.aem4f : System.oem4f (.text:xdc_runtime_System_vprintf__E)
                  00010560    00000022     nettool_ipv4.aem4f : config.oem4f (.text:CfgEntryRef)
                  00010582    00000022     stk.aem4f : vlan.oem4f (.text:VLANFindNode)
                  000105a4    00000004     --HOLE-- [fill = 0]
                  000105a8    00000022     sysbios.aem4f : BIOS.obj (.text:ti_sysbios_family_arm_lm4_Timer_write__I)
                  000105ca    00000022     tcpEcho_pem4f.oem4f (.text:xdc_runtime_SysMin_output__I)
                  000105ec    00000020     netctrl_min_ipv4.aem4f : netctrl.oem4f (.text:NC_BootComplete)
                  0001060c    00000020     stk.aem4f : nimu.oem4f (.text:NIMUGetNumOfObject)
                  0001062c    00000020               : rtc.oem4f (.text:RTCRemoveHook)
                  0001064c    00000020               : tcp.oem4f (.text:TcpTimeoutRemove)
                  0001066c    00000020     Boot.aem4f : Boot_sysctl.oem4f (.text:_SysCtlMemTimingGet)
                  0001068c    00000020     tcpEcho_pem4f.oem4f (.text:ti_sysbios_BIOS_rtsLock__I)
                  000106ac    00000020     tcpEcho_pem4f.oem4f (.text:ti_sysbios_family_arm_m3_Hwi_Object__delete__S)
                  000106cc    00000020     sysbios.aem4f : m3_Hwi_asm.obj (.text:ti_sysbios_family_arm_m3_Hwi_excHandlerAsm__I)
                  000106ec    00000004     --HOLE-- [fill = 0]
                  000106f0    00000020                   : BIOS.obj (.text:ti_sysbios_family_arm_m3_Hwi_excHandler__I)
                  00010710    00000020     tcpEcho_pem4f.oem4f (.text:ti_sysbios_gates_GateHwi_Object__delete__S)
                  00010730    00000020     tcpEcho_pem4f.oem4f (.text:ti_sysbios_heaps_HeapMem_Object__delete__S)
                  00010750    00000020     sysbios.aem4f : BIOS.obj (.text:ti_sysbios_knl_Idle_run__E)
                  00010770    00000020     tcpEcho_pem4f.oem4f (.text:ti_sysbios_knl_Semaphore_Object__destruct__S)
                  00010790    00000020     tcpEcho_pem4f.oem4f (.text:ti_sysbios_knl_Swi_Object__delete__S)
                  000107b0    00000020     tcpEcho_pem4f.oem4f (.text:ti_sysbios_knl_Task_Object__delete__S)
                  000107d0    00000020     ti.targets.arm.rtsarm.aem4f : Registry.oem4f (.text:xdc_runtime_Registry_findById__E)
                  000107f0    00000020                                 : SysMin.oem4f (.text:xdc_runtime_SysMin_Module_startup__E)
                  00010810    0000001e     stk.aem4f : listlib.oem4f (.text:list_remove)
                  0001082e    0000001e     tcpEcho.obj (.text:recv)
                  0001084c    0000001e     tcpEcho.obj (.text:send)
                  0001086a    0000001e     sysbios.aem4f : m3_Hwi_asm_switch.obj (.text:ti_sysbios_family_xxx_Hwi_switchAndRunFunc)
                  00010888    0000001c     stk.aem4f : bind.oem4f (.text:BindFindByIF)
                  000108a4    0000001c               : exec.oem4f (.text:ExecBroadcast)
                  000108c0    0000001c     os.aem4f : ossys.oem4f (.text:NDK_sprintf)
                  000108dc    0000001c     stk.aem4f : nimu.oem4f (.text:NIMUAddHeader)
                  000108f8    0000001c               : sockprot.oem4f (.text:SockPrDetach)
                  00010914    0000001c     os.aem4f : task.oem4f (.text:TaskDestroy)
                  00010930    0000001c     driverlib.lib : sysctl.obj (.text:_SysCtlMemTimingGet)
                  0001094c    0000001c     drivers_tivaware.aem4f : GPIOTiva.oem4f (.text:getGpioIntIndex)
                  00010968    0000001c     tcpEcho_pem4f.oem4f (.text:ti_ndk_config_global_taskCreateHook)
                  00010984    00000004     --HOLE-- [fill = 0]
                  00010988    0000001c     sysbios.aem4f : BIOS.obj (.text:ti_sysbios_gates_GateMutex_Instance_init__E)
                  000109a4    0000001c     tcpEcho_pem4f.oem4f (.text:ti_sysbios_knl_Queue_Object__destruct__S)
                  000109c0    0000001c     sysbios.aem4f : BIOS.obj (.text:ti_sysbios_knl_Queue_put__E)
                  000109dc    00000004     --HOLE-- [fill = 0]
                  000109e0    0000001c                   : BIOS.obj (.text:ti_sysbios_knl_Task_enter__I)
                  000109fc    0000001c     ti.targets.arm.rtsarm.aem4f : Error.oem4f (.text:xdc_runtime_Error_raiseX__E)
                  00010a18    0000001c                                 : Memory.oem4f (.text:xdc_runtime_Memory_valloc__E)
                  00010a34    0000001c                                 : SysMin.oem4f (.text:xdc_runtime_SysMin_exit__E)
                  00010a50    0000001c                                 : System.oem4f (.text:xdc_runtime_System_abort__E)
                  00010a6c    0000001a     stk.aem4f : bind.oem4f (.text:BindGetIP)
                  00010a86    0000001a               : sockint.oem4f (.text:SockSetOOBMark)
                  00010aa0    0000001a               : file.oem4f (.text:fdint_getfdt)
                  00010aba    0000001a     tcpEcho_pem4f.oem4f (.text:ti_sysbios_family_arm_m3_Hwi_Handle__label__S)
                  00010ad4    0000001a     tcpEcho_pem4f.oem4f (.text:ti_sysbios_gates_GateHwi_Handle__label__S)
                  00010aee    0000001a     tcpEcho_pem4f.oem4f (.text:ti_sysbios_gates_GateMutex_Handle__label__S)
                  00010b08    0000001a     tcpEcho_pem4f.oem4f (.text:ti_sysbios_heaps_HeapMem_Handle__label__S)
                  00010b22    0000001a     tcpEcho_pem4f.oem4f (.text:ti_sysbios_knl_Swi_Handle__label__S)
                  00010b3c    0000001a     tcpEcho_pem4f.oem4f (.text:ti_sysbios_knl_Task_Handle__label__S)
                  00010b56    00000002     --HOLE-- [fill = 0]
                  00010b58    0000001a     sysbios.aem4f : BIOS.obj (.text:ti_sysbios_knl_Task_sleepTimeout__I)
                  00010b72    0000001a     tcpEcho_pem4f.oem4f (.text:xdc_runtime_System_aprintf__E)
                  00010b8c    0000001a     tcpEcho_pem4f.oem4f (.text:xdc_runtime_System_printf__E)
                  00010ba6    00000002     --HOLE-- [fill = 0]
                  00010ba8    00000018     drivers_tivaware.aem4f : EMACSnow.oem4f (.text:EMACSnow_emacSend)
                  00010bc0    00000018     stk.aem4f : ip.oem4f (.text:IPRtChange)
                  00010bd8    00000018               : rawethsock_pcb.oem4f (.text:RawEthSockPcbCleanup)
                  00010bf0    00000018     nettool_ipv4.aem4f : ipaddr.oem4f (.text:RouteHook)
                  00010c08    00000018     stk.aem4f : tcpin.oem4f (.text:SEQ_GEQ)
                  00010c20    00000018               : tcpout.oem4f (.text:SEQ_GEQ)
                  00010c38    00000018               : tcpin.oem4f (.text:SEQ_GT)
                  00010c50    00000018               : tcpout.oem4f (.text:SEQ_GT)
                  00010c68    00000018               : tcpin.oem4f (.text:SEQ_LEQ)
                  00010c80    00000018               : tcpout.oem4f (.text:SEQ_LEQ)
                  00010c98    00000018               : tcpin.oem4f (.text:SEQ_LT)
                  00010cb0    00000018               : tcpout.oem4f (.text:SEQ_LT)
                  00010cc8    00000018               : tcp.oem4f (.text:TcpTimeoutAdd)
                  00010ce0    00000018     nettool_ipv4.aem4f : dhcpsock.oem4f (.text:dhcpSocketClose)
                  00010cf8    00000018     stk.aem4f : listlib.oem4f (.text:list_add)
                  00010d10    00000018     rtsv7M4_T_le_v4SPD16_eabi.lib : args_main.obj (.text)
                  00010d28    00000018                                   : strcmp.obj (.text)
                  00010d40    00000018     tcpEcho_pem4f.oem4f (.text:ti_sysbios_BIOS_rtsUnlock__I)
                  00010d58    00000018     tcpEcho_pem4f.oem4f (.text:ti_sysbios_family_arm_lm4_Timer_Module__startupDone__F)
                  00010d70    00000018     tcpEcho_pem4f.oem4f (.text:ti_sysbios_family_arm_m3_Hwi_Module__startupDone__F)
                  00010d88    00000018     sysbios.aem4f : m3_TaskSupport_asm.obj (.text:ti_sysbios_family_arm_m3_TaskSupport_swap__E)
                  00010da0    00000018                   : BIOS.obj (.text:ti_sysbios_gates_GateMutex_leave__E)
                  00010db8    00000018     ti.targets.arm.rtsarm.aem4f : Error.oem4f (.text:xdc_runtime_Error_check__E)
                  00010dd0    00000018                                 : System.oem4f (.text:xdc_runtime_System_exit__E)
                  00010de8    00000018                                 : Text.oem4f (.text:xdc_runtime_Text_ropeText__E)
                  00010e00    00000016     driverlib.lib : emac.obj (.text:EMACReset)
                  00010e16    00000016                   : emac.obj (.text:EMACRxEnable)
                  00010e2c    00000016                   : emac.obj (.text:EMACTxEnable)
                  00010e42    00000016     stk.aem4f : file.oem4f (.text:fdint_freefdt)
                  00010e58    00000016     tcpEcho_pem4f.oem4f (.text:ti_sysbios_BIOS_exitFunc__I)
                  00010e6e    00000016     tcpEcho.obj (.text:ti_sysbios_knl_Task_Params_init)
                  00010e84    00000016     tcpEchoHooks.obj (.text:ti_sysbios_knl_Task_Params_init)
                  00010e9a    00000016     ti.targets.arm.rtsarm.aem4f : System.oem4f (.text:xdc_runtime_System_vsprintf__E)
                  00010eb0    00000014     stk.aem4f : bind.oem4f (.text:BindIPHost2IF)
                  00010ec4    00000014     driverlib.lib : flash.obj (.text:FlashUserGet)
                  00010ed8    00000014     netctrl_min_ipv4.aem4f : netctrl.oem4f (.text:NC_NetStop)
                  00010eec    00000014     os.aem4f : task.oem4f (.text:NDK_hookExit)
                  00010f00    00000014     stk.aem4f : nimu.oem4f (.text:NIMUSendPacket)
                  00010f14    00000014     nettool_ipv4.aem4f : ipaddr.oem4f (.text:NtRemoveNetwork)
                  00010f28    00000014     stk.aem4f : rawethsock_pcb.oem4f (.text:RawEthSockPcbInit)
                  00010f3c    00000014               : timer.oem4f (.text:TimerFree)
                  00010f50    00000014     tcpEcho.obj (.text:connect)
                  00010f64    00000014     rtsv7M4_T_le_v4SPD16_eabi.lib : _lock.obj (.text)
                  00010f78    00000014                                   : strcpy.obj (.text)
                  00010f8c    00000014                                   : strlen.obj (.text)
                  00010fa0    00000014     tcpEcho.obj (.text:socket)
                  00010fb4    00000014     tcpEcho_pem4f.oem4f (.text:ti_ndk_config_global_taskExitHook)
                  00010fc8    00000014     tcpEcho_pem4f.oem4f (.text:ti_sysbios_family_arm_m3_Hwi_Object__get__S)
                  00010fdc    00000004     --HOLE-- [fill = 0]
                  00010fe0    00000014     sysbios.aem4f : BIOS.obj (.text:ti_sysbios_family_arm_m3_Hwi_switchFromBootStack__E)
                  00010ff4    00000014     tcpEcho_pem4f.oem4f (.text:ti_sysbios_heaps_HeapMem_Object__get__S)
                  00011008    00000014     tcpEcho_pem4f.oem4f (.text:ti_sysbios_knl_Swi_Object__get__S)
                  0001101c    00000014     tcpEcho_pem4f.oem4f (.text:ti_sysbios_knl_Task_Object__first__S)
                  00011030    00000014     tcpEcho_pem4f.oem4f (.text:ti_sysbios_knl_Task_Object__next__S)
                  00011044    00000012     driverlib.lib : gpio.obj (.text:GPIOPinTypeEthernetLED)
                  00011056    00000012     stk.aem4f : sockprot.oem4f (.text:SockPrAttach)
                  00011068    00000012               : sockint.oem4f (.text:SockSetOOBData)
                  0001107a    00000012     nettool_ipv4.aem4f : inetaddr.oem4f (.text:inet_addr)
                  0001108c    00000004     --HOLE-- [fill = 0]
                  00011090    00000012     sysbios.aem4f : BIOS.obj (.text:ti_sysbios_hal_Hwi_Module_startup__E)
                  000110a2    00000006     driverlib.lib : emac.obj (.text:EMACTxDMADescriptorListSet)
                  000110a8    00000012     sysbios.aem4f : BIOS.obj (.text:ti_sysbios_knl_Semaphore_reset__E)
                  000110ba    00000012     tcpEcho_pem4f.oem4f (.text:xdc_runtime_Startup_exec__I)
                  000110cc    00000010     tcpEcho_pem4f.oem4f (.text:.bootCodeSection:ti_catalog_arm_cortexm4_tiva_ce_Boot_init__I)
                  000110dc    00000010     stk.aem4f : bind.oem4f (.text:BindIF2IPHost)
                  000110ec    00000010               : bind.oem4f (.text:BindIFNet2IPHost)
                  000110fc    00000010     driverlib.lib : emac.obj (.text:EMACFrameFilterSet)
                  0001110c    00000010     stk.aem4f : exec.oem4f (.text:ExecHRef)
                  0001111c    00000010     netctrl_min_ipv4.aem4f : netctrl.oem4f (.text:NC_IPUpdate)
                  0001112c    00000010     stk.aem4f : nimu.oem4f (.text:NIMUGetRsvdSizeInfo)
                  0001113c    00000004     --HOLE-- [fill = 0]
                  00011140    00000010     sysbios.aem4f : BIOS.obj (.text:ti_sysbios_BIOS_getCpuFreq__E)
                  00011150    00000010                   : BIOS.obj (.text:ti_sysbios_BIOS_setThreadType__E)
                  00011160    00000010                   : BIOS.obj (.text:ti_sysbios_BIOS_start__E)
                  00011170    00000010                   : m3_TaskSupport_asm.obj (.text:ti_sysbios_family_arm_m3_TaskSupport_glue)
                  00011180    00000010                   : BIOS.obj (.text:ti_sysbios_gates_GateMutex_Instance_finalize__E)
                  00011190    00000010                   : BIOS.obj (.text:ti_sysbios_knl_Semaphore_Instance_finalize__E)
                  000111a0    00000010                   : BIOS.obj (.text:ti_sysbios_knl_Swi_disable__E)
                  000111b0    00000010     tcpEcho_pem4f.oem4f (.text:ti_sysbios_knl_Task_Object__get__S)
                  000111c0    00000010     sysbios.aem4f : BIOS.obj (.text:ti_sysbios_knl_Task_disable__E)
                  000111d0    00000010     ti.targets.arm.rtsarm.aem4f : Gate.oem4f (.text:xdc_runtime_Gate_leaveSystem__E)
                  000111e0    00000010                                 : Memory.oem4f (.text:xdc_runtime_Memory_free__E)
                  000111f0    00000010                                 : SysMin.oem4f (.text:xdc_runtime_SysMin_ready__E)
                  00011200    00000010                                 : System.oem4f (.text:xdc_runtime_System_vsnprintf__E)
                  00011210    00000010     tcpEcho_pem4f.oem4f (.text:xdc_runtime_Text_visitRope__I)
                  00011220    0000000e     drivers_tivaware.aem4f : EMACSnow.oem4f (.text:EMACSnow_emacioctl)
                  0001122e    0000000e     stk.aem4f : exec.oem4f (.text:ExecLowResource)
                  0001123c    0000000e     driverlib.lib : gpio.obj (.text:GPIOIntStatus)
                  0001124a    0000000e     rtsv7M4_T_le_v4SPD16_eabi.lib : copy_decompress_none.obj (.text:decompress:none)
                  00011258    0000000e     sysbios.aem4f : BIOS.obj (.text:ti_sysbios_knl_Idle_loop__E)
                  00011266    00000002     --HOLE-- [fill = 0]
                  00011268    0000000e                   : BIOS.obj (.text:ti_sysbios_knl_Queue_empty__E)
                  00011276    00000002     --HOLE-- [fill = 0]
                  00011278    0000000c     stk.aem4f : bind.oem4f (.text:BindGetFirst)
                  00011284    0000000c     nettool_ipv4.aem4f : config.oem4f (.text:CfgSetDefault)
                  00011290    0000000c     drivers_tivaware.aem4f : EMACSnow.oem4f (.text:EMACSnow_init)
                  0001129c    0000000c     os.aem4f : task.oem4f (.text:NDK_hookInit)
                  000112a8    0000000c     stk.aem4f : nimu.oem4f (.text:NIMUSetRsvdSizeInfo)
                  000112b4    0000000c     os.aem4f : task.oem4f (.text:NotifyLowResource)
                  000112c0    0000000c     stk.aem4f : pbm.oem4f (.text:PBM_close)
                  000112cc    0000000c     os.aem4f : semaphore.oem4f (.text:SemDelete)
                  000112d8    0000000c     hal_timer_bios.aem4f : lltimer.oem4f (.text:_llTimerShutdown)
                  000112e4    0000000c     rtsv7M4_T_le_v4SPD16_eabi.lib : copy_zero_init.obj (.text:decompress:ZI)
                  000112f0    0000000c     hal_timer_bios.aem4f : lltimer.oem4f (.text:llTimerGetStartTime)
                  000112fc    00000004     --HOLE-- [fill = 0]
                  00011300    0000000c     sysbios.aem4f : BIOS.obj (.text:ti_sysbios_BIOS_getThreadType__E)
                  0001130c    00000004     --HOLE-- [fill = 0]
                  00011310    0000000c                   : BIOS.obj (.text:ti_sysbios_family_arm_lm4_Timer_getMaxTicks__E)
                  0001131c    0000000c     tcpEcho_pem4f.oem4f (.text:ti_sysbios_family_arm_m3_Hwi_Params__init__S)
                  00011328    0000000c     sysbios.aem4f : BIOS.obj (.text:ti_sysbios_family_arm_m3_Hwi_disableFxn__E)
                  00011334    00000004     --HOLE-- [fill = 0]
                  00011338    0000000c                   : BIOS.obj (.text:ti_sysbios_family_arm_m3_TaskSupport_checkStack__E)
                  00011344    00000004     --HOLE-- [fill = 0]
                  00011348    0000000c                   : BIOS.obj (.text:ti_sysbios_family_arm_m3_TaskSupport_getStackAlignment__E)
                  00011354    00000004     --HOLE-- [fill = 0]
                  00011358    0000000c                   : BIOS.obj (.text:ti_sysbios_gates_GateHwi_enter__E)
                  00011364    0000000c     tcpEcho_pem4f.oem4f (.text:ti_sysbios_knl_Clock_Params__init__S)
                  00011370    0000000c     sysbios.aem4f : BIOS.obj (.text:ti_sysbios_knl_Clock_getTicks__E)
                  0001137c    0000000c     tcpEcho_pem4f.oem4f (.text:ti_sysbios_knl_Queue_Object__get__S)
                  00011388    0000000c     tcpEcho_pem4f.oem4f (.text:ti_sysbios_knl_Semaphore_Params__init__S)
                  00011394    0000000c     tcpEcho_pem4f.oem4f (.text:ti_sysbios_knl_Task_Params__init__S)
                  000113a0    0000000c     sysbios.aem4f : BIOS.obj (.text:ti_sysbios_knl_Task_getIdleTask__E)
                  000113ac    00000004     --HOLE-- [fill = 0]
                  000113b0    0000000c                   : BIOS.obj (.text:ti_sysbios_knl_Task_self__E)
                  000113bc    0000000c     ti.targets.arm.rtsarm.aem4f : Error.oem4f (.text:xdc_runtime_Error_init__E)
                  000113c8    0000000c                                 : Gate.oem4f (.text:xdc_runtime_Gate_enterSystem__E)
                  000113d4    0000000c                                 : Memory.oem4f (.text:xdc_runtime_Memory_calloc__E)
                  000113e0    0000000c                                 : Memory.oem4f (.text:xdc_runtime_Memory_getMaxDefaultTypeAlign__E)
                  000113ec    0000000a     stk.aem4f : file.oem4f (.text:fdint_signalevent)
                  000113f6    0000000a               : file.oem4f (.text:fdint_signaltimeout)
                  00011400    0000000a     tcpEcho_pem4f.oem4f (.text:xdc_runtime_IHeap_alloc)
                  0001140a    0000000a     tcpEcho_pem4f.oem4f (.text:xdc_runtime_IHeap_free)
                  00011414    00000008     EK_TM4C1294XL.obj (.text:EK_TM4C1294XL_initGPIO)
                  0001141c    00000008     driverlib.lib : emac.obj (.text:EMACTxDMAPollDemand)
                  00011424    00000008     stk.aem4f : node.oem4f (.text:NodeFree)
                  0001142c    00000008     os.aem4f : task.oem4f (.text:TaskBlock)
                  00011434    00000008     sysbios.aem4f : BIOS.obj (.text:ti_sysbios_family_arm_lm4_Timer_masterDisable__I)
                  0001143c    00000004     --HOLE-- [fill = 0]
                  00011440    00000008                   : BIOS.obj (.text:ti_sysbios_family_arm_m3_Hwi_doSwiRestore__I)
                  00011448    00000008                   : BIOS.obj (.text:ti_sysbios_family_arm_m3_Hwi_startup__E)
                  00011450    00000008                   : BIOS.obj (.text:ti_sysbios_knl_Task_getHookContext__E)
                  00011458    00000008                   : BIOS.obj (.text:ti_sysbios_knl_Task_setHookContext__E)
                  00011460    00000006     driverlib.lib : gpio.obj (.text:GPIOIntClear)
                  00011466    00000006                   : gpio.obj (.text:GPIOPinWrite)
                  0001146c    00000006                   : sysctl.obj (.text:SysCtlDelay)
                  00011472    00000006     stk.aem4f : tcpprot.oem4f (.text:TcpPrRecv)
                  00011478    00000006     ti.targets.arm.rtsarm.aem4f : xdc_noinit.oem4f (.text:__xdc__init)
                  0001147e    00000002     --HOLE-- [fill = 0]
                  00011480    00000006     sysbios.aem4f : BIOS.obj (.text:ti_sysbios_family_arm_m3_Hwi_doTaskRestore__I)
                  00011486    00000002     --HOLE-- [fill = 0]
                  00011488    00000006                   : BIOS.obj (.text:ti_sysbios_family_arm_m3_Hwi_restoreFxn__E)
                  0001148e    00000002     --HOLE-- [fill = 0]
                  00011490    00000006                   : BIOS.obj (.text:ti_sysbios_gates_GateHwi_leave__E)
                  00011496    00000002     --HOLE-- [fill = 0]
                  00011498    00000006                   : BIOS.obj (.text:ti_sysbios_heaps_HeapMem_isBlocking__E)
                  0001149e    00000002     --HOLE-- [fill = 0]
                  000114a0    00000006                   : BIOS.obj (.text:ti_sysbios_knl_Queue_Instance_init__E)
                  000114a6    00000002     --HOLE-- [fill = 0]
                  000114a8    00000006                   : BIOS.obj (.text:ti_sysbios_knl_Swi_startup__E)
                  000114ae    00000006     ti.targets.arm.rtsarm.aem4f : System.oem4f (.text:xdc_runtime_System_Module_startup__E)
                  000114b4    00000004     --HOLE-- [fill = 0]
                  000114b8    00000004     sysbios.aem4f : BIOS.obj (.text:ti_sysbios_gates_GateHwi_query__E)
                  000114bc    00000004     --HOLE-- [fill = 0]
                  000114c0    00000004                   : BIOS.obj (.text:ti_sysbios_gates_GateMutex_query__E)
                  000114c4    00000004     --HOLE-- [fill = 0]
                  000114c8    00000004                   : BIOS.obj (.text:ti_sysbios_knl_Task_startup__E)
                  000114cc    00000004     --HOLE-- [fill = 0]
                  000114d0    00000002                   : BIOS.obj (.text:ti_sysbios_gates_GateHwi_Instance_init__E)
                  000114d2    00000006     --HOLE-- [fill = 0]
                  000114d8    00000002                   : BIOS.obj (.text:ti_sysbios_knl_Clock_logTick__E)
                  000114da    00000006     --HOLE-- [fill = 0]
                  000114e0    00000002                   : BIOS.obj (.text:ti_sysbios_knl_Swi_Instance_finalize__E)

.const     0    000114e4    00002570     
                  000114e4    0000191d     tcpEcho_pem4f.oem4f (.const:xdc_runtime_Text_charTab__A)
                  00012e01    00000001     tcpEcho_pem4f.oem4f (.const:xdc_runtime_Error_policy__C)
                  00012e02    00000002     tcpEcho_pem4f.oem4f (.const:ti_catalog_arm_cortexm4_tiva_ce_Boot_Module__id__C)
                  00012e04    00000120     Boot.aem4f : Boot_sysctl.oem4f (.const:g_pppui32XTALtoVCO)
                  00012f24    00000120     driverlib.lib : sysctl.obj (.const:g_pppui32XTALtoVCO)
                  00013044    00000104     tcpEcho_pem4f.oem4f (.const:.string)
                  00013148    000000d4     tcpEcho_pem4f.oem4f (.const:xdc_runtime_Text_nodeTab__A)
                  0001321c    00000090     driverlib.lib : gpio.obj (.const:g_pui32GPIOBaseAddrs)
                  000132ac    0000006c     Boot.aem4f : Boot_sysctl.oem4f (.const:g_pui32Xtals)
                  00013318    0000006c     driverlib.lib : sysctl.obj (.const:g_pui32Xtals)
                  00013384    00000054     drivers_tivaware.aem4f : GPIOTiva.oem4f (.const:.string)
                  000133d8    00000054     stk.aem4f : sockprot.oem4f (.const:Code2Err)
                  0001342c    00000048     drivers_tivaware.aem4f : GPIOTiva.oem4f (.const:gpioBaseAddresses)
                  00013474    0000003e     stk.aem4f : rtc.oem4f (.const:.string)
                  000134b2    00000002     tcpEcho_pem4f.oem4f (.const:ti_sysbios_family_arm_m3_Hwi_Module__id__C)
                  000134b4    0000003c     tcpEcho_pem4f.oem4f (.const:ti_sysbios_knl_Task_Object__PARAMS__C)
                  000134f0    00000030     Boot.aem4f : Boot_sysctl.oem4f (.const:g_sXTALtoMEMTIM)
                  00013520    00000030     driverlib.lib : sysctl.obj (.const:g_sXTALtoMEMTIM)
                  00013550    00000030     tcpEcho_pem4f.oem4f (.const:ti_sysbios_family_arm_m3_Hwi_Object__PARAMS__C)
                  00013580    00000028     tcpEcho_pem4f.oem4f (.const:ti_sysbios_heaps_HeapMem_Module__FXNS__C)
                  000135a8    00000028     tcpEcho_pem4f.oem4f (.const:ti_sysbios_knl_Swi_Object__PARAMS__C)
                  000135d0    00000024     tcpEcho_pem4f.oem4f (.const:ti_sysbios_gates_GateHwi_Module__FXNS__C)
                  000135f4    00000024     tcpEcho_pem4f.oem4f (.const:ti_sysbios_gates_GateMutex_Module__FXNS__C)
[...]
000136c4  ti_sysbios_gates_GateMutex_Object__DESC__C                           
000136e4  ti_sysbios_heaps_HeapMem_Object__DESC__C                             
00013704  ti_sysbios_knl_Clock_Object__DESC__C                                 
00013724  ti_sysbios_knl_Queue_Object__DESC__C                                 
00013744  ti_sysbios_knl_Semaphore_Object__DESC__C                             
00013764  ti_sysbios_knl_Swi_Object__DESC__C                                   
00013784  ti_sysbios_knl_Task_Object__DESC__C                                  
000137a4  xdc_runtime_Startup_sfxnTab__A                                       
000137c4  EMAC_config                                                          
000137f4  ti_ndk_config_Global_rawPageSize                                     
000137f8  ti_ndk_config_Global_rawPageCount                                    
000137fc  ti_ndk_config_Global_smallest                                        
00013800  ti_ndk_config_Global_largest                                         
00013804  ti_ndk_config_Global_numFrameBuf                                     
00013808  ti_ndk_config_Global_sizeFrameBuf                                    
0001380c  ti_sysbios_gates_GateHwi_Object__PARAMS__C                           
00013824  ti_sysbios_gates_GateMutex_Object__PARAMS__C                         
0001383c  ti_sysbios_knl_Queue_Object__PARAMS__C                               
00013854  ti_sysbios_knl_Task_hooks__A                                         
0001386c  GPIOTiva_config                                                      
00013880  xdc_runtime_Startup_firstFxns__A                                     
00013894  emacHWAttrs                                                          
000138a4  xdc_runtime_Startup_sfxnRts__A                                       
000138c4  EMACSnow_fxnTable                                                    
000138cc  ti_sysbios_family_arm_m3_Hwi_excHookFuncs__A                         
000138d4  ti_sysbios_knl_Idle_funcList__A                                      
000138dc  ti_sysbios_knl_Idle_funcList__C                                      
000138e4  ti_sysbios_knl_Task_hooks__C                                         
000138ec  xdc_runtime_Startup_firstFxns__C                                     
000138f4  xdc_runtime_Startup_lastFxns__C                                      
000138fc  ti_catalog_arm_cortexm4_tiva_ce_Boot_A_mustNotUseEnhancedClockMode__C
00013900  ti_catalog_arm_cortexm4_tiva_ce_Boot_Module__diagsEnabled__C         
00013904  ti_catalog_arm_cortexm4_tiva_ce_Boot_Module__diagsIncluded__C        
00013908  ti_catalog_arm_cortexm4_tiva_ce_Boot_Module__diagsMask__C            
0001390c  ti_sysbios_family_arm_lm4_Timer_enableFunc__C                        
00013910  ti_sysbios_family_arm_lm4_Timer_numTimerDevices__C                   
00013914  ti_sysbios_family_arm_lm4_Timer_startupNeeded__C                     
00013918  ti_sysbios_family_arm_m3_Hwi_E_NMI__C                                
0001391c  ti_sysbios_family_arm_m3_Hwi_E_alreadyDefined__C                     
00013920  ti_sysbios_family_arm_m3_Hwi_E_busFault__C                           
00013924  ti_sysbios_family_arm_m3_Hwi_E_debugMon__C                           
00013928  ti_sysbios_family_arm_m3_Hwi_E_hardFault__C                          
0001392c  ti_sysbios_family_arm_m3_Hwi_E_memFault__C                           
00013930  ti_sysbios_family_arm_m3_Hwi_E_noIsr__C                              
00013934  ti_sysbios_family_arm_m3_Hwi_E_reserved__C                           
00013938  ti_sysbios_family_arm_m3_Hwi_E_svCall__C                             
0001393c  ti_sysbios_family_arm_m3_Hwi_E_usageFault__C                         
00013940  ti_sysbios_family_arm_m3_Hwi_NUM_INTERRUPTS__C                       
00013944  ti_sysbios_family_arm_m3_Hwi_Object__count__C                        
00013948  ti_sysbios_family_arm_m3_Hwi_ccr__C                                  
0001394c  ti_sysbios_family_arm_m3_Hwi_excHandlerFunc__C                       
00013950  ti_sysbios_family_arm_m3_Hwi_excHookFuncs__C                         
00013954  ti_sysbios_family_arm_m3_Hwi_nullIsrFunc__C                          
00013958  ti_sysbios_family_arm_m3_Hwi_priGroup__C                             
0001395c  ti_sysbios_family_arm_m3_TaskSupport_stackAlignment__C               
00013960  ti_sysbios_gates_GateMutex_Instance_State_sem__O                     
00013964  ti_sysbios_hal_Hwi_E_stackOverflow__C                                
00013968  ti_sysbios_heaps_HeapMem_E_memory__C                                 
0001396c  ti_sysbios_heaps_HeapMem_Module__gateObj__C                          
00013970  ti_sysbios_heaps_HeapMem_Object__count__C                            
00013974  ti_sysbios_heaps_HeapMem_reqAlign__C                                 
00013978  ti_sysbios_knl_Clock_Module_State_clockQ__O                          
0001397c  ti_sysbios_knl_Semaphore_Instance_State_pendQ__O                     
00013980  ti_sysbios_knl_Swi_Object__count__C                                  
00013984  ti_sysbios_knl_Task_E_deleteNotAllowed__C                            
00013988  ti_sysbios_knl_Task_E_spOutOfBounds__C                               
0001398c  ti_sysbios_knl_Task_E_stackOverflow__C                               
00013990  ti_sysbios_knl_Task_Module_State_inactiveQ__O                        
00013994  ti_sysbios_knl_Task_Module_State_terminatedQ__O                      
00013998  ti_sysbios_knl_Task_Object__count__C                                 
0001399c  ti_sysbios_knl_Task_Object__heap__C                                  
000139a0  ti_sysbios_knl_Task_allBlockedFunc__C                                
000139a4  ti_sysbios_knl_Task_defaultStackHeap__C                              
000139a8  ti_sysbios_knl_Task_defaultStackSize__C                              
000139ac  ti_sysbios_knl_Task_numConstructedTasks__C                           
000139b0  xdc_runtime_Assert_E_assertFailed__C                                 
000139b4  xdc_runtime_Core_A_initializedParams__C                              
000139b8  xdc_runtime_Core_Module__diagsEnabled__C                             
000139bc  xdc_runtime_Core_Module__diagsIncluded__C                            
000139c0  xdc_runtime_Core_Module__diagsMask__C                                
000139c4  xdc_runtime_Error_E_memory__C                                        
000139c8  xdc_runtime_Error_Module__diagsEnabled__C                            
000139cc  xdc_runtime_Error_Module__diagsIncluded__C                           
000139d0  xdc_runtime_Error_Module__diagsMask__C                               
000139d4  xdc_runtime_Error_Module__loggerFxn8__C                              
000139d8  xdc_runtime_Error_Module__loggerObj__C                               
000139dc  xdc_runtime_Error_policyFxn__C                                       
000139e0  xdc_runtime_Error_raiseHook__C                                       
000139e4  xdc_runtime_IGateProvider_Interface__BASE__C                         
000139e8  xdc_runtime_IHeap_Interface__BASE__C                                 
000139ec  xdc_runtime_IModule_Interface__BASE__C                               
000139f0  xdc_runtime_Log_L_error__C                                           
000139f4  xdc_runtime_Memory_defaultHeapInstance__C                            
000139f8  xdc_runtime_Startup_execImpl__C                                      
000139fc  xdc_runtime_Startup_maxPasses__C                                     
00013a00  xdc_runtime_Startup_sfxnRts__C                                       
00013a04  xdc_runtime_Startup_sfxnTab__C                                       
00013a08  xdc_runtime_SysMin_bufSize__C                                        
00013a0c  xdc_runtime_SysMin_outputFunc__C                                     
00013a10  xdc_runtime_System_Module__gateObj__C                                
00013a14  xdc_runtime_System_abortFxn__C                                       
00013a18  xdc_runtime_System_exitFxn__C                                        
00013a1c  xdc_runtime_System_extendFxn__C                                      
00013a20  xdc_runtime_System_maxAtexitHandlers__C                              
00013a24  xdc_runtime_Text_charTab__C                                          
00013a28  xdc_runtime_Text_nameEmpty__C                                        
00013a2c  xdc_runtime_Text_nameStatic__C                                       
00013a30  xdc_runtime_Text_nameUnknown__C                                      
00013a34  xdc_runtime_Text_nodeTab__C                                          
00013a38  xdc_runtime_Text_visitRopeFxn__C                                     
00013a3c  ti_sysbios_hal_Hwi_Module__id__C                                     
00013a3e  ti_sysbios_heaps_HeapMem_Module__id__C                               
00013a40  ti_sysbios_knl_Task_Module__id__C                                    
00013a42  xdc_runtime_Core_Module__id__C                                       
00013a44  xdc_runtime_Error_Module__loggerDefined__C                           
00013a46  xdc_runtime_Error_maxDepth__C                                        
00013a48  xdc_runtime_Memory_Module__id__C                                     
00013a4a  xdc_runtime_SysMin_flushAtExit__C                                    
00013a4c  xdc_runtime_Text_charCnt__C                                          
00013a4e  xdc_runtime_Text_isLoaded__C                                         
00013a50  xdc_runtime_Text_registryModsLastId__C                               
00013a52  xdc_runtime_Text_unnamedModsLastId__C                                
00013a58  __TI_static_base__                                                   
00013dbc  __TI_Handler_Table_Base                                              
00013dc8  __TI_Handler_Table_Limit                                             
00013dd8  __TI_CINIT_Base                                                      
00013df0  __TI_CINIT_Limit                                                     
20000000  ti_sysbios_family_arm_m3_Hwi_ramVectors                              
20000380  ti_sysbios_heaps_HeapMem_Instance_State_0_buf__A                     
20005380  ti_ndk_config_Global_pit                                             
20005428  ti_ndk_config_Global_pitBuffer                                       
20009c28  _ICMPIn                                                              
20009c74  PBMQ_free                                                            
20009c80  ti_ndk_config_Global_pBufMem                                         
2000d880  ti_ndk_config_Global_pHdrMem                                         
2000db78  ti_sysbios_knl_Task_Instance_State_0_stack__A                        
2000e178  ti_sysbios_knl_Task_Instance_State_1_stack__A                        
2000e378  ti_sysbios_family_arm_m3_Hwi_dispatchTable                           
2000e6d8  __CIOBUF_                                                            
2000e8f8  tcps                                                                 
2000ec14  xdc_runtime_SysMin_Module_State_0_outbuf__A                          
2000ec94  ips                                                                  
2000ecfc  nimu_mcb                                                             
2000ed60  _ICMPOut                                                             
2000edec  vlan_mcb                                                             
2000ee38  udps                                                                 
2000ee5c  BlockCount                                                           
2000ee78  BlockMax                                                             
2000ee94  PageCount                                                            
2000eeb0  PageMax                                                              
2000eecc  stkEvent                                                             
2000ef08  raweths                                                              
2000ef18  raws                                                                 
2000ef28  tpseudo                                                              
2000ef34  upseudo                                                              
2000ef48  emacObjects                                                          
2000ef74  _IGMPInDiscard                                                       
2000ef78  _IGMPInQuery                                                         
2000ef7c  _IGMPInQueryGroup                                                    
2000ef80  _IGMPInResponse                                                      
2000ef84  _IGMPOutResponse                                                     
2000ef88  g_ui32SysClock                                                       
2000ef8c  g_ulStatus                                                           
2000efa0  raweth_pcb                                                           
2000efa4  ti_sysbios_knl_Task_Instance_State_0_hookEnv__A                      
2000efa8  ti_sysbios_knl_Task_Instance_State_1_hookEnv__A                      
2000efac  _ipcfg                                                               
2000f060  ti_sysbios_knl_Task_Object__table__V                                 
2000f0f8  ti_sysbios_knl_Swi_Module_State_0_readyQ__A                          
2000f178  ti_sysbios_knl_Task_Module_State_0_readyQ__A                         
2000f246  ti_sysbios_family_arm_m3_Hwi_Module_State_0_excActive__A             
2000f248  ti_sysbios_knl_Task_Module__state__V                                 
2000f30c  ti_sysbios_family_arm_lm4_Timer_Module_State_0_device__A             
2000f34c  ti_sysbios_family_arm_lm4_Timer_Object__table__V                     
2000f38c  ti_sysbios_gates_GateMutex_Object__table__V                          
2000f3f8  ti_sysbios_family_arm_m3_Hwi_Module__state__V                        
2000f42c  enablePrefetch                                                       
2000f430  phyCounter                                                           
2000f45e  xdc_runtime_Error_Module__state__V                                   
2000f490  ti_sysbios_knl_Swi_Object__table__V                                  
2000f4c0  ti_sysbios_knl_Clock_Module__state__V                                
2000f4ec  pstrMsgName                                                          
2000f514  _oscfg                                                               
2000f538  PITCount                                                             
2000f53c  PITUsed                                                              
2000f540  PITHigh                                                              
2000f55c  ti_sysbios_BIOS_Module__state__V                                     
2000f580  ti_sysbios_family_arm_lm4_Timer_Module_State_0_handles__A            
2000f5bc  ti_ndk_config_Global_Id2Size                                         
2000f5d8  ti_sysbios_knl_Swi_Module__state__V                                  
2000f624  ti_ndk_config_Global_HostName                                        
2000f628  LocalIPAddr                                                          
2000f62c  LocalIPMask                                                          
2000f630  GatewayIP                                                            
2000f634  DomainName                                                           
2000f638  __xdc__init__addr                                                    
2000f63c  ti_sysbios_family_arm_m3_Hwi_Object__table__V                        
2000f654  ti_sysbios_heaps_HeapMem_Object__table__V                            
2000f680  gpioPinConfigs                                                       
2000f698  _IGMPForceVersion1                                                   
2000f6a0  __TI_cleanup_ptr                                                     
2000f6a4  __TI_dtors_ptr                                                       
2000f6a8  __TI_enable_exit_profile_output                                      
2000f6ac  ti_sysbios_family_arm_lm4_Timer_Module__state__V                     
2000f6b8  xdc_runtime_SysMin_Module__state__V                                  
2000f6d0  _lock                                                                
2000f6d4  _unlock                                                              
2000f6d8  NIMUDeviceTable                                                      
2000f6e0  gpioCallbackFunctions                                                
2000f6f8  _ICMPInErrors                                                        
2000f6fc  _ICMPOutErrors                                                       
2000f700  _IPExecuting                                                         
2000f718  tcp_iss                                                              
2000f71c  ptTimeFirst                                                          
2000f728  ti_sysbios_family_arm_m3_Hwi_Module__root__V                         
2000f730  ti_sysbios_gates_GateHwi_Module__root__V                             
2000f738  ti_sysbios_gates_GateMutex_Module__root__V                           
2000f740  ti_sysbios_heaps_HeapMem_Module__root__V                             
2000f748  ti_sysbios_knl_Clock_Module__root__V                                 
2000f750  ti_sysbios_knl_Queue_Module__root__V                                 
2000f758  ti_sysbios_knl_Semaphore_Module__root__V                             
2000f760  ti_sysbios_knl_Swi_Module__root__V                                   
2000f768  ti_sysbios_knl_Task_Module__root__V                                  
2000f770  xdc_runtime_Registry_Module__state__V                                
2000f778  xdc_runtime_Startup_Module__state__V                                 
2000f780  xdc_runtime_System_Module_State_0_atexitHandlers__A                  
2000f788  xdc_runtime_System_Module__state__V                                  
2000f790  macAddress                                                           
2000f7b0  main_func_sp                                                         
2000f7b8  _IPReasmPtr                                                          
2000f7c8  ti_sysbios_family_arm_m3_Hwi_Module_State_0_excContext__A            
2000f7cc  ti_sysbios_family_arm_m3_Hwi_Module_State_0_excStack__A              
2000f7d0  ti_sysbios_gates_GateHwi_Object__table__V                            
2000f7d4  ti_sysbios_knl_Task_Module_State_0_idleTask__A                       
2000f7d8  xdc_runtime_Memory_Module__state__V                                  
2000f7dc  __stack                                                              
2000ffdc  __STACK_END                                                          
e000e000  ti_sysbios_family_arm_m3_Hwi_nvic                                    
ffffffff  __TI_pprof_out_hndl                                                  
ffffffff  __TI_prof_data_size                                                  
ffffffff  __TI_prof_data_start                                                 
ffffffff  __binit__                                                            
ffffffff  __c_args__                                                           
ffffffff  binit                                                                
UNDEFED   SHT$$INIT_ARRAY$$Base                                                
UNDEFED   SHT$$INIT_ARRAY$$Limit                                               

[979 symbols]
