******************************************************************************
                  TI ARM Linker PC v16.9.1                     
******************************************************************************
>> Linked Fri Jun 09 14:13:28 2017

OUTPUT FILE NAME:   <tcpEcho_EK_TM4C1294XL_TI.out>
ENTRY POINT SYMBOL: "_c_int00"  address: 0000d19d


MEMORY CONFIGURATION

         name            origin    length      used     unused   attr    fill
----------------------  --------  ---------  --------  --------  ----  --------
  FLASH                 00000000   00100000  00013c86  000ec37a  R  X
  SRAM                  20000000   00040000  0000ffbc  00030044  RW X


SEGMENT ALLOCATION MAP

run origin  load origin   length   init length attrs members
----------  ----------- ---------- ----------- ----- -------
00000000    00000000    00013c90   00013c90    r-x
  00000000    00000000    0000003c   0000003c    r-- .resetVecs
  00000040    00000040    00011342   00011342    r-x .text
  00011384    00011384    00002570   00002570    r-- .const
  000138f8    000138f8    00000398   00000398    r-- .cinit
20000000    20000000    00000360   00000000    rw-
  20000000    20000000    00000360   00000000    rw- .vecs
20000380    20000380    0000fc5c   00000000    rw-
  20000380    20000380    0000ec2c   00000000    rw- .bss
  2000efac    2000efac    00000830   00000000    rw- .data
  2000f7dc    2000f7dc    00000800   00000000    rw- .stack


SECTION ALLOCATION MAP

 output                                  attributes/
section   page    origin      length       input sections
--------  ----  ----------  ----------   ----------------
.text      0    00000040    00011342     
                  00000040    00000c68     stk.aem4f : tcpin.oem4f (.text:TcpInput)
                  00000ca8    000008b8               : tcpout.oem4f (.text:TcpOutput)
                  00001560    00000430     sysbios.aem4f : BIOS.obj (.text:ti_sysbios_family_arm_m3_Hwi_excDumpRegs__I)
                  00001990    00000408     stk.aem4f : ipout.oem4f (.text:IPTxPacket)
                  00001d98    00000384               : ipin.oem4f (.text:IPRxPacket)
                  0000211c    0000034c     ti.targets.arm.rtsarm.aem4f : System.oem4f (.text:xdc_runtime_System_doPrint__I)
                  00002468    00000324     rtsv7M4_T_le_v4SPD16_eabi.lib : trgdrv.obj (.text)
                  0000278c    00000284     stk.aem4f : sock.oem4f (.text:SockSet)
                  00002a10    0000024c               : ipfrag.oem4f (.text:IPReasm)
                  00002c5c    0000023c               : icmpin.oem4f (.text:ICMPInput)
                  00002e98    00000238               : udp.oem4f (.text:UdpInput)
                  000030d0    00000204     driverlib.lib : sysctl.obj (.text:SysCtlClockFreqSet)
                  000032d4    00000204     Boot.aem4f : Boot_sysctl.oem4f (.text:ti_catalog_arm_cortexm4_tiva_ce_Boot_sysCtlClockFreqSetI__I)
                  000034d8    000001fc     sysbios.aem4f : BIOS.obj (.text:ti_sysbios_family_arm_m3_Hwi_excHandlerMax__I)
                  000036d4    000001f4     stk.aem4f : sock.oem4f (.text:SockRecv)
                  000038c8    000001b8     drivers_tivaware.aem4f : EMACSnow.oem4f (.text:EMACSnow_NIMUInit)
                  00003a80    000001b0     stk.aem4f : lliout.oem4f (.text:LLITxIpPacket)
                  00003c30    000001ac               : lliin.oem4f (.text:LLIRxPacket)
                  00003ddc    0000019c     os.aem4f : mem.oem4f (.text:mmAlloc)
                  00003f78    00000198     stk.aem4f : igmp.oem4f (.text:IGMPInput)
                  00004110    00000190               : sock.oem4f (.text:SockNew)
                  000042a0    00000174     netctrl_min_ipv4.aem4f : netctrl.oem4f (.text:NC_NetStart)
                  00004414    00000004     stk.aem4f : bind.oem4f (.text:BindGetIF)
                  00004418    00000174     sysbios.aem4f : BIOS.obj (.text:ti_sysbios_family_arm_m3_Hwi_excBusFault__I)
                  0000458c    00000170     stk.aem4f : rtc.oem4f (.text:RTCReport)
                  000046fc    0000016a               : sb.oem4f (.text:SBRead)
                  00004866    00000002     hal_userled_stub.aem4f : llled.oem4f (.text:LED_TOGGLE)
                  00004868    00000164     sysbios.aem4f : BIOS.obj (.text:ti_sysbios_family_arm_m3_Hwi_excUsageFault__I)
                  000049cc    00000160     stk.aem4f : sock.oem4f (.text:SockConnect)
                  00004b2c    00000158     nettool_ipv4.aem4f : dhcpmain.oem4f (.text:DHCPOpen)
                  00004c84    00000150     drivers_tivaware.aem4f : GPIOTiva.oem4f (.text:GPIO_setConfig)
                  00004dd4    00000004     stk.aem4f : bind.oem4f (.text:BindGetNext)
                  00004dd8    00000150     sysbios.aem4f : BIOS.obj (.text:ti_sysbios_knl_Task_Instance_finalize__E)
                  00004f28    00000148                   : BIOS.obj (.text:ti_sysbios_family_arm_m3_Hwi_excMemFault__I)
                  00005070    00000144     stk.aem4f : bind.oem4f (.text:BindNew)
                  000051b4    00000140               : tcp.oem4f (.text:TcpTimeoutCheck)
                  000052f4    0000013c     nettool_ipv4.aem4f : config.oem4f (.text:CfgAddEntry)
                  00005430    0000013c     stk.aem4f : sockint.oem4f (.text:SockNotify)
                  0000556c    0000013c               : sock.oem4f (.text:SockSend)
                  000056a8    00000138     sysbios.aem4f : BIOS.obj (.text:ti_sysbios_knl_Semaphore_pend__E)
                  000057e0    00000134     stk.aem4f : icmp.oem4f (.text:ICMPGenPacket)
                  00005914    00000130     driverlib.lib : gpio.obj (.text:GPIOPadConfigSet)
                  00005a44    0000012c     EK_TM4C1294XL.obj (.text:EK_TM4C1294XL_initEMAC)
                  00005b70    00000124     stk.aem4f : sockpcb.oem4f (.text:SockPcbResolve)
                  00005c94    00000124               : udp.oem4f (.text:UdpOutput)
                  00005db8    00000124     tcpEcho_pem4f.oem4f (.text:ti_ndk_config_Global_stackThread)
                  00005edc    00000118     stk.aem4f : tcpout.oem4f (.text:TcpGenPacket)
                  00005ff4    00000118     ti.targets.arm.rtsarm.aem4f : Error.oem4f (.text:xdc_runtime_Error_policyDefault__E)
                  0000610c    00000114     stk.aem4f : nimu.oem4f (.text:NIMUIoctl)
                  00006220    00000114     tcpEcho.obj (.text:main)
                  00006334    00000110     stk.aem4f : node.oem4f (.text:NodeTreeFree)
                  00006444    00000110               : raw.oem4f (.text:RawInput)
                  00006554    0000010c               : rtable.oem4f (.text:RtFind)
                  00006660    0000010a               : route.oem4f (.text:RtCreate)
                  0000676a    00000002               : nat.oem4f (.text:NatMsg)
                  0000676c    00000108     drivers_tivaware.aem4f : EMACSnow.oem4f (.text:EMACSnow_emacStart)
                  00006874    00000004     os.aem4f : ossys.oem4f (.text:NDK_vsprintf)
                  00006878    00000108     sysbios.aem4f : BIOS.obj (.text:ti_sysbios_family_arm_lm4_Timer_start__E)
                  00006980    00000104     os.aem4f : task.oem4f (.text:llEnter)
                  00006a84    00000102     nettool_ipv4.aem4f : dhcppkt.oem4f (.text:dhcpPacketProcess)
                  00006b86    00000102                        : inetaddr.oem4f (.text:inet_aton)
                  00006c88    00000100     stk.aem4f : igmp.oem4f (.text:IGMPSendReply)
                  00006d88    00000100     ti.targets.arm.rtsarm.aem4f : Core-mem.oem4f (.text:xdc_runtime_Core_createObject__I)
                  00006e88    000000fc     netctrl_min_ipv4.aem4f : netctrl.oem4f (.text:NetScheduler)
                  00006f84    000000fc     tcpEcho.obj (.text:tcpHandler)
                  00007080    000000f8     stk.aem4f : pipe.oem4f (.text:PipeRecv)
                  00007178    000000f8     ti.targets.arm.rtsarm.aem4f : Startup.oem4f (.text:xdc_runtime_Startup_startMods__I)
                  00007270    000000f8     tcpEcho_pem4f.oem4f (.text:xdc_runtime_System_printfExtend__I)
                  00007368    000000f4     os.aem4f : task.oem4f (.text:TaskGetEnv)
                  0000745c    000000f4     sysbios.aem4f : m3_Hwi_asm.obj (.text:ti_sysbios_family_arm_m3_Hwi_dispatch__I)
                  00007550    000000f4                   : BIOS.obj (.text:ti_sysbios_knl_Task_Instance_init__E)
                  00007644    000000f0     stk.aem4f : lliout.oem4f (.text:LLIGenArpPacket)
                  00007734    000000f0               : sock.oem4f (.text:SockClose)
                  00007824    00000004               : node.oem4f (.text:NodeSetRt)
                  00007828    000000ec     sysbios.aem4f : BIOS.obj (.text:ti_sysbios_knl_Task_postInit__I)
                  00007914    000000e8     os.aem4f : task.oem4f (.text:TaskSetEnv)
                  000079fc    000000e0     stk.aem4f : tcptime.oem4f (.text:TcpTimeoutRexmt)
                  00007adc    000000dc               : sb.oem4f (.text:SBWrite)
                  00007bb8    000000dc     nettool_ipv4.aem4f : dhcpsock.oem4f (.text:dhcpSocketOpen)
                  00007c94    000000dc                        : dhcpsm.oem4f (.text:dhcpState)
                  00007d70    000000d8     stk.aem4f : node.oem4f (.text:NodeAdd)
                  00007e48    000000d8               : tcpprot.oem4f (.text:TcpPrSetOption)
                  00007f20    000000d4     drivers_tivaware.aem4f : EMACSnow.oem4f (.text:EMACSnow_handleRx)
                  00007ff4    000000d4     stk.aem4f : sockpcb.oem4f (.text:SockPcbBind)
                  000080c8    000000d1               : nimu.oem4f (.text:NIMUReceivePacket)
                  00008199    00000001     --HOLE-- [fill = 0]
                  0000819a    00000002     os.aem4f : task.oem4f (.text:_TaskInit)
                  0000819c    000000cc     stk.aem4f : icmp.oem4f (.text:ICMPSendRtAdv)
                  00008268    000000cc     nettool_ipv4.aem4f : dhcpbild.oem4f (.text:dhcpBuildHeader)
                  00008334    000000cc                        : dhcpsm.oem4f (.text:dhcpIPAdd)
                  00008400    000000cc                        : dhcppkt.oem4f (.text:dhcpVerifyMessage)
                  000084cc    00000004     stk.aem4f : rawethsock_prot.oem4f (.text:RawEthSockPrAttach)
                  000084d0    000000cc     sysbios.aem4f : BIOS.obj (.text:ti_sysbios_heaps_HeapMem_alloc__E)
                  0000859c    000000cc     ti.targets.arm.rtsarm.aem4f : Core-smem.oem4f (.text:xdc_runtime_Core_constructObject__I)
                  00008668    000000c8     stk.aem4f : rawethsock.oem4f (.text:RawEthSockNew)
                  00008730    000000c8     netctrl_min_ipv4.aem4f : netsrv.oem4f (.text:SPIpNet)
                  000087f8    000000c8     sysbios.aem4f : BIOS.obj (.text:ti_sysbios_knl_Task_sleep__E)
                  000088c0    000000c4     drivers_tivaware.aem4f : EMACSnow.oem4f (.text:EMACSnow_InitDMADescriptors)
                  00008984    000000c4     stk.aem4f : igmp.oem4f (.text:IGMPJoinHostGroup)
                  00008a48    000000c4     nettool_ipv4.aem4f : dhcpsm.oem4f (.text:StateBound)
                  00008b0c    000000bc     stk.aem4f : sockpcb.oem4f (.text:SockPcbFind)
                  00008bc8    000000bc               : vlan.oem4f (.text:VLANDeinit)
                  00008c84    00000004               : rawethsock_prot.oem4f (.text:RawEthSockPrDetach)
                  00008c88    000000bc     sysbios.aem4f : BIOS.obj (.text:ti_sysbios_family_arm_m3_Hwi_excDebugMon__I)
                  00008d44    00000004     os.aem4f : semaphore.oem4f (.text:SemPend)
                  00008d48    000000bc     sysbios.aem4f : BIOS.obj (.text:ti_sysbios_family_arm_m3_Hwi_excHardFault__I)
                  00008e04    000000b8     EK_TM4C1294XL.obj (.text:EK_TM4C1294XL_initGeneral)
                  00008ebc    000000b8     stk.aem4f : icmpin.oem4f (.text:ICMPRevSrcRoute)
                  00008f74    000000b8               : lli.oem4f (.text:_LLITimeoutCheck)
                  0000902c    00000004     os.aem4f : semaphore.oem4f (.text:SemPost)
                  00009030    000000b8     sysbios.aem4f : BIOS.obj (.text:ti_sysbios_knl_Task_exit__E)
                  000090e8    000000b4     stk.aem4f : tcptime.oem4f (.text:TcpTimeoutKeep)
                  0000919c    00000004     os.aem4f : semaphore.oem4f (.text:SemReset)
                  000091a0    000000b4     sysbios.aem4f : BIOS.obj (.text:ti_sysbios_knl_Task_checkStacks__E)
                  00009254    000000b0     stk.aem4f : rawethsock.oem4f (.text:RawEthSockSet)
                  00009304    000000ac               : rtable.oem4f (.text:RtTimeoutCheck)
                  000093b0    000000ac     tcpEcho_pem4f.oem4f (.text:ti_ndk_config_ip_init)
                  0000945c    00000004     os.aem4f : task.oem4f (.text:TaskSelf)
                  00009460    000000ac     sysbios.aem4f : BIOS.obj (.text:ti_sysbios_family_arm_lm4_Timer_enableTiva__I)
                  0000950c    000000a8     stk.aem4f : sockint.oem4f (.text:SockCreatePacket)
                  000095b4    00000004     os.aem4f : task.oem4f (.text:TaskSetPri)
                  000095b8    000000a4     sysbios.aem4f : BIOS.obj (.text:ti_sysbios_knl_Task_setPri__E)
                  0000965c    000000a0     stk.aem4f : ip.oem4f (.text:IPGetRoute)
                  000096fc    000000a0     auto_init.aem4f : auto_init.oem4f (.text)
                  0000979c    000000a0     ti.targets.arm.rtsarm.aem4f : Text.oem4f (.text:xdc_runtime_Text_putMod__E)
                  0000983c    0000009e     stk.aem4f : nimu.oem4f (.text:NIMUAddEthernetHeader)
                  000098da    0000009e     nettool_ipv4.aem4f : dhcpbild.oem4f (.text:dhcpBuildRequest)
                  00009978    0000009c     stk.aem4f : exec.oem4f (.text:ExecOpen)
                  00009a14    0000009c     rtsv7M4_T_le_v4SPD16_eabi.lib : memcpy_t2.obj (.text)
                  00009ab0    0000009c     sysbios.aem4f : BIOS.obj (.text:ti_sysbios_knl_Task_schedule__I)
                  00009b4c    0000009a     ti.targets.arm.rtsarm.aem4f : Text.oem4f (.text:xdc_runtime_Text_putSite__E)
                  00009be6    00000002     os.aem4f : task.oem4f (.text:_TaskShutdown)
                  00009be8    00000098     netctrl_min_ipv4.aem4f : netctrl.oem4f (.text:NC_SystemOpen)
                  00009c80    00000098                            : netsrv.oem4f (.text:ServiceScan)
                  00009d18    00000098     Boot.aem4f : Boot.oem4f (.text:ti_catalog_arm_cortexm4_tiva_ce_Boot_sysCtlClockFreqSet__E)
                  00009db0    00000094     nettool_ipv4.aem4f : config.oem4f (.text:CfgRemoveEntry)
                  00009e44    00000004     hal_ser_stub.aem4f : llserstb.oem4f (.text:_llSerialInit)
                  00009e48    00000094     sysbios.aem4f : BIOS.obj (.text:ti_sysbios_family_arm_m3_Hwi_Instance_init__E)
                  00009edc    00000004     stk.aem4f : listlib.oem4f (.text:list_get_head)
                  00009ee0    00000094     sysbios.aem4f : BIOS.obj (.text:ti_sysbios_family_arm_m3_Hwi_initNVIC__E)
                  00009f74    00000090     nettool_ipv4.aem4f : config.oem4f (.text:CfgExecute)
                  0000a004    00000090     stk.aem4f : igmp.oem4f (.text:IGMPMsg)
                  0000a094    00000090     os.aem4f : mem.oem4f (.text:mmBulkAlloc)
                  0000a124    00000004     stk.aem4f : listlib.oem4f (.text:list_get_next)
                  0000a128    00000090     sysbios.aem4f : BIOS.obj (.text:ti_sysbios_knl_Task_Module_startup__E)
                  0000a1b8    00000090                   : BIOS.obj (.text:ti_sysbios_knl_Task_startCore__E)
                  0000a248    0000008c     drivers_tivaware.aem4f : GPIOTiva.oem4f (.text:GPIO_init)
                  0000a2d4    0000008c     stk.aem4f : ip.oem4f (.text:IPMsg)
                  0000a360    0000008c     os.aem4f : mem.oem4f (.text:_mmInit)
                  0000a3ec    0000008c              : mem.oem4f (.text:mmInitPage)
                  0000a478    0000008c     sysbios.aem4f : m3_TaskSupport_asm.obj (.text:ti_sysbios_family_arm_m3_TaskSupport_buildTaskStack)
                  0000a504    0000008a     netctrl_min_ipv4.aem4f : netsrv.oem4f (.text:SPRoute)
                  0000a58e    00000002     hal_ser_stub.aem4f : llserstb.oem4f (.text:_llSerialServiceCheck)
                  0000a590    00000088     netctrl_min_ipv4.aem4f : netsrv.oem4f (.text:ServiceSpawn)
                  0000a618    00000088     stk.aem4f : sockpcb.oem4f (.text:SockPcbCtlError)
                  0000a6a0    00000086     nettool_ipv4.aem4f : dhcpsm.oem4f (.text:StateRequesting)
                  0000a726    00000002     hal_ser_stub.aem4f : llserstb.oem4f (.text:_llSerialShutdown)
                  0000a728    00000084     nettool_ipv4.aem4f : config.oem4f (.text:CfgGetEntry)
                  0000a7ac    00000084     drivers_tivaware.aem4f : EMACSnow.oem4f (.text:EMACSnow_processPhyInterrupt)
                  0000a830    00000084     stk.aem4f : tcpprot.oem4f (.text:TcpPrAttach)
                  0000a8b4    00000084     os.aem4f : mem.oem4f (.text:mmBulkFree)
                  0000a938    00000084              : mem.oem4f (.text:mmFree)
                  0000a9bc    00000004     tcpEcho_pem4f.oem4f (.text:ti_ndk_config_Global_NetworkOpen)
                  0000a9c0    00000084     sysbios.aem4f : BIOS.obj (.text:ti_sysbios_family_arm_m3_Hwi_postInit__I)
                  0000aa44    00000082     nettool_ipv4.aem4f : dhcpsm.oem4f (.text:StateRenewRebind)
                  0000aac6    00000002     hal_userled_stub.aem4f : llled.oem4f (.text:_llUserLedInit)
                  0000aac8    00000080     drivers_tivaware.aem4f : EMACSnow.oem4f (.text:EMACSnow_emacStop)
                  0000ab48    00000080                            : EMACSnow.oem4f (.text:EMACSnow_processPendingTx)
                  0000abc8    00000080     stk.aem4f : lli.oem4f (.text:LLINew)
                  0000ac48    00000080     netctrl_min_ipv4.aem4f : netsrv.oem4f (.text:NS_BootTask)
                  0000acc8    00000080     stk.aem4f : pbm.oem4f (.text:PBM_alloc)
                  0000ad48    00000080               : raw.oem4f (.text:RawOutput)
                  0000adc8    0000007f     tcpEcho_pem4f.oem4f (.text:ti_ndk_config_Global_NetworkIPAddr)
                  0000ae47    00000001     --HOLE-- [fill = 0]
                  0000ae48    0000007e     stk.aem4f : fileuser.oem4f (.text:fdClose)
                  0000aec6    00000002     hal_userled_stub.aem4f : llled.oem4f (.text:_llUserLedShutdown)
                  0000aec8    0000007c     nettool_ipv4.aem4f : config.oem4f (.text:CfgGetNextEntry)
                  0000af44    0000007c     drivers_tivaware.aem4f : EMACSnow.oem4f (.text:EMACSnow_hwiIntFxn)
                  0000afc0    0000007c     stk.aem4f : igmp.oem4f (.text:IGMPDoMCast)
                  0000b03c    0000007c               : igmp.oem4f (.text:IGMPJoin)
                  0000b0b8    0000007c               : socket.oem4f (.text:NDK_setsockopt)
                  0000b134    0000007c               : nimu.oem4f (.text:NIMURegister)
                  0000b1b0    0000007c               : pbm.oem4f (.text:PBM_free)
                  0000b22c    00000004     tcpEcho_pem4f.oem4f (.text:ti_sysbios_BIOS_RtsGateProxy_enter__E)
                  0000b230    0000007c     sysbios.aem4f : BIOS.obj (.text:ti_sysbios_heaps_HeapMem_free__E)
                  0000b2ac    0000007a     rtsv7M4_T_le_v4SPD16_eabi.lib : memset_t2.obj (.text)
                  0000b326    00000002     hal_ser_stub.aem4f : llserstb.oem4f (.text:llSerialService)
                  0000b328    00000078     driverlib.lib : emac.obj (.text:EMACInit)
                  0000b3a0    00000078     stk.aem4f : socket.oem4f (.text:NDK_sendto)
                  0000b418    00000078               : tcptime.oem4f (.text:TcpXmitTimer)
                  0000b490    00000078               : fileuser.oem4f (.text:fdOpenSession)
                  0000b508    00000078     os.aem4f : task.oem4f (.text:llExit)
                  0000b580    00000076     stk.aem4f : pipe.oem4f (.text:PipeSend)
                  0000b5f6    00000002     rtsv7M4_T_le_v4SPD16_eabi.lib : i_div0.obj (.text)
                  0000b5f8    00000075     stk.aem4f : tcptime.oem4f (.text:TcpTimeoutSackRexmt)
                  0000b66d    00000001     --HOLE-- [fill = 0]
                  0000b66e    00000002     tcpEcho_pem4f.oem4f (.text:ti_ndk_config_Global_NetworkClose)
                  0000b670    00000074     stk.aem4f : igmp.oem4f (.text:IGMPLeaveHostGroup)
                  0000b6e4    00000074               : nimu.oem4f (.text:NIMUShutdown)
                  0000b758    00000074               : raweth.oem4f (.text:RawEthRxPacket)
                  0000b7cc    00000074               : sockpcb.oem4f (.text:SockPcbConnect)
                  0000b840    00000074     tcpEchoHooks.obj (.text:netOpenHook)
                  0000b8b4    00000072     os.aem4f : semaphore.oem4f (.text:SemCreateBinary)
                  0000b926    00000070     stk.aem4f : socket.oem4f (.text:NDK_send)
                  0000b996    00000002     tcpEcho_pem4f.oem4f (.text:ti_sysbios_BIOS_nullFunc__I)
                  0000b998    00000070     stk.aem4f : rtable.oem4f (.text:RtFlush)
                  0000ba08    00000070     netctrl_min_ipv4.aem4f : netsrv.oem4f (.text:SPConfig)
                  0000ba78    00000070     stk.aem4f : sock.oem4f (.text:SockShutdown)
                  0000bae8    00000070     nettool_ipv4.aem4f : dhcptags.oem4f (.text:dhcpDecodeType)
                  0000bb58    0000006e     stk.aem4f : socket.oem4f (.text:NDK_recv)
                  0000bbc6    00000002     tcpEcho_pem4f.oem4f (.text:xdc_runtime_Startup_reset__I)
                  0000bbc8    0000006e     stk.aem4f : rtable.oem4f (.text:RtWalkNext)
                  0000bc36    0000006e               : sockpcb.oem4f (.text:SockPcbFindRaw)
                  0000bca4    0000006d               : node.oem4f (.text:NodeNew)
                  0000bd11    00000003     --HOLE-- [fill = 0]
                  0000bd14    0000006d     ti.targets.arm.rtsarm.aem4f : System.oem4f (.text:xdc_runtime_System_formatNum__I)
                  0000bd81    00000003     --HOLE-- [fill = 0]
                  0000bd84    0000006c     os.aem4f : ossys.oem4f (.text:DbgPrintf)
                  0000bdf0    0000006c     stk.aem4f : node.oem4f (.text:NodeTreeNew)
                  0000be5c    0000006c               : raweth.oem4f (.text:RawEthTxPacket)
                  0000bec8    0000006c               : udp.oem4f (.text:UdpChecksum)
                  0000bf34    00000004     tcpEcho_pem4f.oem4f (.text:ti_sysbios_BIOS_RtsGateProxy_leave__E)
                  0000bf38    0000006c     sysbios.aem4f : BIOS.obj (.text:ti_sysbios_knl_Clock_workFunc__E)
                  0000bfa4    00000004                   : BIOS.obj (.text:ti_sysbios_family_arm_lm4_Timer_masterEnable__I)
                  0000bfa8    0000006c                   : BIOS.obj (.text:ti_sysbios_knl_Swi_restoreHwi__E)
                  0000c014    0000006c     ti.targets.arm.rtsarm.aem4f : Error.oem4f (.text:xdc_runtime_Error_print__E)
                  0000c080    0000006c                                 : Memory.oem4f (.text:xdc_runtime_Memory_alloc__E)
                  0000c0ec    0000006a     stk.aem4f : tcpprot.oem4f (.text:TcpPrInherit)
                  0000c156    00000068               : socket.oem4f (.text:NDK_socket)
                  0000c1be    00000002     --HOLE-- [fill = 0]
                  0000c1c0    00000068               : pbm.oem4f (.text:PBM_open)
                  0000c228    00000068               : rtable.oem4f (.text:_RtNodeInsert)
                  0000c290    00000068     rtsv7M4_T_le_v4SPD16_eabi.lib : copy_decompress_lzss.obj (.text:decompress:lzss)
                  0000c2f8    00000068                                   : trgmsg.obj (.text)
                  0000c360    00000066     ti.targets.arm.rtsarm.aem4f : Core-mem.oem4f (.text:xdc_runtime_Core_deleteObject__I)
                  0000c3c6    00000002     --HOLE-- [fill = 0]
                  0000c3c8    00000064     nettool_ipv4.aem4f : config.oem4f (.text:CfgFree)
                  0000c42c    00000064     drivers_tivaware.aem4f : GPIOTiva.oem4f (.text:GPIO_hwiIntFxn)
                  0000c490    00000064     stk.aem4f : pbm.oem4f (.text:PBMQ_enq)
                  0000c4f4    00000064               : sockint.oem4f (.text:SockSpawnAbort)
                  0000c558    00000064     hal_timer_bios.aem4f : lltimer.oem4f (.text:llTimerTick)
                  0000c5bc    00000004     tcpEcho_pem4f.oem4f (.text:ti_sysbios_family_arm_m3_Hwi_delete)
                  0000c5c0    00000064     sysbios.aem4f : BIOS.obj (.text:ti_sysbios_family_arm_lm4_Timer_Module_startup__E)
                  0000c624    00000064     tcpEcho_pem4f.oem4f (.text:ti_sysbios_family_arm_m3_Hwi_create)
                  0000c688    00000064     sysbios.aem4f : BIOS.obj (.text:ti_sysbios_family_arm_m3_Hwi_dispatchC__I)
                  0000c6ec    00000004     tcpEcho_pem4f.oem4f (.text:ti_sysbios_family_arm_m3_TaskSupport_Module__startupDone__S)
                  0000c6f0    00000064     sysbios.aem4f : BIOS.obj (.text:ti_sysbios_knl_Semaphore_post__E)
                  0000c754    00000064     stk.aem4f : lliin.oem4f (.text:updateRtTable)
                  0000c7b8    00000062               : ipin.oem4f (.text:IPRouteIP)
                  0000c81a    00000002     --HOLE-- [fill = 0]
                  0000c81c    00000062               : sb.oem4f (.text:SBNew)
                  0000c87e    00000002     --HOLE-- [fill = 0]
                  0000c880    00000060     nettool_ipv4.aem4f : config.oem4f (.text:CfgGetEntryCnt)
                  0000c8e0    00000060     stk.aem4f : file.oem4f (.text:FdWaitEvent)
                  0000c940    00000060               : nimu.oem4f (.text:NIMUUnregister)
                  0000c9a0    00000060               : node.oem4f (.text:NodeFind)
                  0000ca00    00000060               : rtc.oem4f (.text:RTCMsg)
                  0000ca60    00000060               : tcp.oem4f (.text:TcpChecksum)
                  0000cac0    00000060     nettool_ipv4.aem4f : dhcptags.oem4f (.text:dhcpBuildOptions)
                  0000cb20    0000005e     stk.aem4f : route.oem4f (.text:RtRemove)
                  0000cb7e    0000005e     nettool_ipv4.aem4f : dhcpsm.oem4f (.text:StateSelecting)
                  0000cbdc    0000005e     stk.aem4f : vlan.oem4f (.text:VLANReceivePacket)
                  0000cc3a    00000002     --HOLE-- [fill = 0]
                  0000cc3c    0000005c     nettool_ipv4.aem4f : config.oem4f (.text:CfgSetExecuteOrder)
                  0000cc98    0000005c     stk.aem4f : nimu.oem4f (.text:NIMUIoctlSpecialCmd)
                  0000ccf4    0000005c     netctrl_min_ipv4.aem4f : netsrv.oem4f (.text:SPService)
                  0000cd50    0000005c     tcpEcho_pem4f.oem4f (.text:ti_sysbios_knl_Swi_create)
                  0000cdac    00000004     tcpEcho_pem4f.oem4f (.text:ti_sysbios_heaps_HeapMem_Module_GateProxy_enter__E)
                  0000cdb0    0000005c     sysbios.aem4f : BIOS.obj (.text:ti_sysbios_knl_Swi_run__I)
                  0000ce0c    00000004     tcpEcho_pem4f.oem4f (.text:ti_sysbios_heaps_HeapMem_Module_GateProxy_leave__E)
                  0000ce10    0000005c     sysbios.aem4f : BIOS.obj (.text:ti_sysbios_knl_Swi_schedule__I)
                  0000ce6c    0000005c     tcpEcho_pem4f.oem4f (.text:ti_sysbios_knl_Task_create)
                  0000cec8    0000005c     sysbios.aem4f : BIOS.obj (.text:ti_sysbios_knl_Task_unblockI__E)
                  0000cf24    0000005b     ti.targets.arm.rtsarm.aem4f : Text.oem4f (.text:xdc_runtime_Text_putLab__E)
                  0000cf7f    00000001     --HOLE-- [fill = 0]
                  0000cf80    0000005a     stk.aem4f : route.oem4f (.text:RtRedirect)
                  0000cfda    0000005a               : tcpprot.oem4f (.text:TcpValidateMetrics)
                  0000d034    0000005a     nettool_ipv4.aem4f : dhcpbild.oem4f (.text:dhcpBuildDecline)
                  0000d08e    0000005a     os.aem4f : mem.oem4f (.text:mmCopy)
                  0000d0e8    0000005a     tcpEcho_pem4f.oem4f (.text:ti_ndk_config_tcp_init)
                  0000d142    00000002     --HOLE-- [fill = 0]
                  0000d144    00000058     stk.aem4f : bind.oem4f (.text:BindFree)
                  0000d19c    00000058     boot.aem4f : boot.oem4f (.text)
                  0000d1f4    00000058     driverlib.lib : emac.obj (.text:EMACPHYConfigSet)
                  0000d24c    00000058     stk.aem4f : igmp.oem4f (.text:IGMPTimer)
                  0000d2a4    00000058     os.aem4f : semaphore.oem4f (.text:SemCreate)
                  0000d2fc    00000058     sysbios.aem4f : m3_Hwi_asm_switch.obj (.text:ti_sysbios_family_arm_m3_Hwi_initStacks__E)
                  0000d354    00000056     driverlib.lib : gpio.obj (.text:GPIOIntTypeSet)
                  0000d3aa    00000002     --HOLE-- [fill = 0]
                  0000d3ac    00000054     nettool_ipv4.aem4f : config.oem4f (.text:CfgEntryDeRef)
                  0000d400    00000054     stk.aem4f : igmp.oem4f (.text:IGMPLeave)
                  0000d454    00000054               : rawethsock_pcb.oem4f (.text:RawEthSockPcbAttach)
                  0000d4a8    00000054               : sockpcb.oem4f (.text:SockCleanPcb)
                  0000d4fc    00000054               : tcptime.oem4f (.text:TcpTimeoutPersist)
                  0000d550    00000054     rtsv7M4_T_le_v4SPD16_eabi.lib : exit.obj (.text)
                  0000d5a4    00000004     tcpEcho_pem4f.oem4f (.text:ti_sysbios_knl_Clock_TimerProxy_getMaxTicks__E)
                  0000d5a8    00000054     sysbios.aem4f : BIOS.obj (.text:ti_sysbios_family_arm_lm4_Timer_initDevice__I)
                  0000d5fc    00000004     tcpEcho_pem4f.oem4f (.text:ti_sysbios_knl_Queue_destruct)
                  0000d600    00000054     sysbios.aem4f : BIOS.obj (.text:ti_sysbios_knl_Swi_Instance_init__E)
                  0000d654    00000054     ti.targets.arm.rtsarm.aem4f : Assert.oem4f (.text:xdc_runtime_Assert_raise__I)
                  0000d6a8    00000052     stk.aem4f : tcpprot.oem4f (.text:TcpPrDetach)
                  0000d6fa    00000002     --HOLE-- [fill = 0]
                  0000d6fc    00000050     drivers_tivaware.aem4f : GPIOTiva.oem4f (.text:GPIO_setCallback)
                  0000d74c    00000050     stk.aem4f : socket.oem4f (.text:NDK_bind)
                  0000d79c    00000050               : socket.oem4f (.text:NDK_connect)
                  0000d7ec    00000050               : route.oem4f (.text:RtNew)
                  0000d83c    00000050     driverlib.lib : sysctl.obj (.text:SysCtlPeripheralReset)
                  0000d88c    00000050     Boot.aem4f : Boot_sysctl.oem4f (.text:_SysCtlFrequencyGet)
                  0000d8dc    00000004     tcpEcho_pem4f.oem4f (.text:ti_sysbios_knl_Semaphore_delete)
                  0000d8e0    00000050     sysbios.aem4f : BIOS.obj (.text:ti_sysbios_family_arm_m3_Hwi_Module_startup__E)
                  0000d930    00000050                   : BIOS.obj (.text:ti_sysbios_knl_Clock_Instance_init__E)
                  0000d980    00000050     ti.targets.arm.rtsarm.aem4f : Startup.oem4f (.text:xdc_runtime_Startup_exec__E)
                  0000d9d0    00000050                                 : Text.oem4f (.text:xdc_runtime_Text_visitRope2__I)
                  0000da20    0000004e     stk.aem4f : node.oem4f (.text:NodeDeRef)
                  0000da6e    0000004e     nettool_ipv4.aem4f : config.oem4f (.text:_CfgEntryScan)
                  0000dabc    0000004c                        : ipaddr.oem4f (.text:NtAddNetwork)
                  0000db08    0000004c     stk.aem4f : sockint.oem4f (.text:SockValidateRoute)
                  0000db54    0000004c     rtsv7M4_T_le_v4SPD16_eabi.lib : cpy_tbl.obj (.text)
                  0000dba0    0000004c     sysbios.aem4f : BIOS.obj (.text:ti_sysbios_heaps_HeapMem_getStats__E)
                  0000dbec    00000004     tcpEcho_pem4f.oem4f (.text:ti_sysbios_knl_Semaphore_destruct)
                  0000dbf0    0000004c     sysbios.aem4f : BIOS.obj (.text:ti_sysbios_knl_Swi_runLoop__I)
                  0000dc3c    00000004     tcpEcho_pem4f.oem4f (.text:ti_sysbios_knl_Swi_delete)
                  0000dc40    0000004c     sysbios.aem4f : BIOS.obj (.text:ti_sysbios_knl_Task_allBlockedFunction__I)
                  0000dc8c    0000004a     netctrl_min_ipv4.aem4f : netsrv.oem4f (.text:ServiceKill)
                  0000dcd6    0000004a     stk.aem4f : sock.oem4f (.text:SockDisconnect)
                  0000dd20    0000004a               : timer.oem4f (.text:TimerNew)
                  0000dd6a    00000048     nettool_ipv4.aem4f : config.oem4f (.text:CfgNew)
                  0000ddb2    00000002     --HOLE-- [fill = 0]
                  0000ddb4    00000048     driverlib.lib : gpio.obj (.text:GPIOPinConfigure)
                  0000ddfc    00000048     stk.aem4f : lli.oem4f (.text:LLIMsg)
                  0000de44    00000048               : node.oem4f (.text:NodeWalk)
                  0000de8c    00000048               : rawethsock_pcb.oem4f (.text:RawEthSockPcbDetach)
                  0000ded4    00000048               : sockpcb.oem4f (.text:SockPcbResolveChain)
                  0000df1c    00000048               : tcpprot.oem4f (.text:TcpDrop)
                  0000df64    00000048               : lli.oem4f (.text:_LLIExpListInsert)
                  0000dfac    00000048               : rtable.oem4f (.text:_RtExpListInsert)
                  0000dff4    00000048     driverlib.lib : sysctl.obj (.text:_SysCtlFrequencyGet)
                  0000e03c    00000048     stk.aem4f : file.oem4f (.text:fdint_lockfd)
                  0000e084    00000004     tcpEcho_pem4f.oem4f (.text:ti_sysbios_knl_Task_delete)
                  0000e088    00000048     sysbios.aem4f : BIOS.obj (.text:ti_sysbios_family_arm_lm4_Timer_enableTimers__I)
                  0000e0d0    00000048                   : BIOS.obj (.text:ti_sysbios_family_arm_m3_Hwi_disableInterrupt__E)
                  0000e118    00000048                   : BIOS.obj (.text:ti_sysbios_family_arm_m3_Hwi_enableInterrupt__E)
                  0000e160    00000048                   : BIOS.obj (.text:ti_sysbios_family_arm_m3_Hwi_excReserved__I)
                  0000e1a8    00000048                   : BIOS.obj (.text:ti_sysbios_knl_Task_deleteTerminatedTasksFunc__I)
                  0000e1f0    00000046     nettool_ipv4.aem4f : ipaddr.oem4f (.text:NtIfIdx2Ip)
                  0000e236    00000046     stk.aem4f : rawethsock.oem4f (.text:RawEthSockSend)
                  0000e27c    00000046               : tcpprot.oem4f (.text:TcpPrCtlError)
                  0000e2c2    00000046     os.aem4f : mem.oem4f (.text:mmZeroInit)
                  0000e308    00000046     ti.targets.arm.rtsarm.aem4f : Core-params.oem4f (.text:xdc_runtime_Core_assignParams__I)
                  0000e34e    00000002     --HOLE-- [fill = 0]
                  0000e350    00000044     drivers_tivaware.aem4f : EMACSnow.oem4f (.text:EMACSnow_processTransmitted)
                  0000e394    00000044     stk.aem4f : icmp.oem4f (.text:ICMPChecksum)
                  0000e3d8    00000044               : ipfrag.oem4f (.text:IPReasmFree)
                  0000e41c    00000044               : lli.oem4f (.text:LLIGetValidTime)
                  0000e460    00000044               : rtable.oem4f (.text:RouteMsg)
                  0000e4a4    00000044               : rtable.oem4f (.text:RtWalkEnd)
                  0000e4e8    00000044               : sockpcb.oem4f (.text:SockPcbDetach)
                  0000e52c    00000044               : timer.oem4f (.text:TimerListInsert)
                  0000e570    00000044     hal_timer_bios.aem4f : lltimer.oem4f (.text:llTimerGetTime)
                  0000e5b4    00000004     ti.targets.arm.rtsarm.aem4f : Error.oem4f (.text:xdc_runtime_Error_getMsg__E)
                  0000e5b8    00000044     sysbios.aem4f : BIOS.obj (.text:ti_sysbios_family_arm_lm4_Timer_isrStub__E)
                  0000e5fc    00000004     ti.targets.arm.rtsarm.aem4f : Error.oem4f (.text:xdc_runtime_Error_getSite__E)
                  0000e600    00000044     sysbios.aem4f : BIOS.obj (.text:ti_sysbios_family_arm_m3_Hwi_getStackInfo__E)
                  0000e644    00000004     tcpEcho_pem4f.oem4f (.text:xdc_runtime_System_Module_GateProxy_enter__E)
                  0000e648    00000044     sysbios.aem4f : BIOS.obj (.text:ti_sysbios_knl_Swi_post__E)
                  0000e68c    00000044     ti.targets.arm.rtsarm.aem4f : Error.oem4f (.text:xdc_runtime_Error_setX__E)
                  0000e6d0    00000044                                 : SysMin.oem4f (.text:xdc_runtime_SysMin_flush__E)
                  0000e714    00000044                                 : Text.oem4f (.text:xdc_runtime_Text_xprintf__I)
                  0000e758    00000042     stk.aem4f : tcpprot.oem4f (.text:TcpPrSendOOB)
                  0000e79a    00000042               : fileuser.oem4f (.text:fdCloseSession)
                  0000e7dc    00000040               : lliin.oem4f (.text:LLIValidateRoute)
                  0000e81c    00000040               : pbm.oem4f (.text:PBM_copy)
                  0000e85c    00000040               : sockpcb.oem4f (.text:SockPcbRtChange)
                  0000e89c    00000040               : tcpprot.oem4f (.text:TcpPrSend)
                  0000e8dc    00000040     rtsv7M4_T_le_v4SPD16_eabi.lib : u_divt2.obj (.text)
                  0000e91c    00000004     tcpEcho_pem4f.oem4f (.text:xdc_runtime_System_Module_GateProxy_leave__E)
                  0000e920    00000040     sysbios.aem4f : BIOS.obj (.text:ti_sysbios_family_arm_lm4_Timer_startup__E)
                  0000e960    00000040                   : BIOS.obj (.text:ti_sysbios_heaps_HeapMem_Instance_init__E)
                  0000e9a0    0000003e     nettool_ipv4.aem4f : dhcpmain.oem4f (.text:DHCPClose)
                  0000e9de    00000002     --HOLE-- [fill = 0]
                  0000e9e0    0000003e     stk.aem4f : nimu.oem4f (.text:NIMUAllocateName)
                  0000ea1e    0000003e     os.aem4f : task.oem4f (.text:TaskCreate)
                  0000ea5c    0000003e     stk.aem4f : tcpprot.oem4f (.text:TcpPrDisconnect)
                  0000ea9a    0000003e               : file.oem4f (.text:fdint_unlockfd)
                  0000ead8    0000003c     nettool_ipv4.aem4f : config.oem4f (.text:CfgEntryGetData)
                  0000eb14    0000003c     driverlib.lib : emac.obj (.text:EMACIntDisable)
                  0000eb50    0000003c     stk.aem4f : node.oem4f (.text:NodeUpdatePL)
                  0000eb8c    0000003c               : rtable.oem4f (.text:RtWalkBegin)
                  0000ebc8    0000003c               : tcpprot.oem4f (.text:TcpPrConnect)
                  0000ec04    0000003c               : tcptime.oem4f (.text:TcpSetPersist)
                  0000ec40    0000003c               : rtc.oem4f (.text:_RTCSendRtAdv)
                  0000ec7c    0000003c               : rtable.oem4f (.text:_RtNodeRemove)
                  0000ecb8    0000003c     hal_timer_bios.aem4f : lltimer.oem4f (.text:_llTimerInit)
                  0000ecf4    00000004     ti.targets.arm.rtsarm.aem4f : System.oem4f (.text:xdc_runtime_System_aprintf_va__F)
                  0000ecf8    0000003c     sysbios.aem4f : BIOS.obj (.text:ti_sysbios_family_arm_m3_Hwi_excSvCall__I)
                  0000ed34    00000004     ti.targets.arm.rtsarm.aem4f : System.oem4f (.text:xdc_runtime_System_printf_va__F)
                  0000ed38    0000003c     sysbios.aem4f : BIOS.obj (.text:ti_sysbios_heaps_HeapMem_init__I)
                  0000ed74    00000004     --HOLE-- [fill = 0]
                  0000ed78    0000003c                   : BIOS.obj (.text:ti_sysbios_knl_Swi_restore__E)
                  0000edb4    0000003a     driverlib.lib : emac.obj (.text:EMACIntEnable)
                  0000edee    00000002     --HOLE-- [fill = 0]
                  0000edf0    00000038                   : emac.obj (.text:EMACConfigGet)
                  0000ee28    00000038     stk.aem4f : ipfrag.oem4f (.text:IPReasmTimeout)
                  0000ee60    00000038               : node.oem4f (.text:NodeGetRt)
                  0000ee98    00000038     driverlib.lib : sysctl.obj (.text:SysCtlPeripheralReady)
                  0000eed0    00000038     stk.aem4f : tcpprot.oem4f (.text:TcpClose)
                  0000ef08    00000038               : timer.oem4f (.text:TimerHSTick)
                  0000ef40    00000038     nettool_ipv4.aem4f : dhcpbild.oem4f (.text:dhcpBuildDiscover)
                  0000ef78    00000038                        : dhcptags.oem4f (.text:dhcpOptionsClear)
                  0000efb0    00000038     stk.aem4f : file.oem4f (.text:fdint_waitevent)
                  0000efe8    00000038     sysbios.aem4f : BIOS.obj (.text:ti_sysbios_family_arm_m3_Hwi_excNoIsr__I)
                  0000f020    00000038     tcpEcho_pem4f.oem4f (.text:ti_sysbios_knl_Clock_create)
                  0000f058    00000038     sysbios.aem4f : BIOS.obj (.text:ti_sysbios_knl_Task_processVitalTaskFlag__I)
                  0000f090    00000038     ti.targets.arm.rtsarm.aem4f : SysMin.oem4f (.text:xdc_runtime_SysMin_putch__E)
                  0000f0c8    00000038                                 : System.oem4f (.text:xdc_runtime_System_atexit__E)
                  0000f100    00000036     stk.aem4f : ip.oem4f (.text:IPChecksum)
                  0000f136    00000002     --HOLE-- [fill = 0]
                  0000f138    00000034     nettool_ipv4.aem4f : config.oem4f (.text:CfgSetService)
                  0000f16c    00000034     driverlib.lib : emac.obj (.text:EMACConfigSet)
                  0000f1a0    00000034                   : emac.obj (.text:EMACIntClear)
                  0000f1d4    00000034     drivers_tivaware.aem4f : EMACSnow.oem4f (.text:EMACSnow_emacPoll)
                  0000f208    00000034                            : EMACSnow.oem4f (.text:EMACSnow_isLinkUp)
                  0000f23c    00000034                            : EMAC.oem4f (.text:EMAC_init)
                  0000f270    00000034     stk.aem4f : exec.oem4f (.text:ExecClose)
                  0000f2a4    00000034               : nimu.oem4f (.text:NIMUFindByName)
                  0000f2d8    00000034               : nimu.oem4f (.text:NIMUInit)
                  0000f30c    00000034               : rawethsock.oem4f (.text:RawEthSockNotify)
                  0000f340    00000034               : sockprot.oem4f (.text:SockPrCtlError)
                  0000f374    00000034     driverlib.lib : sysctl.obj (.text:SysCtlPeripheralEnable)
                  0000f3a8    00000034     os.aem4f : mem.oem4f (.text:mmUnInitPage)
                  0000f3dc    00000004     --HOLE-- [fill = 0]
                  0000f3e0    00000034     sysbios.aem4f : BIOS.obj (.text:ti_sysbios_family_arm_m3_Hwi_Instance_finalize__E)
                  0000f414    00000004     --HOLE-- [fill = 0]
                  0000f418    00000034                   : BIOS.obj (.text:ti_sysbios_family_arm_m3_Hwi_excNmi__I)
                  0000f44c    00000004     --HOLE-- [fill = 0]
                  0000f450    00000034                   : BIOS.obj (.text:ti_sysbios_hal_Hwi_checkStack)
                  0000f484    00000034     tcpEcho_pem4f.oem4f (.text:ti_sysbios_knl_Semaphore_create)
                  0000f4b8    00000034     ti.targets.arm.rtsarm.aem4f : Core-label.oem4f (.text:xdc_runtime_Core_assignLabel__I)
                  0000f4ec    00000033                                 : Text.oem4f (.text:xdc_runtime_Text_printVisFxn__I)
                  0000f51f    00000001     --HOLE-- [fill = 0]
                  0000f520    00000032     nettool_ipv4.aem4f : config.oem4f (.text:CfgGetImmediate)
                  0000f552    00000032     stk.aem4f : route.oem4f (.text:RtDeRef)
                  0000f584    00000032               : route.oem4f (.text:RtSetFailure)
                  0000f5b6    00000032               : sb.oem4f (.text:SBFlush)
                  0000f5e8    00000032               : sb.oem4f (.text:SBSetMax)
                  0000f61a    00000032               : sock.oem4f (.text:SockIntAbort)
                  0000f64c    00000032     nettool_ipv4.aem4f : config.oem4f (.text:_CfgAcquire)
                  0000f67e    00000032                        : dhcpsm.oem4f (.text:dhcpIPRemove)
                  0000f6b0    00000032     sysbios.aem4f : BIOS.obj (.text:ti_sysbios_hal_Hwi_initStack)
                  0000f6e2    00000006     driverlib.lib : emac.obj (.text:EMACRxDMADescriptorListSet)
                  0000f6e8    00000032     sysbios.aem4f : BIOS.obj (.text:ti_sysbios_knl_Semaphore_pendTimeout__I)
                  0000f71a    00000030     driverlib.lib : emac.obj (.text:EMACAddrSet)
                  0000f74a    00000002     --HOLE-- [fill = 0]
                  0000f74c    00000030     drivers_tivaware.aem4f : EMACSnow.oem4f (.text:EMACSnow_handlePackets)
                  0000f77c    00000030     netctrl_min_ipv4.aem4f : netsrv.oem4f (.text:NS_PreBoot)
                  0000f7ac    00000030     stk.aem4f : sock.oem4f (.text:SockBind)
                  0000f7dc    00000030     nettool_ipv4.aem4f : dhcpsock.oem4f (.text:dhcpPacketSend)
                  0000f80c    00000030     stk.aem4f : listlib.oem4f (.text:list_remove_node)
                  0000f83c    00000030     tcpEcho_pem4f.oem4f (.text:ti_sysbios_BIOS_atExitFunc__I)
                  0000f86c    00000004     --HOLE-- [fill = 0]
                  0000f870    00000030     sysbios.aem4f : BIOS.obj (.text:ti_sysbios_family_arm_lm4_Timer_stop__E)
                  0000f8a0    00000030                   : BIOS.obj (.text:ti_sysbios_family_arm_m3_TaskSupport_start__E)
                  0000f8d0    00000030     tcpEcho_pem4f.oem4f (.text:ti_sysbios_gates_GateHwi_Object__create__S)
                  0000f900    00000030     tcpEcho_pem4f.oem4f (.text:ti_sysbios_gates_GateMutex_Object__create__S)
                  0000f930    00000030     sysbios.aem4f : BIOS.obj (.text:ti_sysbios_gates_GateMutex_enter__E)
                  0000f960    00000030     tcpEcho_pem4f.oem4f (.text:ti_sysbios_heaps_HeapMem_Object__create__S)
                  0000f990    00000030     tcpEcho_pem4f.oem4f (.text:ti_sysbios_knl_Semaphore_construct)
                  0000f9c0    00000030     ti.targets.arm.rtsarm.aem4f : SysMin.oem4f (.text:xdc_runtime_SysMin_abort__E)
                  0000f9f0    00000030                                 : System.oem4f (.text:xdc_runtime_System_processAtExit__E)
                  0000fa20    0000002e     stk.aem4f : sb.oem4f (.text:SBFree)
                  0000fa4e    0000002c     driverlib.lib : emac.obj (.text:EMACIntStatus)
                  0000fa7a    0000002c     stk.aem4f : file.oem4f (.text:FdSignalEvent)
                  0000faa6    00000002     --HOLE-- [fill = 0]
                  0000faa8    0000002c               : igmp.oem4f (.text:IGMPTestGroup)
                  0000fad4    0000002c     os.aem4f : task.oem4f (.text:NDK_hookCreate)
                  0000fb00    0000002c     stk.aem4f : nimu.oem4f (.text:NIMUAllocateIndex)
                  0000fb2c    0000002c               : nimu.oem4f (.text:NIMUPacketServiceCheck)
                  0000fb58    0000002c               : pipe.oem4f (.text:PipeClose)
                  0000fb84    0000002c               : sockpcb.oem4f (.text:SockPcbAttach)
                  0000fbb0    0000002c               : lli.oem4f (.text:_LLIExpListRemove)
                  0000fbdc    0000002c               : lli.oem4f (.text:_LLITimeoutFlush)
                  0000fc08    0000002c               : rtable.oem4f (.text:_RtExpListRemove)
                  0000fc34    0000002c     tcpEcho_pem4f.oem4f (.text:ti_sysbios_knl_Clock_doTick__I)
                  0000fc60    0000002c     tcpEcho_pem4f.oem4f (.text:ti_sysbios_knl_Queue_construct)
                  0000fc8c    00000004     --HOLE-- [fill = 0]
                  0000fc90    0000002c     sysbios.aem4f : BIOS.obj (.text:ti_sysbios_knl_Task_restore__E)
                  0000fcbc    0000002c     ti.targets.arm.rtsarm.aem4f : Text.oem4f (.text:xdc_runtime_Text_cordText__E)
                  0000fce8    0000002a     driverlib.lib : gpio.obj (.text:GPIODirModeSet)
                  0000fd12    0000002a     stk.aem4f : pbm.oem4f (.text:PBMQ_deq)
                  0000fd3c    0000002a     netctrl_min_ipv4.aem4f : netsrv.oem4f (.text:ServiceCallback)
                  0000fd66    0000002a     nettool_ipv4.aem4f : config.oem4f (.text:_CfgRelease)
                  0000fd90    0000002a     ti.targets.arm.rtsarm.aem4f : System.oem4f (.text:xdc_runtime_System_putchar__I)
                  0000fdba    00000002     --HOLE-- [fill = 0]
                  0000fdbc    00000028     stk.aem4f : bind.oem4f (.text:BindFindByNet)
                  0000fde4    00000028               : lli.oem4f (.text:LLIFree)
                  0000fe0c    00000028     netctrl_min_ipv4.aem4f : netctrl.oem4f (.text:NC_SystemClose)
                  0000fe34    00000028     stk.aem4f : nimu.oem4f (.text:NIMUCreatePacket)
                  0000fe5c    00000028               : nimu.oem4f (.text:NIMUPacketService)
                  0000fe84    00000028               : tcpin.oem4f (.text:TcpEnterTimeWait)
                  0000feac    00000028               : timer.oem4f (.text:TimerListRemove)
                  0000fed4    00000028               : vlan.oem4f (.text:VLANFindSourceInterface)
                  0000fefc    00000028               : vlan.oem4f (.text:VLANInit)
                  0000ff24    00000028     nettool_ipv4.aem4f : dhcpsock.oem4f (.text:dhcpPacketReceive)
                  0000ff4c    00000028     drivers_tivaware.aem4f : EMACSnow.oem4f (.text:signalLinkChange)
                  0000ff74    00000004     --HOLE-- [fill = 0]
                  0000ff78    00000028     sysbios.aem4f : BIOS.obj (.text:ti_sysbios_knl_Clock_addI__E)
                  0000ffa0    00000028                   : BIOS.obj (.text:ti_sysbios_knl_Swi_Module_startup__E)
                  0000ffc8    00000026     nettool_ipv4.aem4f : config.oem4f (.text:CfgEntryInfo)
                  0000ffee    00000026     driverlib.lib : emac.obj (.text:EMACPHYRead)
                  00010014    00000026                   : emac.obj (.text:EMACPHYWrite)
                  0001003a    00000026     stk.aem4f : rawethsock.oem4f (.text:RawEthSockClose)
                  00010060    00000026     tcpEcho_pem4f.oem4f (.text:ti_ndk_config_udp_init)
                  00010086    00000026     sysbios.aem4f : m3_Hwi_asm.obj (.text:ti_sysbios_family_arm_m3_Hwi_pendSV__I)
                  000100ac    00000026     ti.targets.arm.rtsarm.aem4f : System.oem4f (.text:xdc_runtime_System_avprintf__E)
                  000100d2    00000002     --HOLE-- [fill = 0]
                  000100d4    00000024     stk.aem4f : bind.oem4f (.text:BindFindByHost)
                  000100f8    00000024               : bind.oem4f (.text:BindGetIFByDBCast)
                  0001011c    00000024     drivers_tivaware.aem4f : EMACSnow.oem4f (.text:EMACSnow_pkt_service)
                  00010140    00000024                            : EMACSnow.oem4f (.text:EMACSnow_primeRx)
                  00010164    00000024     stk.aem4f : exec.oem4f (.text:ExecTimer)
                  00010188    00000024               : nimu.oem4f (.text:NIMUFindByIndex)
                  000101ac    00000024               : rtc.oem4f (.text:RTCAddHook)
                  000101d0    00000024               : rawethsock_pcb.oem4f (.text:RawEthSockPcbFind)
                  000101f4    00000024               : route.oem4f (.text:RtFree)
                  00010218    00000024               : route.oem4f (.text:RtSetTimeout)
                  0001023c    00000024               : sockpcb.oem4f (.text:SockPcbCleanup)
                  00010260    00000024               : tcptime.oem4f (.text:TcpTimeoutWait2)
                  00010284    00000024     nettool_ipv4.aem4f : config.oem4f (.text:_CfgEntryProcess)
                  000102a8    00000024     tcpEcho_pem4f.oem4f (.text:ti_sysbios_BIOS_errorRaiseHook__I)
                  000102cc    00000024     tcpEcho_pem4f.oem4f (.text:ti_sysbios_BIOS_registerRTSLock__I)
                  000102f0    00000024     tcpEcho_pem4f.oem4f (.text:ti_sysbios_BIOS_removeRTSLock__I)
                  00010314    00000024     tcpEcho_pem4f.oem4f (.text:ti_sysbios_BIOS_startFunc__I)
                  00010338    00000024     tcpEcho_pem4f.oem4f (.text:ti_sysbios_gates_GateMutex_Object__delete__S)
                  0001035c    00000004     --HOLE-- [fill = 0]
                  00010360    00000024     sysbios.aem4f : BIOS.obj (.text:ti_sysbios_knl_Clock_Module_startup__E)
                  00010384    00000004     --HOLE-- [fill = 0]
                  00010388    00000024                   : BIOS.obj (.text:ti_sysbios_knl_Semaphore_Instance_init__E)
                  000103ac    00000024     tcpEcho_pem4f.oem4f (.text:ti_sysbios_knl_Semaphore_Object__delete__S)
                  000103d0    00000024     sysbios.aem4f : BIOS.obj (.text:ti_sysbios_knl_Task_restoreHwi__E)
                  000103f4    00000024     ti.targets.arm.rtsarm.aem4f : System.oem4f (.text:xdc_runtime_System_vprintf__E)
                  00010418    00000022     nettool_ipv4.aem4f : config.oem4f (.text:CfgEntryRef)
                  0001043a    00000022     stk.aem4f : vlan.oem4f (.text:VLANFindNode)
                  0001045c    00000004     --HOLE-- [fill = 0]
                  00010460    00000022     sysbios.aem4f : BIOS.obj (.text:ti_sysbios_family_arm_lm4_Timer_write__I)
                  00010482    00000022     tcpEcho_pem4f.oem4f (.text:xdc_runtime_SysMin_output__I)
                  000104a4    00000020     netctrl_min_ipv4.aem4f : netctrl.oem4f (.text:NC_BootComplete)
                  000104c4    00000020     stk.aem4f : nimu.oem4f (.text:NIMUGetNumOfObject)
                  000104e4    00000020               : rtc.oem4f (.text:RTCRemoveHook)
                  00010504    00000020               : tcp.oem4f (.text:TcpTimeoutRemove)
                  00010524    00000020     Boot.aem4f : Boot_sysctl.oem4f (.text:_SysCtlMemTimingGet)
                  00010544    00000020     tcpEcho_pem4f.oem4f (.text:ti_sysbios_BIOS_rtsLock__I)
                  00010564    00000020     tcpEcho_pem4f.oem4f (.text:ti_sysbios_family_arm_m3_Hwi_Object__delete__S)
                  00010584    00000020     sysbios.aem4f : m3_Hwi_asm.obj (.text:ti_sysbios_family_arm_m3_Hwi_excHandlerAsm__I)
                  000105a4    00000004     --HOLE-- [fill = 0]
                  000105a8    00000020                   : BIOS.obj (.text:ti_sysbios_family_arm_m3_Hwi_excHandler__I)
                  000105c8    00000020     tcpEcho_pem4f.oem4f (.text:ti_sysbios_gates_GateHwi_Object__delete__S)
                  000105e8    00000020     tcpEcho_pem4f.oem4f (.text:ti_sysbios_heaps_HeapMem_Object__delete__S)
                  00010608    00000020     sysbios.aem4f : BIOS.obj (.text:ti_sysbios_knl_Idle_run__E)
                  00010628    00000020     tcpEcho_pem4f.oem4f (.text:ti_sysbios_knl_Semaphore_Object__destruct__S)
                  00010648    00000020     tcpEcho_pem4f.oem4f (.text:ti_sysbios_knl_Swi_Object__delete__S)
                  00010668    00000020     tcpEcho_pem4f.oem4f (.text:ti_sysbios_knl_Task_Object__delete__S)
                  00010688    00000020     ti.targets.arm.rtsarm.aem4f : Registry.oem4f (.text:xdc_runtime_Registry_findById__E)
                  000106a8    00000020                                 : SysMin.oem4f (.text:xdc_runtime_SysMin_Module_startup__E)
                  000106c8    0000001e     stk.aem4f : listlib.oem4f (.text:list_remove)
                  000106e6    0000001e     tcpEcho.obj (.text:send)
                  00010704    0000001e     sysbios.aem4f : m3_Hwi_asm_switch.obj (.text:ti_sysbios_family_xxx_Hwi_switchAndRunFunc)
                  00010722    00000002     --HOLE-- [fill = 0]
                  00010724    0000001c     stk.aem4f : bind.oem4f (.text:BindFindByIF)
                  00010740    0000001c               : exec.oem4f (.text:ExecBroadcast)
                  0001075c    0000001c     os.aem4f : ossys.oem4f (.text:NDK_sprintf)
                  00010778    0000001c     stk.aem4f : nimu.oem4f (.text:NIMUAddHeader)
                  00010794    0000001c               : sockprot.oem4f (.text:SockPrDetach)
                  000107b0    0000001c     os.aem4f : task.oem4f (.text:TaskDestroy)
                  000107cc    0000001c     driverlib.lib : sysctl.obj (.text:_SysCtlMemTimingGet)
                  000107e8    0000001c     drivers_tivaware.aem4f : GPIOTiva.oem4f (.text:getGpioIntIndex)
                  00010804    0000001c     tcpEcho_pem4f.oem4f (.text:ti_ndk_config_global_taskCreateHook)
                  00010820    0000001c     sysbios.aem4f : BIOS.obj (.text:ti_sysbios_gates_GateMutex_Instance_init__E)
                  0001083c    0000001c     tcpEcho_pem4f.oem4f (.text:ti_sysbios_knl_Queue_Object__destruct__S)
                  00010858    0000001c     sysbios.aem4f : BIOS.obj (.text:ti_sysbios_knl_Queue_put__E)
                  00010874    00000004     --HOLE-- [fill = 0]
                  00010878    0000001c                   : BIOS.obj (.text:ti_sysbios_knl_Task_enter__I)
                  00010894    0000001c     ti.targets.arm.rtsarm.aem4f : Error.oem4f (.text:xdc_runtime_Error_raiseX__E)
                  000108b0    0000001c                                 : Memory.oem4f (.text:xdc_runtime_Memory_valloc__E)
                  000108cc    0000001c                                 : SysMin.oem4f (.text:xdc_runtime_SysMin_exit__E)
                  000108e8    0000001c                                 : System.oem4f (.text:xdc_runtime_System_abort__E)
                  00010904    0000001a     stk.aem4f : bind.oem4f (.text:BindGetIP)
                  0001091e    0000001a               : sockint.oem4f (.text:SockSetOOBMark)
                  00010938    0000001a               : file.oem4f (.text:fdint_getfdt)
                  00010952    0000001a     tcpEcho_pem4f.oem4f (.text:ti_sysbios_family_arm_m3_Hwi_Handle__label__S)
                  0001096c    0000001a     tcpEcho_pem4f.oem4f (.text:ti_sysbios_gates_GateHwi_Handle__label__S)
                  00010986    0000001a     tcpEcho_pem4f.oem4f (.text:ti_sysbios_gates_GateMutex_Handle__label__S)
                  000109a0    0000001a     tcpEcho_pem4f.oem4f (.text:ti_sysbios_heaps_HeapMem_Handle__label__S)
                  000109ba    0000001a     tcpEcho_pem4f.oem4f (.text:ti_sysbios_knl_Swi_Handle__label__S)
                  000109d4    0000001a     tcpEcho_pem4f.oem4f (.text:ti_sysbios_knl_Task_Handle__label__S)
                  000109ee    00000002     --HOLE-- [fill = 0]
                  000109f0    0000001a     sysbios.aem4f : BIOS.obj (.text:ti_sysbios_knl_Task_sleepTimeout__I)
                  00010a0a    0000001a     tcpEcho_pem4f.oem4f (.text:xdc_runtime_System_aprintf__E)
                  00010a24    0000001a     tcpEcho_pem4f.oem4f (.text:xdc_runtime_System_printf__E)
                  00010a3e    00000002     --HOLE-- [fill = 0]
                  00010a40    00000018     drivers_tivaware.aem4f : EMACSnow.oem4f (.text:EMACSnow_emacSend)
                  00010a58    00000018     stk.aem4f : ip.oem4f (.text:IPRtChange)
                  00010a70    00000018               : rawethsock_pcb.oem4f (.text:RawEthSockPcbCleanup)
                  00010a88    00000018     nettool_ipv4.aem4f : ipaddr.oem4f (.text:RouteHook)
                  00010aa0    00000018     stk.aem4f : tcpin.oem4f (.text:SEQ_GEQ)
                  00010ab8    00000018               : tcpout.oem4f (.text:SEQ_GEQ)
                  00010ad0    00000018               : tcpin.oem4f (.text:SEQ_GT)
                  00010ae8    00000018               : tcpout.oem4f (.text:SEQ_GT)
                  00010b00    00000018               : tcpin.oem4f (.text:SEQ_LEQ)
                  00010b18    00000018               : tcpout.oem4f (.text:SEQ_LEQ)
                  00010b30    00000018               : tcpin.oem4f (.text:SEQ_LT)
                  00010b48    00000018               : tcpout.oem4f (.text:SEQ_LT)
                  00010b60    00000018               : tcp.oem4f (.text:TcpTimeoutAdd)
                  00010b78    00000018     nettool_ipv4.aem4f : dhcpsock.oem4f (.text:dhcpSocketClose)
                  00010b90    00000018     stk.aem4f : listlib.oem4f (.text:list_add)
                  00010ba8    00000018     rtsv7M4_T_le_v4SPD16_eabi.lib : args_main.obj (.text)
                  00010bc0    00000018                                   : strcmp.obj (.text)
                  00010bd8    00000018     tcpEcho_pem4f.oem4f (.text:ti_sysbios_BIOS_rtsUnlock__I)
                  00010bf0    00000018     tcpEcho_pem4f.oem4f (.text:ti_sysbios_family_arm_lm4_Timer_Module__startupDone__F)
                  00010c08    00000018     tcpEcho_pem4f.oem4f (.text:ti_sysbios_family_arm_m3_Hwi_Module__startupDone__F)
                  00010c20    00000018     sysbios.aem4f : m3_TaskSupport_asm.obj (.text:ti_sysbios_family_arm_m3_TaskSupport_swap__E)
                  00010c38    00000018                   : BIOS.obj (.text:ti_sysbios_gates_GateMutex_leave__E)
                  00010c50    00000018     ti.targets.arm.rtsarm.aem4f : Error.oem4f (.text:xdc_runtime_Error_check__E)
                  00010c68    00000018                                 : System.oem4f (.text:xdc_runtime_System_exit__E)
                  00010c80    00000018                                 : Text.oem4f (.text:xdc_runtime_Text_ropeText__E)
                  00010c98    00000016     driverlib.lib : emac.obj (.text:EMACReset)
                  00010cae    00000016                   : emac.obj (.text:EMACRxEnable)
                  00010cc4    00000016                   : emac.obj (.text:EMACTxEnable)
                  00010cda    00000016     stk.aem4f : file.oem4f (.text:fdint_freefdt)
                  00010cf0    00000016     tcpEcho_pem4f.oem4f (.text:ti_sysbios_BIOS_exitFunc__I)
                  00010d06    00000016     tcpEcho.obj (.text:ti_sysbios_knl_Task_Params_init)
                  00010d1c    00000016     tcpEchoHooks.obj (.text:ti_sysbios_knl_Task_Params_init)
                  00010d32    00000016     ti.targets.arm.rtsarm.aem4f : System.oem4f (.text:xdc_runtime_System_vsprintf__E)
                  00010d48    00000014     stk.aem4f : bind.oem4f (.text:BindIPHost2IF)
                  00010d5c    00000014     driverlib.lib : flash.obj (.text:FlashUserGet)
                  00010d70    00000014     netctrl_min_ipv4.aem4f : netctrl.oem4f (.text:NC_NetStop)
                  00010d84    00000014     os.aem4f : task.oem4f (.text:NDK_hookExit)
                  00010d98    00000014     stk.aem4f : nimu.oem4f (.text:NIMUSendPacket)
                  00010dac    00000014     nettool_ipv4.aem4f : ipaddr.oem4f (.text:NtRemoveNetwork)
                  00010dc0    00000014     stk.aem4f : rawethsock_pcb.oem4f (.text:RawEthSockPcbInit)
                  00010dd4    00000014               : timer.oem4f (.text:TimerFree)
                  00010de8    00000014     tcpEcho.obj (.text:connect)
                  00010dfc    00000014     rtsv7M4_T_le_v4SPD16_eabi.lib : _lock.obj (.text)
                  00010e10    00000014                                   : strcpy.obj (.text)
                  00010e24    00000014                                   : strlen.obj (.text)
                  00010e38    00000014     tcpEcho.obj (.text:socket)
                  00010e4c    00000014     tcpEcho_pem4f.oem4f (.text:ti_ndk_config_global_taskExitHook)
                  00010e60    00000014     tcpEcho_pem4f.oem4f (.text:ti_sysbios_family_arm_m3_Hwi_Object__get__S)
                  00010e74    00000004     --HOLE-- [fill = 0]
                  00010e78    00000014     sysbios.aem4f : BIOS.obj (.text:ti_sysbios_family_arm_m3_Hwi_switchFromBootStack__E)
                  00010e8c    00000014     tcpEcho_pem4f.oem4f (.text:ti_sysbios_heaps_HeapMem_Object__get__S)
                  00010ea0    00000014     tcpEcho_pem4f.oem4f (.text:ti_sysbios_knl_Swi_Object__get__S)
                  00010eb4    00000014     tcpEcho_pem4f.oem4f (.text:ti_sysbios_knl_Task_Object__first__S)
                  00010ec8    00000014     tcpEcho_pem4f.oem4f (.text:ti_sysbios_knl_Task_Object__next__S)
                  00010edc    00000012     driverlib.lib : gpio.obj (.text:GPIOPinTypeEthernetLED)
                  00010eee    00000012     stk.aem4f : sockprot.oem4f (.text:SockPrAttach)
                  00010f00    00000012               : sockint.oem4f (.text:SockSetOOBData)
                  00010f12    00000012     nettool_ipv4.aem4f : inetaddr.oem4f (.text:inet_addr)
                  00010f24    00000004     --HOLE-- [fill = 0]
                  00010f28    00000012     sysbios.aem4f : BIOS.obj (.text:ti_sysbios_hal_Hwi_Module_startup__E)
                  00010f3a    00000006     driverlib.lib : emac.obj (.text:EMACTxDMADescriptorListSet)
                  00010f40    00000012     sysbios.aem4f : BIOS.obj (.text:ti_sysbios_knl_Semaphore_reset__E)
                  00010f52    00000012     tcpEcho_pem4f.oem4f (.text:xdc_runtime_Startup_exec__I)
                  00010f64    00000010     tcpEcho_pem4f.oem4f (.text:.bootCodeSection:ti_catalog_arm_cortexm4_tiva_ce_Boot_init__I)
                  00010f74    00000010     stk.aem4f : bind.oem4f (.text:BindIF2IPHost)
                  00010f84    00000010               : bind.oem4f (.text:BindIFNet2IPHost)
                  00010f94    00000010     driverlib.lib : emac.obj (.text:EMACFrameFilterSet)
                  00010fa4    00000010     stk.aem4f : exec.oem4f (.text:ExecHRef)
                  00010fb4    00000010     netctrl_min_ipv4.aem4f : netctrl.oem4f (.text:NC_IPUpdate)
                  00010fc4    00000010     stk.aem4f : nimu.oem4f (.text:NIMUGetRsvdSizeInfo)
                  00010fd4    00000004     --HOLE-- [fill = 0]
                  00010fd8    00000010     sysbios.aem4f : BIOS.obj (.text:ti_sysbios_BIOS_getCpuFreq__E)
                  00010fe8    00000010                   : BIOS.obj (.text:ti_sysbios_BIOS_setThreadType__E)
                  00010ff8    00000010                   : BIOS.obj (.text:ti_sysbios_BIOS_start__E)
                  00011008    00000010                   : m3_TaskSupport_asm.obj (.text:ti_sysbios_family_arm_m3_TaskSupport_glue)
                  00011018    00000010                   : BIOS.obj (.text:ti_sysbios_gates_GateMutex_Instance_finalize__E)
                  00011028    00000010                   : BIOS.obj (.text:ti_sysbios_knl_Semaphore_Instance_finalize__E)
                  00011038    00000010                   : BIOS.obj (.text:ti_sysbios_knl_Swi_disable__E)
                  00011048    00000010     tcpEcho_pem4f.oem4f (.text:ti_sysbios_knl_Task_Object__get__S)
                  00011058    00000010     sysbios.aem4f : BIOS.obj (.text:ti_sysbios_knl_Task_disable__E)
                  00011068    00000010     ti.targets.arm.rtsarm.aem4f : Gate.oem4f (.text:xdc_runtime_Gate_leaveSystem__E)
                  00011078    00000010                                 : Memory.oem4f (.text:xdc_runtime_Memory_free__E)
                  00011088    00000010                                 : SysMin.oem4f (.text:xdc_runtime_SysMin_ready__E)
                  00011098    00000010                                 : System.oem4f (.text:xdc_runtime_System_vsnprintf__E)
                  000110a8    00000010     tcpEcho_pem4f.oem4f (.text:xdc_runtime_Text_visitRope__I)
                  000110b8    0000000e     drivers_tivaware.aem4f : EMACSnow.oem4f (.text:EMACSnow_emacioctl)
                  000110c6    0000000e     stk.aem4f : exec.oem4f (.text:ExecLowResource)
                  000110d4    0000000e     driverlib.lib : gpio.obj (.text:GPIOIntStatus)
                  000110e2    0000000e     rtsv7M4_T_le_v4SPD16_eabi.lib : copy_decompress_none.obj (.text:decompress:none)
                  000110f0    0000000e     sysbios.aem4f : BIOS.obj (.text:ti_sysbios_knl_Idle_loop__E)
                  000110fe    00000002     --HOLE-- [fill = 0]
                  00011100    0000000e                   : BIOS.obj (.text:ti_sysbios_knl_Queue_empty__E)
                  0001110e    00000002     --HOLE-- [fill = 0]
                  00011110    0000000c     stk.aem4f : bind.oem4f (.text:BindGetFirst)
                  0001111c    0000000c     nettool_ipv4.aem4f : config.oem4f (.text:CfgSetDefault)
                  00011128    0000000c     drivers_tivaware.aem4f : EMACSnow.oem4f (.text:EMACSnow_init)
                  00011134    0000000c     os.aem4f : task.oem4f (.text:NDK_hookInit)
                  00011140    0000000c     stk.aem4f : nimu.oem4f (.text:NIMUSetRsvdSizeInfo)
                  0001114c    0000000c     os.aem4f : task.oem4f (.text:NotifyLowResource)
                  00011158    0000000c     stk.aem4f : pbm.oem4f (.text:PBM_close)
                  00011164    0000000c     os.aem4f : semaphore.oem4f (.text:SemDelete)
                  00011170    0000000c     hal_timer_bios.aem4f : lltimer.oem4f (.text:_llTimerShutdown)
                  0001117c    0000000c     rtsv7M4_T_le_v4SPD16_eabi.lib : copy_zero_init.obj (.text:decompress:ZI)
                  00011188    0000000c     hal_timer_bios.aem4f : lltimer.oem4f (.text:llTimerGetStartTime)
                  00011194    00000004     --HOLE-- [fill = 0]
                  00011198    0000000c     sysbios.aem4f : BIOS.obj (.text:ti_sysbios_BIOS_getThreadType__E)
                  000111a4    00000004     --HOLE-- [fill = 0]
                  000111a8    0000000c                   : BIOS.obj (.text:ti_sysbios_family_arm_lm4_Timer_getMaxTicks__E)
                  000111b4    0000000c     tcpEcho_pem4f.oem4f (.text:ti_sysbios_family_arm_m3_Hwi_Params__init__S)
                  000111c0    0000000c     sysbios.aem4f : BIOS.obj (.text:ti_sysbios_family_arm_m3_Hwi_disableFxn__E)
                  000111cc    00000004     --HOLE-- [fill = 0]
                  000111d0    0000000c                   : BIOS.obj (.text:ti_sysbios_family_arm_m3_TaskSupport_checkStack__E)
                  000111dc    00000004     --HOLE-- [fill = 0]
                  000111e0    0000000c                   : BIOS.obj (.text:ti_sysbios_family_arm_m3_TaskSupport_getStackAlignment__E)
                  000111ec    00000004     --HOLE-- [fill = 0]
                  000111f0    0000000c                   : BIOS.obj (.text:ti_sysbios_gates_GateHwi_enter__E)
                  000111fc    0000000c     tcpEcho_pem4f.oem4f (.text:ti_sysbios_knl_Clock_Params__init__S)
                  00011208    0000000c     sysbios.aem4f : BIOS.obj (.text:ti_sysbios_knl_Clock_getTicks__E)
                  00011214    0000000c     tcpEcho_pem4f.oem4f (.text:ti_sysbios_knl_Queue_Object__get__S)
                  00011220    0000000c     tcpEcho_pem4f.oem4f (.text:ti_sysbios_knl_Semaphore_Params__init__S)
                  0001122c    0000000c     tcpEcho_pem4f.oem4f (.text:ti_sysbios_knl_Task_Params__init__S)
                  00011238    0000000c     sysbios.aem4f : BIOS.obj (.text:ti_sysbios_knl_Task_getIdleTask__E)
                  00011244    00000004     --HOLE-- [fill = 0]
                  00011248    0000000c                   : BIOS.obj (.text:ti_sysbios_knl_Task_self__E)
                  00011254    0000000c     ti.targets.arm.rtsarm.aem4f : Error.oem4f (.text:xdc_runtime_Error_init__E)
                  00011260    0000000c                                 : Gate.oem4f (.text:xdc_runtime_Gate_enterSystem__E)
                  0001126c    0000000c                                 : Memory.oem4f (.text:xdc_runtime_Memory_calloc__E)
                  00011278    0000000c                                 : Memory.oem4f (.text:xdc_runtime_Memory_getMaxDefaultTypeAlign__E)
                  00011284    0000000a     tcpEcho.obj (.text:delay)
                  0001128e    0000000a     stk.aem4f : file.oem4f (.text:fdint_signalevent)
                  00011298    0000000a               : file.oem4f (.text:fdint_signaltimeout)
                  000112a2    0000000a     tcpEcho_pem4f.oem4f (.text:xdc_runtime_IHeap_alloc)
                  000112ac    0000000a     tcpEcho_pem4f.oem4f (.text:xdc_runtime_IHeap_free)
                  000112b6    00000008     EK_TM4C1294XL.obj (.text:EK_TM4C1294XL_initGPIO)
                  000112be    00000008     driverlib.lib : emac.obj (.text:EMACTxDMAPollDemand)
                  000112c6    00000008     stk.aem4f : node.oem4f (.text:NodeFree)
                  000112ce    00000008     os.aem4f : task.oem4f (.text:TaskBlock)
                  000112d6    00000008     sysbios.aem4f : BIOS.obj (.text:ti_sysbios_family_arm_lm4_Timer_masterDisable__I)
                  000112de    00000002     --HOLE-- [fill = 0]
                  000112e0    00000008                   : BIOS.obj (.text:ti_sysbios_family_arm_m3_Hwi_doSwiRestore__I)
                  000112e8    00000008                   : BIOS.obj (.text:ti_sysbios_family_arm_m3_Hwi_startup__E)
                  000112f0    00000008                   : BIOS.obj (.text:ti_sysbios_knl_Task_getHookContext__E)
                  000112f8    00000008                   : BIOS.obj (.text:ti_sysbios_knl_Task_setHookContext__E)
                  00011300    00000006     driverlib.lib : gpio.obj (.text:GPIOIntClear)
                  00011306    00000006                   : gpio.obj (.text:GPIOPinWrite)
                  0001130c    00000006                   : sysctl.obj (.text:SysCtlDelay)
                  00011312    00000006     stk.aem4f : tcpprot.oem4f (.text:TcpPrRecv)
                  00011318    00000006     ti.targets.arm.rtsarm.aem4f : xdc_noinit.oem4f (.text:__xdc__init)
                  0001131e    00000002     --HOLE-- [fill = 0]
                  00011320    00000006     sysbios.aem4f : BIOS.obj (.text:ti_sysbios_family_arm_m3_Hwi_doTaskRestore__I)
                  00011326    00000002     --HOLE-- [fill = 0]
                  00011328    00000006                   : BIOS.obj (.text:ti_sysbios_family_arm_m3_Hwi_restoreFxn__E)
                  0001132e    00000002     --HOLE-- [fill = 0]
                  00011330    00000006                   : BIOS.obj (.text:ti_sysbios_gates_GateHwi_leave__E)
                  00011336    00000002     --HOLE-- [fill = 0]
                  00011338    00000006                   : BIOS.obj (.text:ti_sysbios_heaps_HeapMem_isBlocking__E)
                  0001133e    00000002     --HOLE-- [fill = 0]
                  00011340    00000006                   : BIOS.obj (.text:ti_sysbios_knl_Queue_Instance_init__E)
                  00011346    00000002     --HOLE-- [fill = 0]
                  00011348    00000006                   : BIOS.obj (.text:ti_sysbios_knl_Swi_startup__E)
                  0001134e    00000006     ti.targets.arm.rtsarm.aem4f : System.oem4f (.text:xdc_runtime_System_Module_startup__E)
                  00011354    00000004     --HOLE-- [fill = 0]
                  00011358    00000004     sysbios.aem4f : BIOS.obj (.text:ti_sysbios_gates_GateHwi_query__E)
                  0001135c    00000004     --HOLE-- [fill = 0]
                  00011360    00000004                   : BIOS.obj (.text:ti_sysbios_gates_GateMutex_query__E)
                  00011364    00000004     --HOLE-- [fill = 0]
                  00011368    00000004                   : BIOS.obj (.text:ti_sysbios_knl_Task_startup__E)
                  0001136c    00000004     --HOLE-- [fill = 0]
                  00011370    00000002                   : BIOS.obj (.text:ti_sysbios_gates_GateHwi_Instance_init__E)
                  00011372    00000006     --HOLE-- [fill = 0]
                  00011378    00000002                   : BIOS.obj (.text:ti_sysbios_knl_Clock_logTick__E)
                  0001137a    00000006     --HOLE-- [fill = 0]
                  00011380    00000002                   : BIOS.obj (.text:ti_sysbios_knl_Swi_Instance_finalize__E)

.const     0    00011384    00002570     
                  00011384    0000191d     tcpEcho_pem4f.oem4f (.const:xdc_runtime_Text_charTab__A)
                  00012ca1    00000001     tcpEcho_pem4f.oem4f (.const:xdc_runtime_Error_policy__C)
                  00012ca2    00000002     tcpEcho_pem4f.oem4f (.const:ti_catalog_arm_cortexm4_tiva_ce_Boot_Module__id__C)
                  00012ca4    00000120     Boot.aem4f : Boot_sysctl.oem4f (.const:g_pppui32XTALtoVCO)
                  00012dc4    00000120     driverlib.lib : sysctl.obj (.const:g_pppui32XTALtoVCO)
                  00012ee4    00000104     tcpEcho_pem4f.oem4f (.const:.string)
                  00012fe8    000000d4     tcpEcho_pem4f.oem4f (.const:xdc_runtime_Text_nodeTab__A)
                  000130bc    00000090     driverlib.lib : gpio.obj (.const:g_pui32GPIOBaseAddrs)
                  0001314c    0000006c     Boot.aem4f : Boot_sysctl.oem4f (.const:g_pui32Xtals)
                  000131b8    0000006c     driverlib.lib : sysctl.obj (.const:g_pui32Xtals)
                  00013224    00000054     drivers_tivaware.aem4f : GPIOTiva.oem4f (.const:.string)
                  00013278    00000054     stk.aem4f : sockprot.oem4f (.const:Code2Err)
                  000132cc    00000048     drivers_tivaware.aem4f : GPIOTiva.oem4f (.const:gpioBaseAddresses)
                  00013314    0000003e     stk.aem4f : rtc.oem4f (.const:.string)
                  00013352    00000002     tcpEcho_pem4f.oem4f (.const:ti_sysbios_family_arm_m3_Hwi_Module__id__C)
                  00013354    0000003c     tcpEcho_pem4f.oem4f (.const:ti_sysbios_knl_Task_Object__PARAMS__C)
                  00013390    00000030     Boot.aem4f : Boot_sysctl.oem4f (.const:g_sXTALtoMEMTIM)
                  000133c0    00000030     driverlib.lib : sysctl.obj (.const:g_sXTALtoMEMTIM)
                  000133f0    00000030     tcpEcho_pem4f.oem4f (.const:ti_sysbios_family_arm_m3_Hwi_Object__PARAMS__C)
                  00013420    00000028     tcpEcho_pem4f.oem4f (.const:ti_sysbios_heaps_HeapMem_Module__FXNS__C)
                  00013448    00000028     tcpEcho_pem4f.oem4f (.const:ti_sysbios_knl_Swi_Object__PARAMS__C)
                  00013470    00000024     tcpEcho_pem4f.oem4f (.const:ti_sysbios_gates_GateHwi_Module__FXNS__C)
                  00013494    00000024     tcpEcho_pem4f.oem4f (.const:ti_sysbios_gates_GateMutex_Module__FXNS__C)
[...]
00013564  ti_sysbios_gates_GateMutex_Object__DESC__C                           
00013584  ti_sysbios_heaps_HeapMem_Object__DESC__C                             
000135a4  ti_sysbios_knl_Clock_Object__DESC__C                                 
000135c4  ti_sysbios_knl_Queue_Object__DESC__C                                 
000135e4  ti_sysbios_knl_Semaphore_Object__DESC__C                             
00013604  ti_sysbios_knl_Swi_Object__DESC__C                                   
00013624  ti_sysbios_knl_Task_Object__DESC__C                                  
00013644  xdc_runtime_Startup_sfxnTab__A                                       
00013664  EMAC_config                                                          
00013694  ti_ndk_config_Global_rawPageSize                                     
00013698  ti_ndk_config_Global_rawPageCount                                    
0001369c  ti_ndk_config_Global_smallest                                        
000136a0  ti_ndk_config_Global_largest                                         
000136a4  ti_ndk_config_Global_numFrameBuf                                     
000136a8  ti_ndk_config_Global_sizeFrameBuf                                    
000136ac  ti_sysbios_gates_GateHwi_Object__PARAMS__C                           
000136c4  ti_sysbios_gates_GateMutex_Object__PARAMS__C                         
000136dc  ti_sysbios_knl_Queue_Object__PARAMS__C                               
000136f4  ti_sysbios_knl_Task_hooks__A                                         
0001370c  GPIOTiva_config                                                      
00013720  xdc_runtime_Startup_firstFxns__A                                     
00013734  emacHWAttrs                                                          
00013744  xdc_runtime_Startup_sfxnRts__A                                       
00013764  EMACSnow_fxnTable                                                    
0001376c  ti_sysbios_family_arm_m3_Hwi_excHookFuncs__A                         
00013774  ti_sysbios_knl_Idle_funcList__A                                      
0001377c  ti_sysbios_knl_Idle_funcList__C                                      
00013784  ti_sysbios_knl_Task_hooks__C                                         
0001378c  xdc_runtime_Startup_firstFxns__C                                     
00013794  xdc_runtime_Startup_lastFxns__C                                      
0001379c  ti_catalog_arm_cortexm4_tiva_ce_Boot_A_mustNotUseEnhancedClockMode__C
000137a0  ti_catalog_arm_cortexm4_tiva_ce_Boot_Module__diagsEnabled__C         
000137a4  ti_catalog_arm_cortexm4_tiva_ce_Boot_Module__diagsIncluded__C        
000137a8  ti_catalog_arm_cortexm4_tiva_ce_Boot_Module__diagsMask__C            
000137ac  ti_sysbios_family_arm_lm4_Timer_enableFunc__C                        
000137b0  ti_sysbios_family_arm_lm4_Timer_numTimerDevices__C                   
000137b4  ti_sysbios_family_arm_lm4_Timer_startupNeeded__C                     
000137b8  ti_sysbios_family_arm_m3_Hwi_E_NMI__C                                
000137bc  ti_sysbios_family_arm_m3_Hwi_E_alreadyDefined__C                     
000137c0  ti_sysbios_family_arm_m3_Hwi_E_busFault__C                           
000137c4  ti_sysbios_family_arm_m3_Hwi_E_debugMon__C                           
000137c8  ti_sysbios_family_arm_m3_Hwi_E_hardFault__C                          
000137cc  ti_sysbios_family_arm_m3_Hwi_E_memFault__C                           
000137d0  ti_sysbios_family_arm_m3_Hwi_E_noIsr__C                              
000137d4  ti_sysbios_family_arm_m3_Hwi_E_reserved__C                           
000137d8  ti_sysbios_family_arm_m3_Hwi_E_svCall__C                             
000137dc  ti_sysbios_family_arm_m3_Hwi_E_usageFault__C                         
000137e0  ti_sysbios_family_arm_m3_Hwi_NUM_INTERRUPTS__C                       
000137e4  ti_sysbios_family_arm_m3_Hwi_Object__count__C                        
000137e8  ti_sysbios_family_arm_m3_Hwi_ccr__C                                  
000137ec  ti_sysbios_family_arm_m3_Hwi_excHandlerFunc__C                       
000137f0  ti_sysbios_family_arm_m3_Hwi_excHookFuncs__C                         
000137f4  ti_sysbios_family_arm_m3_Hwi_nullIsrFunc__C                          
000137f8  ti_sysbios_family_arm_m3_Hwi_priGroup__C                             
000137fc  ti_sysbios_family_arm_m3_TaskSupport_stackAlignment__C               
00013800  ti_sysbios_gates_GateMutex_Instance_State_sem__O                     
00013804  ti_sysbios_hal_Hwi_E_stackOverflow__C                                
00013808  ti_sysbios_heaps_HeapMem_E_memory__C                                 
0001380c  ti_sysbios_heaps_HeapMem_Module__gateObj__C                          
00013810  ti_sysbios_heaps_HeapMem_Object__count__C                            
00013814  ti_sysbios_heaps_HeapMem_reqAlign__C                                 
00013818  ti_sysbios_knl_Clock_Module_State_clockQ__O                          
0001381c  ti_sysbios_knl_Semaphore_Instance_State_pendQ__O                     
00013820  ti_sysbios_knl_Swi_Object__count__C                                  
00013824  ti_sysbios_knl_Task_E_deleteNotAllowed__C                            
00013828  ti_sysbios_knl_Task_E_spOutOfBounds__C                               
0001382c  ti_sysbios_knl_Task_E_stackOverflow__C                               
00013830  ti_sysbios_knl_Task_Module_State_inactiveQ__O                        
00013834  ti_sysbios_knl_Task_Module_State_terminatedQ__O                      
00013838  ti_sysbios_knl_Task_Object__count__C                                 
0001383c  ti_sysbios_knl_Task_Object__heap__C                                  
00013840  ti_sysbios_knl_Task_allBlockedFunc__C                                
00013844  ti_sysbios_knl_Task_defaultStackHeap__C                              
00013848  ti_sysbios_knl_Task_defaultStackSize__C                              
0001384c  ti_sysbios_knl_Task_numConstructedTasks__C                           
00013850  xdc_runtime_Assert_E_assertFailed__C                                 
00013854  xdc_runtime_Core_A_initializedParams__C                              
00013858  xdc_runtime_Core_Module__diagsEnabled__C                             
0001385c  xdc_runtime_Core_Module__diagsIncluded__C                            
00013860  xdc_runtime_Core_Module__diagsMask__C                                
00013864  xdc_runtime_Error_E_memory__C                                        
00013868  xdc_runtime_Error_Module__diagsEnabled__C                            
0001386c  xdc_runtime_Error_Module__diagsIncluded__C                           
00013870  xdc_runtime_Error_Module__diagsMask__C                               
00013874  xdc_runtime_Error_Module__loggerFxn8__C                              
00013878  xdc_runtime_Error_Module__loggerObj__C                               
0001387c  xdc_runtime_Error_policyFxn__C                                       
00013880  xdc_runtime_Error_raiseHook__C                                       
00013884  xdc_runtime_IGateProvider_Interface__BASE__C                         
00013888  xdc_runtime_IHeap_Interface__BASE__C                                 
0001388c  xdc_runtime_IModule_Interface__BASE__C                               
00013890  xdc_runtime_Log_L_error__C                                           
00013894  xdc_runtime_Memory_defaultHeapInstance__C                            
00013898  xdc_runtime_Startup_execImpl__C                                      
0001389c  xdc_runtime_Startup_maxPasses__C                                     
000138a0  xdc_runtime_Startup_sfxnRts__C                                       
000138a4  xdc_runtime_Startup_sfxnTab__C                                       
000138a8  xdc_runtime_SysMin_bufSize__C                                        
000138ac  xdc_runtime_SysMin_outputFunc__C                                     
000138b0  xdc_runtime_System_Module__gateObj__C                                
000138b4  xdc_runtime_System_abortFxn__C                                       
000138b8  xdc_runtime_System_exitFxn__C                                        
000138bc  xdc_runtime_System_extendFxn__C                                      
000138c0  xdc_runtime_System_maxAtexitHandlers__C                              
000138c4  xdc_runtime_Text_charTab__C                                          
000138c8  xdc_runtime_Text_nameEmpty__C                                        
000138cc  xdc_runtime_Text_nameStatic__C                                       
000138d0  xdc_runtime_Text_nameUnknown__C                                      
000138d4  xdc_runtime_Text_nodeTab__C                                          
000138d8  xdc_runtime_Text_visitRopeFxn__C                                     
000138dc  ti_sysbios_hal_Hwi_Module__id__C                                     
000138de  ti_sysbios_heaps_HeapMem_Module__id__C                               
000138e0  ti_sysbios_knl_Task_Module__id__C                                    
000138e2  xdc_runtime_Core_Module__id__C                                       
000138e4  xdc_runtime_Error_Module__loggerDefined__C                           
000138e6  xdc_runtime_Error_maxDepth__C                                        
000138e8  xdc_runtime_Memory_Module__id__C                                     
000138ea  xdc_runtime_SysMin_flushAtExit__C                                    
000138ec  xdc_runtime_Text_charCnt__C                                          
000138ee  xdc_runtime_Text_isLoaded__C                                         
000138f0  xdc_runtime_Text_registryModsLastId__C                               
000138f2  xdc_runtime_Text_unnamedModsLastId__C                                
000138f8  __TI_static_base__                                                   
00013c5c  __TI_Handler_Table_Base                                              
00013c68  __TI_Handler_Table_Limit                                             
00013c78  __TI_CINIT_Base                                                      
00013c90  __TI_CINIT_Limit                                                     
20000000  ti_sysbios_family_arm_m3_Hwi_ramVectors                              
20000380  ti_sysbios_heaps_HeapMem_Instance_State_0_buf__A                     
20005380  ti_ndk_config_Global_pit                                             
20005428  ti_ndk_config_Global_pitBuffer                                       
20009c28  _ICMPIn                                                              
20009c74  PBMQ_free                                                            
20009c80  ti_ndk_config_Global_pBufMem                                         
2000d880  ti_ndk_config_Global_pHdrMem                                         
2000db78  ti_sysbios_knl_Task_Instance_State_0_stack__A                        
2000e178  ti_sysbios_knl_Task_Instance_State_1_stack__A                        
2000e378  ti_sysbios_family_arm_m3_Hwi_dispatchTable                           
2000e6d8  __CIOBUF_                                                            
2000e8f8  tcps                                                                 
2000ec14  xdc_runtime_SysMin_Module_State_0_outbuf__A                          
2000ec94  ips                                                                  
2000ecfc  nimu_mcb                                                             
2000ed60  _ICMPOut                                                             
2000edec  vlan_mcb                                                             
2000ee38  udps                                                                 
2000ee5c  BlockCount                                                           
2000ee78  BlockMax                                                             
2000ee94  PageCount                                                            
2000eeb0  PageMax                                                              
2000eecc  stkEvent                                                             
2000ef08  raweths                                                              
2000ef18  raws                                                                 
2000ef28  tpseudo                                                              
2000ef34  upseudo                                                              
2000ef48  emacObjects                                                          
2000ef74  _IGMPInDiscard                                                       
2000ef78  _IGMPInQuery                                                         
2000ef7c  _IGMPInQueryGroup                                                    
2000ef80  _IGMPInResponse                                                      
2000ef84  _IGMPOutResponse                                                     
2000ef88  g_ui32SysClock                                                       
2000ef8c  g_ulStatus                                                           
2000efa0  raweth_pcb                                                           
2000efa4  ti_sysbios_knl_Task_Instance_State_0_hookEnv__A                      
2000efa8  ti_sysbios_knl_Task_Instance_State_1_hookEnv__A                      
2000efac  _ipcfg                                                               
2000f060  ti_sysbios_knl_Task_Object__table__V                                 
2000f0f8  ti_sysbios_knl_Swi_Module_State_0_readyQ__A                          
2000f178  ti_sysbios_knl_Task_Module_State_0_readyQ__A                         
2000f246  ti_sysbios_family_arm_m3_Hwi_Module_State_0_excActive__A             
2000f248  ti_sysbios_knl_Task_Module__state__V                                 
2000f30c  ti_sysbios_family_arm_lm4_Timer_Module_State_0_device__A             
2000f34c  ti_sysbios_family_arm_lm4_Timer_Object__table__V                     
2000f38c  ti_sysbios_gates_GateMutex_Object__table__V                          
2000f3f8  ti_sysbios_family_arm_m3_Hwi_Module__state__V                        
2000f42c  enablePrefetch                                                       
2000f430  phyCounter                                                           
2000f45e  xdc_runtime_Error_Module__state__V                                   
2000f490  ti_sysbios_knl_Swi_Object__table__V                                  
2000f4c0  ti_sysbios_knl_Clock_Module__state__V                                
2000f4ec  pstrMsgName                                                          
2000f514  _oscfg                                                               
2000f538  PITCount                                                             
2000f53c  PITUsed                                                              
2000f540  PITHigh                                                              
2000f55c  ti_sysbios_BIOS_Module__state__V                                     
2000f580  ti_sysbios_family_arm_lm4_Timer_Module_State_0_handles__A            
2000f5bc  ti_ndk_config_Global_Id2Size                                         
2000f5d8  ti_sysbios_knl_Swi_Module__state__V                                  
2000f624  ti_ndk_config_Global_HostName                                        
2000f628  LocalIPAddr                                                          
2000f62c  LocalIPMask                                                          
2000f630  GatewayIP                                                            
2000f634  DomainName                                                           
2000f638  __xdc__init__addr                                                    
2000f63c  ti_sysbios_family_arm_m3_Hwi_Object__table__V                        
2000f654  ti_sysbios_heaps_HeapMem_Object__table__V                            
2000f680  gpioPinConfigs                                                       
2000f698  _IGMPForceVersion1                                                   
2000f6a0  __TI_cleanup_ptr                                                     
2000f6a4  __TI_dtors_ptr                                                       
2000f6a8  __TI_enable_exit_profile_output                                      
2000f6ac  ti_sysbios_family_arm_lm4_Timer_Module__state__V                     
2000f6b8  xdc_runtime_SysMin_Module__state__V                                  
2000f6d0  _lock                                                                
2000f6d4  _unlock                                                              
2000f6d8  NIMUDeviceTable                                                      
2000f6e0  gpioCallbackFunctions                                                
2000f6f8  _ICMPInErrors                                                        
2000f6fc  _ICMPOutErrors                                                       
2000f700  _IPExecuting                                                         
2000f718  tcp_iss                                                              
2000f71c  ptTimeFirst                                                          
2000f728  ti_sysbios_family_arm_m3_Hwi_Module__root__V                         
2000f730  ti_sysbios_gates_GateHwi_Module__root__V                             
2000f738  ti_sysbios_gates_GateMutex_Module__root__V                           
2000f740  ti_sysbios_heaps_HeapMem_Module__root__V                             
2000f748  ti_sysbios_knl_Clock_Module__root__V                                 
2000f750  ti_sysbios_knl_Queue_Module__root__V                                 
2000f758  ti_sysbios_knl_Semaphore_Module__root__V                             
2000f760  ti_sysbios_knl_Swi_Module__root__V                                   
2000f768  ti_sysbios_knl_Task_Module__root__V                                  
2000f770  xdc_runtime_Registry_Module__state__V                                
2000f778  xdc_runtime_Startup_Module__state__V                                 
2000f780  xdc_runtime_System_Module_State_0_atexitHandlers__A                  
2000f788  xdc_runtime_System_Module__state__V                                  
2000f790  macAddress                                                           
2000f7b0  main_func_sp                                                         
2000f7b8  _IPReasmPtr                                                          
2000f7c8  ti_sysbios_family_arm_m3_Hwi_Module_State_0_excContext__A            
2000f7cc  ti_sysbios_family_arm_m3_Hwi_Module_State_0_excStack__A              
2000f7d0  ti_sysbios_gates_GateHwi_Object__table__V                            
2000f7d4  ti_sysbios_knl_Task_Module_State_0_idleTask__A                       
2000f7d8  xdc_runtime_Memory_Module__state__V                                  
2000f7dc  __stack                                                              
2000ffdc  __STACK_END                                                          
e000e000  ti_sysbios_family_arm_m3_Hwi_nvic                                    
ffffffff  __TI_pprof_out_hndl                                                  
ffffffff  __TI_prof_data_size                                                  
ffffffff  __TI_prof_data_start                                                 
ffffffff  __binit__                                                            
ffffffff  __c_args__                                                           
ffffffff  binit                                                                
UNDEFED   SHT$$INIT_ARRAY$$Base                                                
UNDEFED   SHT$$INIT_ARRAY$$Limit                                               

[979 symbols]
